04-25 17:53:35.448 31900  1136 D NuPlayerDriver: NuPlayerDriver(0xc7c1e280) created, clientPid(6421)
04-25 17:53:35.455 31900  6629 D GenericSource: FileSource remote
04-25 17:53:35.458 31900  6629 E GenericSource: initFromDataSource, cannot create extractor!
04-25 17:53:35.458 31900  6629 E GenericSource: Failed to init from data source!
04-25 17:53:35.458 31900  6628 D NuPlayerDriver: notifyListener_l(0xc7c1e280), (100, 1, -2147483648, -1), loop setting(0, 0)
04-25 17:53:35.459  6421  6433 I chatty  : uid=10073(com.android.mediacenter) expire 1 line
04-25 17:53:35.504  6421  6451 I chatty  : uid=10073(com.android.mediacenter) expire 2 lines
04-25 17:53:35.505  6421  6486 I chatty  : uid=10073(com.android.mediacenter) expire 2 lines
04-25 17:53:35.543  6421  6441 I chatty  : uid=10073(com.android.mediacenter) expire 6 lines
04-25 17:53:35.656 31964 32557 W NotificationService: Toast already killed. pkg=com.android.mediacenter callback=android.app.ITransientNotification$Stub$Proxy@77f4098
04-25 17:53:35.657  6421  6630 I chatty  : uid=10073(com.android.mediacenter) expire 1 line
04-25 17:53:35.657  6421  6443 I chatty  : uid=10073(com.android.mediacenter) expire 6 lines
04-25 17:53:35.683  6421  6475 I chatty  : uid=10073(com.android.mediacenter) expire 1 line
04-25 17:53:35.684 31964 32557 I NotificationService: cancelToast pkg=com.android.mediacenter callback=android.app.ITransientNotification$Stub$Proxy@46d00f1
04-25 17:53:35.685 31964 32557 W NotificationService: Toast already cancelled. pkg=com.android.mediacenter callback=android.app.ITransientNotification$Stub$Proxy@46d00f1
04-25 17:53:35.734  6421  6631 I chatty  : uid=10073(com.android.mediacenter) expire 1 line
04-25 17:53:35.795   657   657 D QCOM PowerHAL: LAUNCH HINT: OFF
04-25 17:53:35.805  6421  6421 I chatty  : uid=10073(com.android.mediacenter) expire 65 lines
04-25 17:53:35.807  6421  6451 I chatty  : uid=10073(com.android.mediacenter) expire 1 line
04-25 17:53:35.807  6421  6452 I chatty  : uid=10073(com.android.mediacenter) expire 1 line
04-25 17:53:35.813   497   543 D SurfaceFlinger: duplicate layer name: changing Toast to Toast#1
04-25 17:53:36.080   497   543 W SurfaceFlinger: Attempting to destroy on removed layer: 99de790 Toast#0
04-25 17:53:36.326   497  1220 W SurfaceFlinger: Attempting to set client state on removed layer: Splash Screen com.android.mediacenter#0
04-25 17:53:36.326   497  1220 W SurfaceFlinger: Attempting to destroy on removed layer: Splash Screen com.android.mediacenter#0
04-25 17:53:36.380 31964  1845 I OpenGLRenderer: Initialized EGL, version 1.4
04-25 17:53:36.380 31964  1845 D OpenGLRenderer: Swap behavior 1
04-25 17:53:37.094 31964 31987 W WindowManager: Unable to start animation, surface is null or no children.
04-25 17:53:37.676 31964  6219 W NotificationService: Toast already killed. pkg=com.android.mediacenter callback=android.app.ITransientNotification$Stub$Proxy@3c025b
04-25 17:53:38.180   497   543 W SurfaceFlinger: Attempting to destroy on removed layer: 1a47357 Toast#0
04-25 17:53:39.189 31964 31987 W WindowManager: Unable to start animation, surface is null or no children.
04-25 17:53:39.810 31964 31964 V SettingsProvider: Notifying for 0: content://settings/system/screen_brightness
04-25 17:53:42.634 31964 31964 W WindowManager: removeWindowToken: Attempted to remove non-existing token: android.os.Binder@55f4bc6
04-25 17:53:43.809 31964 31964 V SettingsProvider: Notifying for 0: content://settings/system/screen_brightness
04-25 17:53:46.554 31964 31964 W WindowManager: removeWindowToken: Attempted to remove non-existing token: android.os.Binder@87931b7
04-25 17:53:48.652 31964 31964 W WindowManager: removeWindowToken: Attempted to remove non-existing token: android.os.Binder@156b275
04-25 17:53:52.176 31964 31964 V SettingsProvider: Notifying for 0: content://settings/system/screen_brightness
04-25 17:53:55.656   651   651 I /vendor/bin/hw/android.hardware.health@2.0-service.marlin: SRAM data: 2091000
04-25 17:54:00.390  6247  6247 W Handler01: type=1400 audit(0.0:1261): avc: denied { read } for name="u:object_r:serialno_prop:s0" dev="tmpfs" ino=14532 scontext=u:r:untrusted_app_27:s0:c512,c768 tcontext=u:object_r:serialno_prop:s0 tclass=file permissive=0
04-25 17:54:00.394  6226  6247 E libc    : Access denied finding property "ro.serialno"
04-25 17:54:03.427 31964  6219 I ActivityManager: START u0 {act=android.intent.action.VIEW dat=content://com.estrongs.files/storage/emulated/0/Music/ape/01.ape typ=audio/x-ape flg=0x4000003 cmp=com.android.mediacenter/.ui.player.oneshot.MediaPlaybackActivityStarter (has extras)} from uid 10074
04-25 17:54:03.429   657   657 D QCOM PowerHAL: LAUNCH HINT: ON
04-25 17:54:03.432   657   657 D QCOM PowerHAL: Activity launch hint handled
04-25 17:54:03.445  6421  6421 I chatty  : uid=10073(com.android.mediacenter) expire 103 lines
04-25 17:54:03.523  6421  6472 I chatty  : uid=10073(com.android.mediacenter) expire 88 lines
04-25 17:54:03.527 31964  6219 I ActivityManager: START u0 {flg=0x10020000 cmp=com.android.mediacenter/.ui.player.MediaPlayBackActivity (has extras)} from uid 10073
04-25 17:54:03.527 31964  6219 W ActivityManager: Activity is launching as a new task, so cancelling activity result.
04-25 17:54:03.534   657   657 D QCOM PowerHAL: LAUNCH HINT: ON
04-25 17:54:03.570 32545  5608 W droid.launcher: resources.arsc in APK '/data/app/com.estrongs.android.pop-V3EW63qJpeCRINkGufKBQw==/base.apk' is compressed.
04-25 17:54:03.701 31900  1137 D NuPlayerDriver: reset(0xc7c1e280) at state 2
04-25 17:54:03.704 31900  1137 D NuPlayerDriver: notifyListener_l(0xc7c1e280), (8, 0, 0, -1), loop setting(0, 0)
04-25 17:54:03.704 31900  6628 D NuPlayerDriver: notifyResetComplete(0xc7c1e280)
04-25 17:54:03.704 31900  1137 D NuPlayerDriver: reset(0xc7c1e280) at state 0
04-25 17:54:03.714 31900  1136 D NuPlayerDriver: NuPlayerDriver(0xc7c1df80) created, clientPid(6421)
04-25 17:54:03.725 31900  6643 D GenericSource: FileSource remote
04-25 17:54:03.729 31900  6643 E GenericSource: initFromDataSource, cannot create extractor!
04-25 17:54:03.729 31900  6643 E GenericSource: Failed to init from data source!
04-25 17:54:03.729 31900  6642 D NuPlayerDriver: notifyListener_l(0xc7c1df80), (100, 1, -2147483648, -1), loop setting(0, 0)
04-25 17:54:03.730  6421  6623 I chatty  : uid=10073(com.android.mediacenter) expire 1 line
04-25 17:54:03.773  6421  6472 I MediaPlaybackService: addToKtPlayHistoryIfNeed  isNeedNotify: false
04-25 17:54:03.773  6421  6475 I QueueManager: saveQueue,justSavePos: false, full:false
04-25 17:54:03.773  6421  6475 I QueueManager: saveQueue,playPos: -1
04-25 17:54:03.773  6421  6421 I PlayBackMenuFragment: onCreateView
04-25 17:54:03.777  6421  6421 I LanguageUtils:  dealViewMirror
04-25 17:54:03.777  6421  6421 I LanguageUtils: backgroundDrawable is null
04-25 17:54:03.778  6421  6421 I SkinConfig: View is null
04-25 17:54:03.778  6421  6421 E MusicUtils: This phone does not support DLNA!
04-25 17:54:03.780  6421  6421 I SeekBarFrament: onCreateView
04-25 17:54:03.787  6421  6421 I PlayControlButtonFragment: onCreateView
04-25 17:54:03.795  6421  6421 I LanguageUtils:  dealViewMirror
04-25 17:54:03.795  6421  6421 I LanguageUtils: backgroundDrawable is null
04-25 17:54:03.795  6421  6421 I LanguageUtils:  dealViewMirror
04-25 17:54:03.795  6421  6421 I LanguageUtils: backgroundDrawable is null
04-25 17:54:03.796  6421  6421 I LanguageUtils:  dealViewMirror
04-25 17:54:03.796  6421  6421 I LanguageUtils: backgroundDrawable is null
04-25 17:54:03.797  6421  6421 I MediaPlayBaseFragment: onStart
04-25 17:54:03.797  6421  6421 I ScreenUtils: is navigation bar hide false
04-25 17:54:03.797  6421  6421 I BaseSkinConfigFragment: mediaController registerCallback;
04-25 17:54:03.797  6421  6421 I MediaController: registerCallback
04-25 17:54:03.797  6421  6421 I MediaPlayBaseFragment: queueRefresh delay:600, isDetached:false
04-25 17:54:03.797  6421  6421 I BaseSkinConfigFragment: mediaController registerCallback;
04-25 17:54:03.797  6421  6421 I MediaController: registerCallback
04-25 17:54:03.798  6421  6421 I BaseSkinConfigFragment: mediaController registerCallback;
04-25 17:54:03.798  6421  6421 I MediaController: registerCallback
04-25 17:54:03.799  6421  6421 I BaseSkinConfigFragment: mediaController registerCallback;
04-25 17:54:03.799  6421  6421 I MediaController: registerCallback
04-25 17:54:03.800  6421  6421 I BaseSkinConfigFragment: mediaController registerCallback;
04-25 17:54:03.800  6421  6421 I MediaController: registerCallback
04-25 17:54:03.800  6421  6421 I BaseSkinConfigFragment: mediaController registerCallback;
04-25 17:54:03.800  6421  6421 I MediaController: registerCallback
04-25 17:54:03.800  6421  6421 I BaseSkinConfigFragment: mediaController registerCallback;
04-25 17:54:03.800  6421  6421 I MediaController: registerCallback
04-25 17:54:03.800  6421  6421 I MusicUtils: bindToService...begin
04-25 17:54:03.801  6421  6421 I MusicUtils: bind service end
04-25 17:54:03.803  6421  6421 I HMSAgent-ActivityMgr: onResumed:class com.android.mediacenter.ui.player.MediaPlayBackActivity
04-25 17:54:03.803  6421  6421 I AutoLoginHelper: Auto login
04-25 17:54:03.804  6421  6421 I DesktopServiceUtils: stopDesktopLyric sService = null
04-25 17:54:03.805  6421  6421 I StatusBarColorHelper: Get color begin
04-25 17:54:03.805  6421  6421 I BusinessLogic: onResume
04-25 17:54:03.805  6421  6421 I MediaPlayFragment: onResume
04-25 17:54:03.805  6421  6421 I MediaPlayBaseFragment: onResume begin
04-25 17:54:03.805  6421  6421 I MediaPlayBaseFragment: onResume
04-25 17:54:03.805  6421  6421 I MediaPlayBaseFragment: updateTrackInfo
04-25 17:54:03.806  6421  6421 V Cursor  : Filling cursor window with start position:0 required position:0
04-25 17:54:03.808  6421  6421 I chatty  : uid=10073(com.android.mediacenter) identical 1 line
04-25 17:54:03.810  6421  6421 V Cursor  : Filling cursor window with start position:0 required position:0
04-25 17:54:03.812  6421  6421 I d       : getAudiosWithoutRingtone: only available in CN area.
04-25 17:54:03.812  6421  6421 I MediaPlayBaseFragment: NO_SONGS
04-25 17:54:03.819  6421  6421 I PlayBackMenuFragment: setDisable :true
04-25 17:54:03.819  6421  6421 I PlayBackMenuFragment: isNeedSongComment==false
04-25 17:54:03.819  6421  6421 I LanguageUtils:  dealViewMirror
04-25 17:54:03.819  6421  6421 I LanguageUtils: backgroundDrawable is null
04-25 17:54:03.820  6421  6421 I PlayBackMenuFragment: setDisable :true
04-25 17:54:03.820  6421  6421 I PlayBackMenuFragment: isNeedSongComment==false
04-25 17:54:03.821  6421  6421 I LanguageUtils:  dealViewMirror
04-25 17:54:03.821  6421  6421 I LanguageUtils: backgroundDrawable is null
04-25 17:54:03.822  6421  6482 I FavoriteMgr: isSupportFavorNoLogin = false
04-25 17:54:03.822  6421  6482 I FavoriteMgr: isFavorite: invalid parameter!
04-25 17:54:03.823  6421  6421 I LanguageUtils:  dealViewMirror
04-25 17:54:03.823  6421  6421 I LanguageUtils: backgroundDrawable is null
04-25 17:54:03.841  6421  6421 I AlbumCoverFragment: onCreate ...
04-25 17:54:03.842  6421  6421 I WaveAlbumCoverFragment: onCreateView
04-25 17:54:03.849  6421  6421 I WaveAlbumCoverFragment: setSkinCover onCreateView----->
04-25 17:54:03.850  6421  6421 I ScreenLockLyric: init
04-25 17:54:03.852  6421  6421 I ScreenLockLyric: portTopHeight...126
04-25 17:54:03.855  6421  6421 I MultiChannelDeviceHelper: hasMultiChannelDevice
04-25 17:54:03.855  6421  6421 I WaveAlbumCoverFragment: initRythm
04-25 17:54:03.859  6421  6421 I WaveSurfaceView: currentVolume : 0
04-25 17:54:03.860  6421  6421 I WaveAlbumCoverFragment: SUPPORT_FPS : 
04-25 17:54:03.860  6421  6421 I WaveAlbumCoverFragment: updatestate 
04-25 17:54:03.860  6421  6421 I WaveAlbumCoverFragment: isPause: true
04-25 17:54:03.860  6421  6421 I WaveAlbumCoverFragment: setRythmViewVisiable :true
04-25 17:54:03.860  6421  6421 I WaveAlbumCoverFragment: initSongTitleFragment
04-25 17:54:03.861  6421  6421 I ScreenLockLyric: onAttachedToWindow .com.android.mediacenter.ui.player.screenlocklyric.ScreenLockLyric{b6d69b V.E...... ......I. 0,0-0,0}
04-25 17:54:03.861  6421  6421 I ScreenLockLyric: registerReceiver ... mIsRegister=false
04-25 17:54:03.861  6421  6421 I ScreenLockLyric: registerReceiver :  mContext=com.android.mediacenter.ui.player.MediaPlayBackActivity@e26df99
04-25 17:54:03.862  6421  6421 I ScreenLyricUtils: registerObserver : mIsregister=false
04-25 17:54:03.862  6421  6421 I MusicUtils: bindToService...begin
04-25 17:54:03.862  6421  6421 I ScreenLyricUtils: onServiceConnected
04-25 17:54:03.862  6421  6421 I ScreenLyricUtils: registerService ...   mIsServiceBinded=true
04-25 17:54:03.862  6421  6421 I ScreenLockLyric: reloadLyric
04-25 17:54:03.862  6421  6441 I ScreenLyricUtils: getNowPlayingSong
04-25 17:54:03.863  6421  6421 I SongTitleFragment: onCreateView
04-25 17:54:03.863  6421  6441 V Cursor  : Filling cursor window with start position:0 required position:0
04-25 17:54:03.867  6421  6441 I LyricUtils: getDirLyric ...  basePath =/storage/emulated/0/Music/Musiclrc/
04-25 17:54:03.868  6421  6441 I LyricUtils: getDirLyric ...  basePath =/storage/emulated/0/Music/Musiclrc/
04-25 17:54:03.869  6421  6441 I LyricUtils: getDirLyric ...  basePath =/storage/emulated/0/Music/Baidu_music/lyric/
04-25 17:54:03.869  6421  6441 I LyricLogic: Notify gettedLyric success:false
04-25 17:54:03.877  6421  6421 I SongTitleFragment: initView
04-25 17:54:03.879  6421  6421 I SongTitleFragment: initQuality
04-25 17:54:03.880  6421  6421 I WaveSongTitleFragment: the song is local
04-25 17:54:03.880  6421  6421 I SongTitleFragment: updateOnlineMusicSource
04-25 17:54:03.880  6421  6421 I WaveSongTitleFragment: the song is local
04-25 17:54:03.880  6421  6421 I AlbumCoverFragment: onStart()
04-25 17:54:03.880  6421  6421 I BaseSkinConfigFragment: mediaController registerCallback;
04-25 17:54:03.880  6421  6421 I MediaController: registerCallback
04-25 17:54:03.880  6421  6421 I WaveAlbumCoverFragment: setSongTitleInfo
04-25 17:54:03.880  6421  6421 I SongTitleFragment: updateOnlineMusicSource
04-25 17:54:03.880  6421  6421 I WaveSongTitleFragment: the song is local
04-25 17:54:03.880  6421  6421 I WaveAlbumCoverFragment: load low px image
04-25 17:54:03.881  6421  6421 I WaveAlbumCoverFragment: onStart
04-25 17:54:03.881  6421  6421 I WaveAlbumCoverFragment: setSongTitleInfo
04-25 17:54:03.881  6421  6421 I SongTitleFragment: updateOnlineMusicSource
04-25 17:54:03.881  6421  6421 I WaveSongTitleFragment: the song is local
04-25 17:54:03.881  6421  6421 I WaveAlbumCoverFragment: updateAlbumSize
04-25 17:54:03.881  6421  6421 I WaveAlbumCoverFragment: start updateViewHeightAndWidth
04-25 17:54:03.882  6421  6421 I WaveAlbumCoverFragment: Screen width: 1080 Screen height: 1794
04-25 17:54:03.882  6421  6421 I WaveAlbumCoverFragment: start updateViewHeightAndWidth
04-25 17:54:03.884  6421  6421 I WaveAlbumCoverFragment: Screen width: 1080 Screen height: 1794
04-25 17:54:03.884  6421  6421 I WaveAlbumCoverFragment: topMargin: 900
04-25 17:54:03.884  6421  6421 I WaveAlbumCoverFragment: setRythmViewVisiable :true
04-25 17:54:03.884  6421  6421 I WaveAlbumCoverFragment: setContentPaddingTop: paddingTop: 0
04-25 17:54:03.884  6421  6421 I BaseSkinConfigFragment: mediaController registerCallback;
04-25 17:54:03.884  6421  6421 I MediaController: registerCallback
04-25 17:54:03.884  6421  6421 I AlbumCoverFragment: onResume ...
04-25 17:54:03.884  6421  6421 I WaveAlbumCoverFragment: updatestate 
04-25 17:54:03.884  6421  6421 I WaveAlbumCoverFragment: isPause: true
04-25 17:54:03.884  6421  6421 I WaveAlbumCoverFragment: setRythmViewVisiable :true
04-25 17:54:03.885  6421  6421 I WaveAlbumCoverFragment: onResume
04-25 17:54:03.885  6421  6421 I WaveAlbumCoverFragment: updatestate 
04-25 17:54:03.885  6421  6421 I WaveAlbumCoverFragment: isPause: true
04-25 17:54:03.885  6421  6421 I WaveAlbumCoverFragment: setRythmViewVisiable :true
04-25 17:54:03.919  6421  6421 I WaveAlbumCoverFragment: updateAlbumSize
04-25 17:54:03.919  6421  6421 I WaveAlbumCoverFragment: start updateViewHeightAndWidth
04-25 17:54:03.921  6421  6421 I WaveAlbumCoverFragment: Screen width: 1080 Screen height: 1794
04-25 17:54:03.921  6421  6421 I WaveAlbumCoverFragment: start updateViewHeightAndWidth
04-25 17:54:03.922  6421  6421 I WaveAlbumCoverFragment: Screen width: 1080 Screen height: 1794
04-25 17:54:03.922  6421  6421 I WaveAlbumCoverFragment: topMargin: 900
04-25 17:54:03.922  6421  6421 I WaveAlbumCoverFragment: setRythmViewVisiable :true
04-25 17:54:03.922  6421  6421 I WaveAlbumCoverFragment: setContentPaddingTop: paddingTop: 0
04-25 17:54:03.922  6421  6421 I MediaPlayBaseFragment: onPageScrolled isVisible: false,position:0
04-25 17:54:03.922  6421  6421 I WaveAlbumCoverFragment: setRythmViewVisiable :false
04-25 17:54:03.925  6421  6421 I PlayBackMenuFragment: height :1459,currViewHight: 105
04-25 17:54:03.925  6421  6421 I PlayBackMenuFragment: height :1459,currViewHight: 105
04-25 17:54:03.929  6421  6421 W View    : requestLayout() improperly called by android.widget.RadioGroup{737b60a V.E...... ......I. 0,0-0,0 #7f09072d app:id/radioGroup} during layout: running second layout pass
04-25 17:54:03.929  6421  6421 W View    : requestLayout() improperly called by android.widget.RelativeLayout{1ebbe7b V.E...... ......ID 0,0-1080,900 #7f090050 app:id/ad_retive} during layout: running second layout pass
04-25 17:54:03.929  6421  6421 W View    : requestLayout() improperly called by android.widget.ImageView{38bc498 VFED..C.. ......ID 0,0-1080,900 #7f090073 app:id/albumcover_image} during layout: running second layout pass
04-25 17:54:03.929  6421  6421 W View    : requestLayout() improperly called by android.widget.ImageView{df934f1 V.ED..... ......ID 0,0-1080,900 #7f090074 app:id/albumcover_image_second} during layout: running second layout pass
04-25 17:54:03.929  6421  6421 W View    : requestLayout() improperly called by android.widget.RelativeLayout{4a328d6 VFE...C.. ......ID 0,0-1080,1459 #7f090071 app:id/albumcover_background_layout} during layout: running second layout pass
04-25 17:54:03.930  6421  6421 W View    : requestLayout() improperly called by android.widget.RelativeLayout{b6dc757 V.E...... ......ID 0,0-1080,1406} during layout: running second layout pass
04-25 17:54:03.934  6421  6421 I MediaController: onPlayStateChange isPlaying:false, isBuffing:false
04-25 17:54:03.934  6421  6421 I MediaController: onSongChange
04-25 17:54:03.934  6421  6421 I TimerReportMgr: onSongChange 
04-25 17:54:03.934  6421  6421 I MediaController: onPlayStateChange isPlaying:false, isBuffing:false
04-25 17:54:03.935  6421  6421 I MediaController: onSongChange
04-25 17:54:03.935  6421  6421 I TimerReportMgr: onSongChange 
04-25 17:54:03.935  6421  6421 I MediaController: onPlayStateChange isPlaying:false, isBuffing:false
04-25 17:54:03.935  6421  6421 I MediaController: onPlayStateChange isPlaying:false, isBuffing:false
04-25 17:54:03.944  6421  6421 I MediaPlayBaseFragment: mAlbumReceiver action = com.android.mediacenter.playbackcomplete
04-25 17:54:03.944  6421  6421 I LanguageUtils:  dealViewMirror
04-25 17:54:03.944  6421  6421 I LanguageUtils: backgroundDrawable is null
04-25 17:54:03.944  6421  6421 I WaveAlbumCoverFragment: updatestate 
04-25 17:54:03.944  6421  6421 I WaveAlbumCoverFragment: isPause: true
04-25 17:54:03.944  6421  6421 I WaveAlbumCoverFragment: setRythmViewVisiable :true
04-25 17:54:03.950  6421  6472 I MediaPlaybackService: onStartCommand  action: null, cmd: null
04-25 17:54:03.950  6421  6421 I FavorFragment: updataFavorIcon isCollectSuccess:false
04-25 17:54:03.951  6421  6421 I ScreenLyricUtils: reLoadLyric
04-25 17:54:03.951  6421  6421 I ScreenLockLyric: reloadLyric
04-25 17:54:03.951  6421  6443 I ScreenLyricUtils: getNowPlayingSong
04-25 17:54:03.952  6421  6644 I WaveSurfaceView: onSurfaceChanged ...
04-25 17:54:03.953  6421  6443 V Cursor  : Filling cursor window with start position:0 required position:0
04-25 17:54:03.957  6421  6443 I LyricUtils: getDirLyric ...  basePath =/storage/emulated/0/Music/Musiclrc/
04-25 17:54:03.959  6421  6443 I LyricUtils: getDirLyric ...  basePath =/storage/emulated/0/Music/Musiclrc/
04-25 17:54:03.959  6421  6443 I LyricUtils: getDirLyric ...  basePath =/storage/emulated/0/Music/Baidu_music/lyric/
04-25 17:54:03.968  6421  6443 I LyricLogic: Notify gettedLyric success:false
04-25 17:54:03.973  6421  6421 W Glide   : Load failed for null with size [0x0]
04-25 17:54:03.973  6421  6421 W Glide   : class com.bumptech.glide.load.engine.GlideException: Received null model
04-25 17:54:03.973  6421  6421 I MultiChannelDeviceHelper: onAudioDevicesAdded
04-25 17:54:03.974  6421  6452 E GlideHelper: java.util.concurrent.ExecutionException: com.bumptech.glide.load.engine.GlideException: Received null model
04-25 17:54:03.974  6421  6452 E GlideHelper: 	at com.bumptech.glide.f.e.a(RequestFutureTarget.java:212)
04-25 17:54:03.974  6421  6452 E GlideHelper: 	at com.bumptech.glide.f.e.get(RequestFutureTarget.java:115)
04-25 17:54:03.974  6421  6452 E GlideHelper: 	at com.android.common.components.b.d.a(GlideHelper.java:398)
04-25 17:54:03.974  6421  6452 E GlideHelper: 	at com.android.mediacenter.ui.player.common.b.a.e$3.run(WaveAlbumCoverFragment.java:264)
04-25 17:54:03.974  6421  6452 E GlideHelper: 	at java.util.concurrent.Executors$RunnableAdapter.call(Executors.java:458)
04-25 17:54:03.974  6421  6452 E GlideHelper: 	at java.util.concurrent.FutureTask.run(FutureTask.java:266)
04-25 17:54:03.974  6421  6452 E GlideHelper: 	at java.util.concurrent.ThreadPoolExecutor.runWorker(ThreadPoolExecutor.java:1167)
04-25 17:54:03.974  6421  6452 E GlideHelper: 	at java.util.concurrent.ThreadPoolExecutor$Worker.run(ThreadPoolExecutor.java:641)
04-25 17:54:03.974  6421  6452 E GlideHelper: 	at java.lang.Thread.run(Thread.java:764)
04-25 17:54:03.974  6421  6452 E GlideHelper: Caused by: com.bumptech.glide.load.engine.GlideException: Received null model
04-25 17:54:03.974  6421  6421 I MultiChannelDeviceHelper: Type:18, name:AOSP on msm8996, channel size:0, max channel size:0, id:10,source:true
04-25 17:54:03.974  6421  6421 I MultiChannelDeviceHelper: Type:2, name:AOSP on msm8996, channel size:0, max channel size:0, id:2,source:true
04-25 17:54:03.974  6421  6421 I MultiChannelDeviceHelper: Type:1, name:AOSP on msm8996, channel size:0, max channel size:0, id:3,source:true
04-25 17:54:03.974  6421  6421 I MultiChannelDeviceHelper: Type:18, name:AOSP on msm8996, channel size:2, max channel size:2, id:19,source:false
04-25 17:54:03.974  6421  6421 I MultiChannelDeviceHelper: Type:15, name:AOSP on msm8996, channel size:3, max channel size:3, id:15,source:false
04-25 17:54:03.974  6421  6421 I MultiChannelDeviceHelper: Type:15, name:AOSP on msm8996, channel size:3, max channel size:3, id:16,source:false
04-25 17:54:03.975  6421  6421 I StatusBarColorHelper: Get color begin
04-25 17:54:03.976  6421  6421 I StatusBarColorHelper: Status bar color :ff000000, navigationColor:ff5d8cd7
04-25 17:54:03.976  6421  6421 I ViewUtils: navigationColor:ff5d8cd7, isLight:true
04-25 17:54:03.976  6421  6421 I ViewUtils: SetSystemUiVisibility from setSystemBarColor flag:710
04-25 17:54:03.979 31964 32452 I NotificationService: cancelToast pkg=com.android.mediacenter callback=android.app.ITransientNotification$Stub$Proxy@9be14ff
04-25 17:54:03.979 31964 32452 W NotificationService: Toast already cancelled. pkg=com.android.mediacenter callback=android.app.ITransientNotification$Stub$Proxy@9be14ff
04-25 17:54:04.046  6421  6421 I MediaPlayWaveFragment: updataBackground..bitmap=android.graphics.Bitmap@e133d9d
04-25 17:54:04.047  6421  6421 I MediaPlayWaveFragment: getCutBitmap width: 945 height: 315 x: 0 y: 630
04-25 17:54:04.047  6421  6475 I WaveBitmapCutUtils: getCutBitmap width: 945 height: 315
04-25 17:54:04.047  6421  6421 I MediaPlayWaveFragment: getDownIconBitmap width: 189 height: 189 x: 0 y: 0
04-25 17:54:04.047  6421  6453 I WaveBitmapCutUtils: getCutBitmap width: 189 height: 189
04-25 17:54:04.058  6421  6645 I MagicWave: stop wave effect
04-25 17:54:04.061  6421  6421 I StatusBarColorHelper: Get color begin
04-25 17:54:04.063  6421  6421 I StatusBarColorHelper: Status bar color :ff1c4a95, navigationColor:ff5d8cd7
04-25 17:54:04.063  6421  6421 I ViewUtils: navigationColor:ff5d8cd7, isLight:true
04-25 17:54:04.063  6421  6421 I ViewUtils: SetSystemUiVisibility from setSystemBarColor flag:710
04-25 17:54:04.066  6421  6421 I MultiChannelDeviceHelper: hasMultiChannelDevice
04-25 17:54:04.067  6421  6421 I MultiChannelDeviceHelper: hasDevice :false
04-25 17:54:04.068  6421  6421 I AlbumCoverFragment: device changed, deviceOn: false===isMultiDeviceOn:false
04-25 17:54:04.078 31964 31987 I ActivityManager: Displayed com.android.mediacenter/.ui.player.MediaPlayBackActivity: +503ms (total +30s982ms)
04-25 17:54:04.101   657   657 D QCOM PowerHAL: LAUNCH HINT: OFF
04-25 17:54:04.104  6421  6421 I HMSAgent-ActivityMgr: onStopped:class com.android.mediacenter.ui.player.oneshot.MediaPlaybackActivityStarter
04-25 17:54:04.105  6421  6421 I HMSAgent-ActivityMgr: onDestroyed:class com.android.mediacenter.ui.player.oneshot.MediaPlaybackActivityStarter
04-25 17:54:04.106  6421  6421 E ReflectionUtils: mLastSrvView
04-25 17:54:04.106  6421  6421 E ReflectionUtils: java.lang.NoSuchFieldException: No field mLastSrvView in class Landroid/view/inputmethod/InputMethodManager; (declaration of 'android.view.inputmethod.InputMethodManager' appears in /system/framework/framework.jar!classes2.dex)
04-25 17:54:04.106  6421  6421 E ReflectionUtils: 	at java.lang.Class.getDeclaredField(Native Method)
04-25 17:54:04.106  6421  6421 E ReflectionUtils: 	at com.android.common.utils.ar.b(ReflectionUtils.java:141)
04-25 17:54:04.106  6421  6421 E ReflectionUtils: 	at com.android.common.utils.ar.a(ReflectionUtils.java:161)
04-25 17:54:04.106  6421  6421 E ReflectionUtils: 	at com.android.common.utils.w.a(KeyboardUtils.java:58)
04-25 17:54:04.106  6421  6421 E ReflectionUtils: 	at com.android.common.utils.q.a(FixMemoryLeakUtils.java:30)
04-25 17:54:04.106  6421  6421 E ReflectionUtils: 	at com.android.mediacenter.hms.common.a.onActivityDestroyed(ActivityMgr.java:304)
04-25 17:54:04.106  6421  6421 E ReflectionUtils: 	at android.app.Application.dispatchActivityDestroyed(Application.java:276)
04-25 17:54:04.106  6421  6421 E ReflectionUtils: 	at android.app.Activity.onDestroy(Activity.java:2002)
04-25 17:54:04.106  6421  6421 E ReflectionUtils: 	at android.support.v4.app.FragmentActivity.onDestroy(FragmentActivity.java:358)
04-25 17:54:04.106  6421  6421 E ReflectionUtils: 	at com.trello.rxlifecycle2.components.support.RxFragmentActivity.onDestroy(RxFragmentActivity.java:95)
04-25 17:54:04.106  6421  6421 E ReflectionUtils: 	at com.android.mediacenter.base.activity.MusicBaseActivity.onDestroy(MusicBaseActivity.java:83)
04-25 17:54:04.106  6421  6421 E ReflectionUtils: 	at com.android.mediacenter.ui.player.oneshot.MediaPlaybackActivityStarter.onDestroy(MediaPlaybackActivityStarter.java:141)
04-25 17:54:04.106  6421  6421 E ReflectionUtils: 	at android.app.Activity.performDestroy(Activity.java:7403)
04-25 17:54:04.106  6421  6421 E ReflectionUtils: 	at android.app.Instrumentation.callActivityOnDestroy(Instrumentation.java:1306)
04-25 17:54:04.106  6421  6421 E ReflectionUtils: 	at android.app.ActivityThread.performDestroyActivity(ActivityThread.java:4444)
04-25 17:54:04.106  6421  6421 E ReflectionUtils: 	at android.app.ActivityThread.handleDestroyActivity(ActivityThread.java:4477)
04-25 17:54:04.106  6421  6421 E ReflectionUtils: 	at android.app.servertransaction.DestroyActivityItem.execute(DestroyActivityItem.java:39)
04-25 17:54:04.106  6421  6421 E ReflectionUtils: 	at android.app.servertransaction.TransactionExecutor.executeLifecycleState(TransactionExecutor.java:145)
04-25 17:54:04.106  6421  6421 E ReflectionUtils: 	at android.app.servertransaction.TransactionExecutor.execute(TransactionExecutor.java:70)
04-25 17:54:04.106  6421  6421 E ReflectionUtils: 	at android.app.ActivityThread$H.handleMessage(ActivityThread.java:1809)
04-25 17:54:04.106  6421  6421 E ReflectionUtils: 	at android.os.Handler.dispatchMessage(Handler.java:106)
04-25 17:54:04.106  6421  6421 E ReflectionUtils: 	at android.os.Looper.loop(Looper.java:193)
04-25 17:54:04.106  6421  6421 E ReflectionUtils: 	at android.app.ActivityThread.main(ActivityThread.java:6680)
04-25 17:54:04.106  6421  6421 E ReflectionUtils: 	at java.lang.reflect.Method.invoke(Native Method)
04-25 17:54:04.106  6421  6421 E ReflectionUtils: 	at com.android.internal.os.RuntimeInit$MethodAndArgsCaller.run(RuntimeInit.java:493)
04-25 17:54:04.106  6421  6421 E ReflectionUtils: 	at com.android.internal.os.ZygoteInit.main(ZygoteInit.java:858)
04-25 17:54:04.106  6421  6421 W FixMemoryLeakUtils: fixMemoryLeak: java.lang.ClassNotFoundException: android.rms.iaware.FastgrabConfigReader
04-25 17:54:04.107  6421  6421 W FixMemoryLeakUtils: fixLeakCanary696: java.lang.ClassNotFoundException: android.gestureboost.GestureBoostManager
04-25 17:54:04.107  6421  6421 W FixMemoryLeakUtils: fixActivityLeak: java.lang.ClassNotFoundException: android.os.FreezeScreenApplicationMonitor
04-25 17:54:04.107  6421  6421 I MusicUtils: unbindFromService
04-25 17:54:04.112  6421  6421 I MediaPlaybackActivityStarter: onDestroy...
04-25 17:54:04.254   497   535 W SurfaceFlinger: Attempting to set client state on removed layer: Splash Screen com.android.mediacenter#0
04-25 17:54:04.254   497   535 W SurfaceFlinger: Attempting to destroy on removed layer: Splash Screen com.android.mediacenter#0
04-25 17:54:04.397  6421  6421 I NormalPlayBackFragment: addTheOtherFragments ...
04-25 17:54:04.398  6421  6421 I WaveAlbumCoverFragment: setRythmViewVisiable :false
04-25 17:54:04.405  6421  6421 I LyricFragment: onCreate
04-25 17:54:04.409  6421  6421 I LyricFragment: onCreateView ...  mContextView=null
04-25 17:54:04.458  6421  6421 E LyricSizeRegulationManager: getLyricSize： mScale = 1.0 this = com.android.mediacenter.ui.player.common.f.g@676ebc5
04-25 17:54:04.493  6421  6421 I LyricFragment: onStart
04-25 17:54:04.495  6421  6421 I LyricFragment: reloadLyric
04-25 17:54:04.495  6421  6421 I BaseSkinConfigFragment: mediaController registerCallback;
04-25 17:54:04.495  6421  6421 I MediaController: registerCallback
04-25 17:54:04.497  6421  6421 I LyricFragment: onResume
04-25 17:54:04.497  6421  6421 I ScreenUtils: Clear sreen keep on from com.android.mediacenter.ui.player.MediaPlayBackActivity@e26df99
04-25 17:54:04.508  6421  6421 I LrcView : refreshLrcView
04-25 17:54:04.508  6421  6421 I LyricSizeRegulationManager: onSizeChanged ...  
04-25 17:54:04.509  6421  6421 I LrcView : refreshLrcView
04-25 17:54:04.510  6421  6421 I LyricFragment: action :com.android.mediacenter.lyricmenu.show
04-25 17:54:06.002 31964 32452 W NotificationService: Toast already killed. pkg=com.android.mediacenter callback=android.app.ITransientNotification$Stub$Proxy@169fedf
04-25 17:54:06.875   665   665 E VibratorService: Setting amplitude  to: 1856
04-25 17:54:07.021 31964 31985 D AutofillManagerService: Close system dialogs
04-25 17:54:07.024 31964 32090 I ActivityManager: START u0 {act=android.intent.action.MAIN cat=[android.intent.category.HOME] flg=0x10000000 cmp=com.android.launcher3/.Launcher (has extras)} from uid 10024
04-25 17:54:07.027   657   657 D QCOM PowerHAL: LAUNCH HINT: ON
04-25 17:54:07.028   657   657 D QCOM PowerHAL: Activity launch hint handled
04-25 17:54:07.032 32137 32137 I vol.Events: writeEvent dismiss_dialog volume_controller
04-25 17:54:07.033 32137 32137 V StatusBar: mStatusBarWindow: com.android.systemui.statusbar.phone.StatusBarWindowView{1cc6646 V.ED..... ........ 0,0-1080,63} canPanelBeCollapsed(): false
04-25 17:54:07.033  6421  6421 I MediaPlayBackActivity: onUserLeaveHint
04-25 17:54:07.033  6421  6421 I HMSAgent-ActivityMgr: onPaused:class com.android.mediacenter.ui.player.MediaPlayBackActivity
04-25 17:54:07.033  6421  6421 I BusinessLogic: onPause
04-25 17:54:07.051  6421  6421 I AlbumCoverFragment: onPause ...
04-25 17:54:07.051  6421  6421 I WaveAlbumCoverFragment: onPause
04-25 17:54:07.051  6421  6421 I WaveAlbumCoverFragment: mRythmView.removeAll()
04-25 17:54:07.051  6421  6421 I MediaPlayBackActivity: onPause
04-25 17:54:07.067  6421  6421 I HMSAgent-ActivityMgr: onStopped:class com.android.mediacenter.ui.player.MediaPlayBackActivity
04-25 17:54:07.068  6421  6421 I TimerReportMgr: onActivityStopped isPlay = false
04-25 17:54:07.070  6421  6421 I TimerReportMgr: uiStartTime is 2017240674
04-25 17:54:07.077  6421  6421 I BaseSkinConfigFragment: mediaController unregisterCallback
04-25 17:54:07.078  6421  6421 I MediaController: unregisterCallback
04-25 17:54:07.078  6421  6421 I BaseSkinConfigFragment: mediaController unregisterCallback
04-25 17:54:07.080  6421  6421 I MediaController: unregisterCallback
04-25 17:54:07.082  6421  6421 I BaseSkinConfigFragment: mediaController unregisterCallback
04-25 17:54:07.083  6421  6421 I MediaController: unregisterCallback
04-25 17:54:07.084  6421  6421 I BaseSkinConfigFragment: mediaController unregisterCallback
04-25 17:54:07.085  6421  6421 I MediaController: unregisterCallback
04-25 17:54:07.086  6421  6421 I BaseSkinConfigFragment: mediaController unregisterCallback
04-25 17:54:07.095  6421  6421 I MediaController: unregisterCallback
04-25 17:54:07.096  6421  6421 I BaseSkinConfigFragment: mediaController unregisterCallback
04-25 17:54:07.096  6421  6421 I MediaController: unregisterCallback
04-25 17:54:07.096  6421  6421 I BaseSkinConfigFragment: mediaController unregisterCallback
04-25 17:54:07.096  6421  6421 I MediaController: unregisterCallback
04-25 17:54:07.096  6421  6421 I AlbumCoverFragment: onStop()
04-25 17:54:07.096  6421  6421 I BaseSkinConfigFragment: mediaController unregisterCallback
04-25 17:54:07.097  6421  6421 I MediaController: unregisterCallback
04-25 17:54:07.097  6421  6421 I WaveAlbumCoverFragment: onStop
04-25 17:54:07.097  6421  6421 I WaveAlbumCoverFragment: mRythmView onDestroy
04-25 17:54:07.097  6421  6421 I WaveSurfaceView: removeAll ...
04-25 17:54:07.097  6421  6421 I WaveSurfaceView: onDestroy ...
04-25 17:54:07.099 31964  1845 I OpenGLRenderer: Initialized EGL, version 1.4
04-25 17:54:07.099 31964  1845 D OpenGLRenderer: Swap behavior 1
04-25 17:54:07.113   657   657 D QCOM PowerHAL: LAUNCH HINT: OFF
04-25 17:54:07.119  6421  6421 I BaseSkinConfigFragment: mediaController unregisterCallback
04-25 17:54:07.119  6421  6421 I MediaController: unregisterCallback
04-25 17:54:07.147  6421  6421 I LyricFragment: onStop
04-25 17:54:07.147  6421  6421 I ScreenUtils: Clear sreen keep on from com.android.mediacenter.ui.player.MediaPlayBackActivity@e26df99
04-25 17:54:07.154  6421  6421 I BaseSkinConfigFragment: mediaController unregisterCallback
04-25 17:54:07.155  6421  6421 I MediaController: unregisterCallback
04-25 17:54:07.155  6421  6421 I DesktopServiceUtils: startDesktopLyric sService = null
04-25 17:54:07.156  6421  6421 V Cursor  : Filling cursor window with start position:0 required position:0
04-25 17:54:07.168  6421  6421 I DesktopServiceUtils: on : false isOnlinePreparing : false isPlaying : false
04-25 17:54:07.169  6421  6421 I MusicUtils: unbindFromService
04-25 17:54:07.300 32137 32161 I ndroid.systemu: NativeAlloc concurrent copying GC freed 2740(223KB) AllocSpace objects, 0(0B) LOS objects, 50% free, 4MB/8MB, paused 557us total 147.682ms
04-25 17:54:07.336 31964 31974 I system_server: NativeAlloc concurrent copying GC freed 54171(2MB) AllocSpace objects, 24(928KB) LOS objects, 42% free, 9MB/16MB, paused 196us total 216.533ms
04-25 17:54:07.392   497  1220 W SurfaceFlinger: Attempting to set client state on removed layer: com.android.mediacenter/com.android.mediacenter.ui.player.MediaPlayBackActivity#0
04-25 17:54:07.392   497  1220 W SurfaceFlinger: Attempting to destroy on removed layer: com.android.mediacenter/com.android.mediacenter.ui.player.MediaPlayBackActivity#0
04-25 17:54:07.395   497   543 W SurfaceFlinger: Attempting to set client state on removed layer: com.android.mediacenter/com.android.mediacenter.ui.player.MediaPlayBackActivity#0
04-25 17:54:07.396   497   543 W SurfaceFlinger: Attempting to destroy on removed layer: com.android.mediacenter/com.android.mediacenter.ui.player.MediaPlayBackActivity#0
04-25 17:54:07.398   497  1220 W SurfaceFlinger: Attempting to set client state on removed layer: Surface(name=AppWindowToken{d4122e7 token=Token{d2378a6 ActivityRecord{f2ca201 u0 com.android.launcher3/.Launcher t71}}})/@0x466886e - animation-leash#0
04-25 17:54:07.398   497  1220 W SurfaceFlinger: Attempting to set client state on removed layer: Surface(name=AppWindowToken{2270228 token=Token{3be384b ActivityRecord{c63b51a u0 com.android.mediacenter/.ui.player.MediaPlayBackActivity t95}}})/@0xf19a9fb - animation-leash#0
04-25 17:54:07.398   497  1220 W SurfaceFlinger: Attempting to destroy on removed layer: Surface(name=AppWindowToken{d4122e7 token=Token{d2378a6 ActivityRecord{f2ca201 u0 com.android.launcher3/.Launcher t71}}})/@0x466886e - animation-leash#0
04-25 17:54:07.398   497  1220 W SurfaceFlinger: Attempting to destroy on removed layer: Surface(name=AppWindowToken{2270228 token=Token{3be384b ActivityRecord{c63b51a u0 com.android.mediacenter/.ui.player.MediaPlayBackActivity t95}}})/@0xf19a9fb - animation-leash#0
04-25 17:54:08.309   657   657 D QCOM PowerHAL: LAUNCH HINT: ON
04-25 17:54:08.311   657   657 D QCOM PowerHAL: Activity launch hint handled
04-25 17:54:08.392   657   657 D QCOM PowerHAL: LAUNCH HINT: OFF
04-25 17:54:09.452 31964 32557 I ActivityManager: START u0 {act=android.intent.action.VIEW dat=content://com.estrongs.files/storage/emulated/0/Music/ape/02.ape typ=audio/x-ape flg=0x4000003 cmp=com.android.mediacenter/.ui.player.oneshot.MediaPlaybackActivityStarter (has extras)} from uid 10074
04-25 17:54:09.455   657   657 D QCOM PowerHAL: LAUNCH HINT: ON
04-25 17:54:09.457   657   657 D QCOM PowerHAL: Activity launch hint handled
04-25 17:54:09.471  6421  6421 W ActivityThread: handleWindowVisibility: no activity for token android.os.BinderProxy@5d7efda
04-25 17:54:09.488  6421  6421 I MediaPlaybackActivityStarter: onCreate
04-25 17:54:09.488  6421  6421 I HMSAgent-ActivityMgr: onCreated:class com.android.mediacenter.ui.player.oneshot.MediaPlaybackActivityStarter
04-25 17:54:09.489  6421  6421 I PartyMode-SupportVariables: getInstance
04-25 17:54:09.489  6421  6421 I OutJumpMusicDialogHelper: needRunDialog: false
04-25 17:54:09.489  6421  6421 I MediaPlaybackActivityStarter: getFilePath
04-25 17:54:09.490  6421  6421 I MediaPlaybackActivityStarter: play!
04-25 17:54:09.492  6421  6421 I MusicUtils: bindToService...begin
04-25 17:54:09.493  6421  6421 I MusicUtils: bind service end
04-25 17:54:09.528  6421  6421 I HMSAgent-ActivityMgr: onStarted:class com.android.mediacenter.ui.player.oneshot.MediaPlaybackActivityStarter
04-25 17:54:09.528  6421  6421 I TimerReportMgr: playStartTime = 0
04-25 17:54:09.529  6421  6421 I HMSAgent-ActivityMgr: onResumed:class com.android.mediacenter.ui.player.oneshot.MediaPlaybackActivityStarter
04-25 17:54:09.529  6421  6421 I AutoLoginHelper: Auto login
04-25 17:54:09.530  6421  6421 I BusinessLogic: onResume
04-25 17:54:09.535  6421  6472 I MediaPlaybackService: onStartCommand  action: com.android.mediacenter.musicservicecommand.oneshot_play, cmd: null
04-25 17:54:09.535  6421  6472 I MediaPlaybackService: openOneshot
04-25 17:54:09.536 31964 32557 I ActivityManager: START u0 {flg=0x10020000 cmp=com.android.mediacenter/.ui.player.MediaPlayBackActivity (has extras)} from uid 10073
04-25 17:54:09.537 31964 32557 W ActivityManager: Activity is launching as a new task, so cancelling activity result.
04-25 17:54:09.549  6421  6472 I MusicOnlinePlayer: stopDownload
04-25 17:54:09.550  6421  6472 I PlayBackReportUtils: reportPlayForm not report oversea local song
04-25 17:54:09.550  6421  6472 I BaseQueuePlaybackService: mIntentReceiver onReceive action:com.android.mediacenter.musicservicecommand.oneshot_play, cmd:null
04-25 17:54:09.550  6421  6472 I BaseQueuePlaybackService:  type: null isplaying: false
04-25 17:54:09.550  6421  6472 I MediaPlaybackService: onStartCommand  action: null, cmd: null
04-25 17:54:09.563  6421  6421 I HMSAgent-ActivityMgr: onPaused:class com.android.mediacenter.ui.player.oneshot.MediaPlaybackActivityStarter
04-25 17:54:09.563  6421  6421 I BusinessLogic: onPause
04-25 17:54:09.566  6421  6421 I MediaPlaybackActivityStarter: requestCode: 10
04-25 17:54:09.569  6421  6421 I MediaPlaybackActivityStarter: finish...
04-25 17:54:09.569  6421  6421 I HMSAgent-ActivityMgr: onResumed:class com.android.mediacenter.ui.player.oneshot.MediaPlaybackActivityStarter
04-25 17:54:09.570  6421  6421 I AutoLoginHelper: Auto login
04-25 17:54:09.571  6421  6421 I BusinessLogic: onResume
04-25 17:54:09.571  6421  6421 I HMSAgent-ActivityMgr: onPaused:class com.android.mediacenter.ui.player.oneshot.MediaPlaybackActivityStarter
04-25 17:54:09.572  6421  6421 I BusinessLogic: onPause
04-25 17:54:09.612  6421  6421 I MediaPlayBackActivity: onNewIntent
04-25 17:54:09.613  6421  6421 I HMSAgent-ActivityMgr: onStarted:class com.android.mediacenter.ui.player.MediaPlayBackActivity
04-25 17:54:09.613  6421  6421 I TimerReportMgr: playStartTime = 0
04-25 17:54:09.613  6421  6421 I MediaPlayFragment: onStart
04-25 17:54:09.613  6421  6421 I MediaPlayFragment: type : play_at
04-25 17:54:09.613  6421  6421 I MediaPlayFragment: oneshot play ...
04-25 17:54:09.613  6421  6421 I SkinManager: !mSkinConfig.isSkinValid()
04-25 17:54:09.613  6421  6421 I MediaPlayBaseFragment: onStart
04-25 17:54:09.614  6421  6421 I ScreenUtils: is navigation bar hide false
04-25 17:54:09.614  6421  6421 I BaseSkinConfigFragment: mediaController registerCallback;
04-25 17:54:09.614  6421  6421 I MediaController: registerCallback
04-25 17:54:09.614  6421  6421 I MediaPlayBaseFragment: queueRefresh delay:600, isDetached:false
04-25 17:54:09.614  6421  6421 I BaseSkinConfigFragment: mediaController registerCallback;
04-25 17:54:09.614  6421  6421 I MediaController: registerCallback
04-25 17:54:09.614  6421  6421 I BaseSkinConfigFragment: mediaController registerCallback;
04-25 17:54:09.614  6421  6421 I MediaController: registerCallback
04-25 17:54:09.617  6421  6421 I BaseSkinConfigFragment: mediaController registerCallback;
04-25 17:54:09.617  6421  6421 I MediaController: registerCallback
04-25 17:54:09.619  6421  6421 I BaseSkinConfigFragment: mediaController registerCallback;
04-25 17:54:09.619  6421  6421 I MediaController: registerCallback
04-25 17:54:09.619  6421  6421 I BaseSkinConfigFragment: mediaController registerCallback;
04-25 17:54:09.619  6421  6421 I MediaController: registerCallback
04-25 17:54:09.619  6421  6421 I BaseSkinConfigFragment: mediaController registerCallback;
04-25 17:54:09.619  6421  6421 I MediaController: registerCallback
04-25 17:54:09.619  6421  6421 I AlbumCoverFragment: onStart()
04-25 17:54:09.619  6421  6421 I BaseSkinConfigFragment: mediaController registerCallback;
04-25 17:54:09.619  6421  6421 I MediaController: registerCallback
04-25 17:54:09.619  6421  6421 I WaveAlbumCoverFragment: initRythm
04-25 17:54:09.623  6421  6421 I WaveSurfaceView: currentVolume : 0
04-25 17:54:09.624  6421  6421 I WaveAlbumCoverFragment: SUPPORT_FPS : 
04-25 17:54:09.624  6421  6421 I WaveAlbumCoverFragment: updatestate 
04-25 17:54:09.624  6421  6421 I WaveAlbumCoverFragment: isPause: true
04-25 17:54:09.624  6421  6421 I WaveAlbumCoverFragment: setRythmViewVisiable :true
04-25 17:54:09.625  6421  6421 I WaveAlbumCoverFragment: onStart
04-25 17:54:09.625  6421  6421 I WaveAlbumCoverFragment: setSongTitleInfo
04-25 17:54:09.625  6421  6421 I SongTitleFragment: updateOnlineMusicSource
04-25 17:54:09.625  6421  6421 I WaveSongTitleFragment: the song is local
04-25 17:54:09.625  6421  6421 I WaveAlbumCoverFragment: updateAlbumSize
04-25 17:54:09.625  6421  6421 I WaveAlbumCoverFragment: start updateViewHeightAndWidth
04-25 17:54:09.626  6421  6421 I WaveAlbumCoverFragment: Screen width: 1080 Screen height: 1794
04-25 17:54:09.626  6421  6421 I WaveAlbumCoverFragment: start updateViewHeightAndWidth
04-25 17:54:09.629  6421  6421 I WaveAlbumCoverFragment: Screen width: 1080 Screen height: 1794
04-25 17:54:09.629  6421  6421 I WaveAlbumCoverFragment: topMargin: 900
04-25 17:54:09.629  6421  6421 I WaveAlbumCoverFragment: setRythmViewVisiable :true
04-25 17:54:09.629  6421  6421 I WaveAlbumCoverFragment: setContentPaddingTop: paddingTop: 0
04-25 17:54:09.629  6421  6421 I BaseSkinConfigFragment: mediaController registerCallback;
04-25 17:54:09.629  6421  6421 I MediaController: registerCallback
04-25 17:54:09.629  6421  6421 I LyricFragment: onStart
04-25 17:54:09.631  6421  6421 I LyricFragment: reloadLyric
04-25 17:54:09.631  6421  6421 I BaseSkinConfigFragment: mediaController registerCallback;
04-25 17:54:09.631  6421  6421 I MediaController: registerCallback
04-25 17:54:09.632  6421  6421 I BaseSkinConfigFragment: mediaController unregisterCallback
04-25 17:54:09.632  6421  6421 I MediaController: unregisterCallback
04-25 17:54:09.632  6421  6421 I BaseSkinConfigFragment: mediaController unregisterCallback
04-25 17:54:09.632  6421  6421 I MediaController: unregisterCallback
04-25 17:54:09.633  6421  6421 I BaseSkinConfigFragment: mediaController unregisterCallback
04-25 17:54:09.633  6421  6421 I MediaController: unregisterCallback
04-25 17:54:09.634  6421  6421 I BaseSkinConfigFragment: mediaController unregisterCallback
04-25 17:54:09.634  6421  6421 I MediaController: unregisterCallback
04-25 17:54:09.634  6421  6421 I BaseSkinConfigFragment: mediaController unregisterCallback
04-25 17:54:09.634  6421  6421 I MediaController: unregisterCallback
04-25 17:54:09.634  6421  6421 I BaseSkinConfigFragment: mediaController unregisterCallback
04-25 17:54:09.634  6421  6421 I MediaController: unregisterCallback
04-25 17:54:09.634  6421  6421 I BaseSkinConfigFragment: mediaController unregisterCallback
04-25 17:54:09.634  6421  6421 I MediaController: unregisterCallback
04-25 17:54:09.635  6421  6421 I AlbumCoverFragment: onStop()
04-25 17:54:09.635  6421  6421 I BaseSkinConfigFragment: mediaController unregisterCallback
04-25 17:54:09.635  6421  6421 I MediaController: unregisterCallback
04-25 17:54:09.635  6421  6421 I WaveAlbumCoverFragment: onStop
04-25 17:54:09.635  6421  6421 I WaveAlbumCoverFragment: mRythmView onDestroy
04-25 17:54:09.635  6421  6421 I WaveSurfaceView: removeAll ...
04-25 17:54:09.635  6421  6421 I WaveSurfaceView: onDestroy ...
04-25 17:54:09.636  6421  6421 I BaseSkinConfigFragment: mediaController unregisterCallback
04-25 17:54:09.636  6421  6421 I MediaController: unregisterCallback
04-25 17:54:09.636  6421  6421 I LyricFragment: onStop
04-25 17:54:09.637  6421  6421 I ScreenUtils: Clear sreen keep on from com.android.mediacenter.ui.player.MediaPlayBackActivity@e26df99
04-25 17:54:09.638  6421  6421 I BaseSkinConfigFragment: mediaController unregisterCallback
04-25 17:54:09.638  6421  6421 I MediaController: unregisterCallback
04-25 17:54:09.638  6421  6421 I AlbumCoverFragment: onDestroyView
04-25 17:54:09.638  6421  6421 I ScreenLockLyric: onDetachedFromWindow .com.android.mediacenter.ui.player.screenlocklyric.ScreenLockLyric{b6d69b I.E...... ......ID 442,0-637,126}
04-25 17:54:09.638  6421  6421 I ScreenLockLyric: unRegisterReceiver ...  mIsRegister=true
04-25 17:54:09.638  6421  6421 I ScreenLyricUtils: unregisterObserver ...
04-25 17:54:09.639  6421  6421 I ScreenLyricUtils: unRegisterService ... mIsServiceBinded=true
04-25 17:54:09.639  6421  6421 I MusicUtils: unbindFromService
04-25 17:54:09.639  6421  6421 W MusicUtils: ServiceBinder is null
04-25 17:54:09.639  6421  6421 I ScreenLyricUtils: unRegisterService ... unbindservice
04-25 17:54:09.639  6421  6421 I MediaPlayBaseFragment: onDestroyView
04-25 17:54:09.640  6421  6421 I MediaPlayBaseFragment: removeDialogs
04-25 17:54:09.641  6421  6421 I LyricFragment: onDestroy
04-25 17:54:09.643  6421  6421 I AlbumCoverFragment: onDestroy
04-25 17:54:09.643  6421  6421 I MediaPlayBaseFragment: onDestroy
04-25 17:54:09.644  6421  6421 I MediaPlayBaseFragment: onCreate begin
04-25 17:54:09.645  6421  6421 I MediaPlayBaseFragment: onCreateView
04-25 17:54:09.653  6421  6421 I SkinManager: !mSkinConfig.isSkinValid()
04-25 17:54:09.654  6421  6421 I NormalPlayBackFragment: initNormalPlayBackMenuFragment isReplace:
04-25 17:54:09.654  6421  6421 I AlbumCoverFragment: SKIN  init
04-25 17:54:09.654  6421  6421 I SkinManager: skinName = skin_wave
04-25 17:54:09.654  6421  6421 I SkinManager: skinName = skin_wave
04-25 17:54:09.654  6421  6421 I DobyDtsFragment: getFragment  false  false  false false SUPPORT_SWS_EFFECT = false false,SUPPORT_DAP_DOLBY: false
04-25 17:54:09.660  6421  6421 I MediaPlayBaseFragment: queueRefresh delay:600, isDetached:false
04-25 17:54:09.662  6421  6421 I RadioButtonFragment: onCreateView
04-25 17:54:09.669  6421  6421 I PlayBackMenuFragment: onCreateView
04-25 17:54:09.673  6421  6421 I LanguageUtils:  dealViewMirror
04-25 17:54:09.673  6421  6421 I LanguageUtils: backgroundDrawable is null
04-25 17:54:09.673  6421  6421 I SkinConfig: View is null
04-25 17:54:09.673  6421  6421 E MusicUtils: This phone does not support DLNA!
04-25 17:54:09.676  6421  6421 I SeekBarFrament: onCreateView
04-25 17:54:09.682  6421  6421 I PlayControlButtonFragment: onCreateView
04-25 17:54:09.691 32545  5608 W droid.launcher: resources.arsc in APK '/data/app/com.estrongs.android.pop-V3EW63qJpeCRINkGufKBQw==/base.apk' is compressed.
04-25 17:54:09.695  6421  6421 I LanguageUtils:  dealViewMirror
04-25 17:54:09.695  6421  6421 I LanguageUtils: backgroundDrawable is null
04-25 17:54:09.695  6421  6421 I LanguageUtils:  dealViewMirror
