04-25 15:25:50.443 31964 31983 V BatteryExternalStatsWorker: WiFi energy data was reset, new WiFi energy data is WifiActivityEnergyInfo{ timestamp=2008347591 mStackState=3 mControllerTxTimeMs=0 mControllerTxTimePerLevelMs=[0, 0, 0, 0, 0, 0, 0, 0, 0, 0, 0, 0, 0, 0, 0, 0, 0, 0, 0, 0, 0, 0, 0, 0, 0, 0, 0, 0, 0, 0, 0, 0, 0, 0, 0, 0, 0, 0, 0, 0, 0, 0, 0, 0, 0, 0, 0, 0, 0, 0, 0, 0, 0, 0, 0, 0, 0, 0, 0, 0, 0, 0, 0, 0, 0, 0, 0, 0, 0, 26, 118, 235, 0, 0, 474, 91, 0, 0, 0, 0, 0, 12951, 0, 0, 0, 0, 0, 0, 0, 0, 0, 0, 0, 0, 0, 0, 0, 0, 0, 0, 0, 0, 0, 0, 0, 0, 0, 0, 0, 0, 0, 0, 0, 0, 0, 0, 0, 0, 0, 0, 0, 0, 0, 0, 0, 0, 0, 0, 0, 0, 0, 0, 0, 0, 0, 0, 0, 0, 0, 0, 0, 0, 0, 0, 0, 0, 0, 0, 0, 0, 0, 0, 0, 0, 0, 0, 0, 0, 0, 0, 0, 0, 0, 0, 0, 0, 0, 563, 0, 0, 0, 0, 0, 0, 0, 0, 0, 0, 0, 0] mControllerRxTimeMs=0 mControllerScanTimeMs=0 mControllerIdleTimeMs=0 mControllerEnergyUsed=0 }
04-25 15:34:34.293   651   651 I /vendor/bin/hw/android.hardware.health@2.0-service.marlin: SRAM data: 2091000
04-25 15:34:34.303   651   651 I /vendor/bin/hw/android.hardware.health@2.0-service.marlin: SRAM data: 2091000
04-25 15:34:36.344 31964 31983 V BatteryExternalStatsWorker: WiFi energy data was reset, new WiFi energy data is WifiActivityEnergyInfo{ timestamp=2008873471 mStackState=3 mControllerTxTimeMs=0 mControllerTxTimePerLevelMs=[0, 0, 0, 0, 0, 0, 0, 0, 0, 0, 0, 0, 0, 0, 0, 0, 0, 0, 0, 0, 0, 0, 0, 0, 0, 0, 0, 0, 0, 0, 0, 0, 0, 0, 0, 0, 0, 0, 0, 0, 0, 0, 0, 0, 0, 0, 0, 0, 0, 0, 0, 0, 0, 0, 0, 0, 0, 0, 0, 0, 0, 0, 0, 0, 0, 0, 0, 0, 0, 26, 118, 235, 0, 0, 475, 91, 0, 0, 0, 0, 0, 12976, 0, 0, 0, 0, 0, 0, 0, 0, 0, 0, 0, 0, 0, 0, 0, 0, 0, 0, 0, 0, 0, 0, 0, 0, 0, 0, 0, 0, 0, 0, 0, 0, 0, 0, 0, 0, 0, 0, 0, 0, 0, 0, 0, 0, 0, 0, 0, 0, 0, 0, 0, 0, 0, 0, 0, 0, 0, 0, 0, 0, 0, 0, 0, 0, 0, 0, 0, 0, 0, 0, 0, 0, 0, 0, 0, 0, 0, 0, 0, 0, 0, 0, 0, 0, 0, 563, 0, 0, 0, 0, 0, 0, 0, 0, 0, 0, 0, 0] mControllerRxTimeMs=0 mControllerScanTimeMs=0 mControllerIdleTimeMs=0 mControllerEnergyUsed=0 }
04-25 15:34:39.483 31901 31917 I Netd    : Destroyed 2 sockets for UidRanges{ 10000-2147483647 } skip={1001 1027 1068 2000 10019 10024 10026 10034 10069 10070} in 4.7 ms
04-25 15:34:39.576 31964 32351 W ActivityManager: Unable to start service Intent { act=com.google.android.gms.ads.identifier.service.START pkg=com.google.android.gms } U=0: not found
04-25 15:35:51.295   651   651 I /vendor/bin/hw/android.hardware.health@2.0-service.marlin: SRAM data: 2091000
04-25 15:35:51.299   651   651 I /vendor/bin/hw/android.hardware.health@2.0-service.marlin: SRAM data: 2091000
04-25 15:45:51.344 32028 32030 I nanohub : osLog: [AR_CHRE] IDLE => ON
04-25 15:45:51.345 32028 32030 I nanohub : osLog: [AR_CHRE] still: 100
04-25 15:45:51.345 32028 32030 I nanohub : osLog: [AR_CHRE] ON => IDLE
04-25 15:45:51.345 32028 32030 I nanohub : osLog: [AR_CHRE] IDLE => ON
04-25 15:45:51.349 32028 32030 I nanohub : osLog: [AR_CHRE] still: 100
04-25 15:45:51.351 32028 32030 I nanohub : osLog: [AR_CHRE] ON => IDLE
04-25 15:45:51.356   651   651 I /vendor/bin/hw/android.hardware.health@2.0-service.marlin: SRAM data: 2091000
04-25 15:46:14.351   651   651 I /vendor/bin/hw/android.hardware.health@2.0-service.marlin: SRAM data: 2091000
04-25 15:55:51.319 32028 32030 I nanohub : osLog: [AR_CHRE] IDLE => ON
04-25 15:55:51.319 32028 32030 I nanohub : osLog: [AR_CHRE] still: 100
04-25 15:55:51.319 32028 32030 I nanohub : osLog: [AR_CHRE] ON => IDLE
04-25 15:55:51.319 32028 32030 I nanohub : osLog: [AR_CHRE] IDLE => ON
04-25 15:55:51.319 32028 32030 I nanohub : osLog: [AR_CHRE] still: 93
04-25 15:55:51.320 32028 32030 I nanohub : osLog: [AR_CHRE] ON => IDLE
04-25 15:55:51.322 32028 32030 I nanohub : osLog: [AR_CHRE] IDLE => ON
04-25 15:55:51.335   651   651 I /vendor/bin/hw/android.hardware.health@2.0-service.marlin: SRAM data: 2091000
04-25 15:55:51.815   651   651 I /vendor/bin/hw/android.hardware.health@2.0-service.marlin: SRAM data: 2091000
04-25 15:57:14.338 32028 32030 I nanohub : osLog: [AR_CHRE] still: 100
04-25 15:57:14.339 32028 32030 I nanohub : osLog: [AR_CHRE] ON => IDLE
04-25 15:57:14.346   651   651 I /vendor/bin/hw/android.hardware.health@2.0-service.marlin: SRAM data: 2091000
04-25 15:57:14.359   651   651 I /vendor/bin/hw/android.hardware.health@2.0-service.marlin: SRAM data: 2091000
04-25 15:57:14.384 31964 32050 W BestClock: java.time.DateTimeException: Missing NTP fix
04-25 15:57:14.413 31964 32050 W BestClock: java.time.DateTimeException: Missing NTP fix
04-25 15:57:14.416 31964 32051 W BestClock: java.time.DateTimeException: Missing NTP fix
04-25 15:57:15.249 31964 31983 V BatteryExternalStatsWorker: WiFi energy data was reset, new WiFi energy data is WifiActivityEnergyInfo{ timestamp=2010232375 mStackState=3 mControllerTxTimeMs=0 mControllerTxTimePerLevelMs=[0, 0, 0, 0, 0, 0, 0, 0, 0, 0, 0, 0, 0, 0, 0, 0, 0, 0, 0, 0, 0, 0, 0, 0, 0, 0, 0, 0, 0, 0, 0, 0, 0, 0, 0, 0, 0, 0, 0, 0, 0, 0, 0, 0, 0, 0, 0, 0, 0, 0, 0, 0, 0, 0, 0, 0, 0, 0, 0, 0, 0, 0, 0, 0, 0, 0, 0, 0, 0, 26, 118, 235, 0, 0, 475, 91, 0, 0, 0, 0, 0, 12987, 0, 0, 0, 0, 0, 0, 0, 0, 0, 0, 0, 0, 0, 0, 0, 0, 0, 0, 0, 0, 0, 0, 0, 0, 0, 0, 0, 0, 0, 0, 0, 0, 0, 0, 0, 0, 0, 0, 0, 0, 0, 0, 0, 0, 0, 0, 0, 0, 0, 0, 0, 0, 0, 0, 0, 0, 0, 0, 0, 0, 0, 0, 0, 0, 0, 0, 0, 0, 0, 0, 0, 0, 0, 0, 0, 0, 0, 0, 0, 0, 0, 0, 0, 0, 0, 563, 0, 0, 0, 0, 0, 0, 0, 0, 0, 0, 0, 0] mControllerRxTimeMs=0 mControllerScanTimeMs=0 mControllerIdleTimeMs=0 mControllerEnergyUsed=0 }
04-25 15:57:19.628 31901 31917 I Netd    : Destroyed 2 sockets for UidRanges{ 10000-2147483647 } skip={1001 1027 1068 2000 10019 10024 10026 10034 10069 10070} in 17.9 ms
04-25 15:57:24.657 31964 31964 D AnyMotionDetector: angleBetween: this = timeMillisSinceBoot=2010234149 | x=0.017988814, y=0.049668897, z=0.99860376, other = timeMillisSinceBoot=2010241808 | x=0.017758984, y=0.048962764, z=0.9986427, degrees = 0.042605788
04-25 15:57:24.672 31964 31964 I GnssLocationProvider: WakeLock acquired by sendMessage(SET_REQUEST, 0, com.android.server.location.GnssLocationProvider$GpsRequest@c749983)
04-25 15:57:24.683 31964 31978 I GnssLocationProvider: WakeLock released by handleMessage(SET_REQUEST, 0, com.android.server.location.GnssLocationProvider$GpsRequest@c749983)
04-25 15:57:25.342   651   651 I /vendor/bin/hw/android.hardware.health@2.0-service.marlin: SRAM data: 2091000
04-25 15:57:47.354   651   651 I chatty  : uid=1000(system) health@2.0-serv identical 70 lines
04-25 15:57:47.780   651   651 I /vendor/bin/hw/android.hardware.health@2.0-service.marlin: SRAM data: 2091000
04-25 15:57:47.784 32028 32030 I nanohub : osLog: [AR_CHRE] IDLE => ON
04-25 15:57:47.829   651   651 I /vendor/bin/hw/android.hardware.health@2.0-service.marlin: SRAM data: 2091000
04-25 15:57:53.301   651   651 I /vendor/bin/hw/android.hardware.health@2.0-service.marlin: SRAM data: 2091000
04-25 15:57:54.674 31964 31978 W AlarmManager: Unrecognized alarm listener com.android.server.DeviceIdleController$4@4f2f5cf
04-25 15:57:54.682 31964 31978 I GnssLocationProvider: WakeLock acquired by sendMessage(SET_REQUEST, 0, com.android.server.location.GnssLocationProvider$GpsRequest@2bd7700)
04-25 15:57:54.701 31964 31978 I GnssLocationProvider: WakeLock released by handleMessage(SET_REQUEST, 0, com.android.server.location.GnssLocationProvider$GpsRequest@2bd7700)
04-25 16:05:50.387 32028 32030 I nanohub : osLog: [AR_CHRE] still: 100
04-25 16:05:50.388 32028 32030 I nanohub : osLog: [AR_CHRE] ON => IDLE
04-25 16:05:50.388 32028 32030 I nanohub : osLog: [AR_CHRE] IDLE => ON
04-25 16:05:50.388 32028 32030 I nanohub : osLog: [AR_CHRE] still: 100
04-25 16:05:50.388 32028 32030 I nanohub : osLog: [AR_CHRE] ON => IDLE
04-25 16:05:50.428   651   651 I /vendor/bin/hw/android.hardware.health@2.0-service.marlin: SRAM data: 2091000
04-25 16:05:50.473   651   651 I chatty  : uid=1000(system) health@2.0-serv identical 10 lines
04-25 16:05:50.482   651   651 I /vendor/bin/hw/android.hardware.health@2.0-service.marlin: SRAM data: 2091000
04-25 16:07:24.846 32028 32030 I nanohub : osLog: [AR_CHRE] IDLE => ON
04-25 16:07:24.846 32028 32030 I nanohub : osLog: [AR_CHRE] still: 96
04-25 16:07:24.846 32028 32030 I nanohub : osLog: [AR_CHRE] ON => IDLE
04-25 16:07:24.851 31964 31979 W ProcessCpuTracker: Skipping unknown process pid 5912
04-25 16:07:24.860   651   651 I /vendor/bin/hw/android.hardware.health@2.0-service.marlin: SRAM data: 2091000
04-25 16:07:24.865   651   651 I /vendor/bin/hw/android.hardware.health@2.0-service.marlin: SRAM data: 2091000
04-25 16:15:50.369 32028 32030 I nanohub : osLog: [AR_CHRE] IDLE => ON
04-25 16:15:50.370 32028 32030 I nanohub : osLog: [AR_CHRE] still: 98
04-25 16:15:50.370 32028 32030 I nanohub : osLog: [AR_CHRE] ON => IDLE
04-25 16:15:50.384   651   651 I /vendor/bin/hw/android.hardware.health@2.0-service.marlin: SRAM data: 2091000
04-25 16:15:50.840   651   651 I /vendor/bin/hw/android.hardware.health@2.0-service.marlin: SRAM data: 2091000
04-25 16:17:24.887   651   651 I /vendor/bin/hw/android.hardware.health@2.0-service.marlin: SRAM data: 2091000
04-25 16:17:24.903   651   651 I /vendor/bin/hw/android.hardware.health@2.0-service.marlin: SRAM data: 2091000
04-25 16:25:50.406   651   651 I /vendor/bin/hw/android.hardware.health@2.0-service.marlin: SRAM data: 2091000
04-25 16:25:50.434   651   651 I /vendor/bin/hw/android.hardware.health@2.0-service.marlin: SRAM data: 2091000
04-25 16:32:00.165 32028 32030 I nanohub : osLog: [AR_CHRE] IDLE => ON
04-25 16:32:00.185   651   651 I /vendor/bin/hw/android.hardware.health@2.0-service.marlin: SRAM data: 2091000
04-25 16:32:00.218 32028 32030 I nanohub : osLog: [PickupGesture] power: 0
04-25 16:32:00.227   651   651 I /vendor/bin/hw/android.hardware.health@2.0-service.marlin: SRAM data: 2091000
04-25 16:32:00.268 32028 32030 I nanohub : osLog: [PickupGesture] power: 1
04-25 16:32:00.309   651   651 I /vendor/bin/hw/android.hardware.health@2.0-service.marlin: SRAM data: 2091000
04-25 16:32:00.316 31964 31989 I DisplayPowerController: Blocking screen on until initial contents have been drawn.
04-25 16:32:00.334   497   497 D SurfaceFlinger: Set power mode=2, type=0 flinger=0x4900000100
04-25 16:32:00.334 31964 31987 I DisplayManagerService: Display device changed state: "内置屏幕", ON
04-25 16:32:00.334   499   586 I SDM     : DisplayBase::SetDisplayState: Set state = 1, display 0
04-25 16:32:00.340 31964 32044 I InputReader: Reconfiguring input devices.  changes=0x00000004
04-25 16:32:00.388 31964 31983 V BatteryExternalStatsWorker: WiFi energy data was reset, new WiFi energy data is WifiActivityEnergyInfo{ timestamp=2012317536 mStackState=3 mControllerTxTimeMs=0 mControllerTxTimePerLevelMs=[0, 0, 0, 0, 0, 0, 0, 0, 0, 0, 0, 0, 0, 0, 0, 0, 0, 0, 0, 0, 0, 0, 0, 0, 0, 0, 0, 0, 0, 0, 0, 0, 0, 0, 0, 0, 0, 0, 0, 0, 0, 0, 0, 0, 0, 0, 0, 0, 0, 0, 0, 0, 0, 0, 0, 0, 0, 0, 0, 0, 0, 0, 0, 0, 0, 0, 0, 0, 0, 26, 118, 235, 0, 0, 477, 91, 0, 0, 0, 0, 0, 13013, 0, 0, 0, 0, 0, 0, 0, 0, 0, 0, 0, 0, 0, 0, 0, 0, 0, 0, 0, 0, 0, 0, 0, 0, 0, 0, 0, 0, 0, 0, 0, 0, 0, 0, 0, 0, 0, 0, 0, 0, 0, 0, 0, 0, 0, 0, 0, 0, 0, 0, 0, 0, 0, 0, 0, 0, 0, 0, 0, 0, 0, 0, 0, 0, 0, 0, 0, 0, 0, 0, 0, 0, 0, 0, 0, 0, 0, 0, 0, 0, 0, 0, 0, 0, 0, 563, 0, 0, 0, 0, 0, 0, 0, 0, 0, 0, 0, 0] mControllerRxTimeMs=0 mControllerScanTimeMs=0 mControllerIdleTimeMs=0 mControllerEnergyUsed=0 }
04-25 16:32:00.392 31964 31989 I DisplayPowerController: Unblocked screen on after 76 ms
04-25 16:32:00.400   497   497 D SurfaceFlinger: Finished set power mode=2, type=0
04-25 16:32:06.511 32028 32030 I nanohub : osLog: [PickupGesture] power: 0
04-25 16:32:06.512 31964 31989 I DisplayPowerController: Blocking screen off
04-25 16:32:06.515 31964 31989 I DisplayPowerController: Unblocked screen off after 4 ms
04-25 16:32:06.524 32028 32030 I nanohub : osLog: [PickupGesture] power: 1
04-25 16:32:06.548   651   651 I /vendor/bin/hw/android.hardware.health@2.0-service.marlin: SRAM data: 2091000
04-25 16:32:06.560 32137 32137 D StatusBar: disable<e i a s b H R c s > disable2<q i n >
04-25 16:32:06.583 32137 32137 I chatty  : uid=10034(com.android.systemui) identical 14 lines
04-25 16:32:06.584 32137 32137 D StatusBar: disable<e i a s b H R c s > disable2<q i n >
04-25 16:32:06.589 31964 31987 I DisplayManagerService: Display device changed state: "内置屏幕", OFF
04-25 16:32:06.590   497   497 D SurfaceFlinger: Set power mode=0, type=0 flinger=0x4900000100
04-25 16:32:06.600 31964 32044 I InputReader: Reconfiguring input devices.  changes=0x00000004
04-25 16:32:06.602   499   586 I SDM     : DisplayBase::SetDisplayState: Set state = 0, display 0
04-25 16:32:06.828   497   497 D SurfaceFlinger: Finished set power mode=0, type=0
04-25 16:32:06.834 31964 32084 D SurfaceControl: Excessive delay in setPowerMode()
04-25 16:32:07.261   651   651 I /vendor/bin/hw/android.hardware.health@2.0-service.marlin: SRAM data: 2091000
04-25 16:32:07.268   651   651 I /vendor/bin/hw/android.hardware.health@2.0-service.marlin: SRAM data: 2091000
04-25 16:35:51.385 32028 32030 I nanohub : osLog: [AR_CHRE] still: 91
04-25 16:35:51.385 32028 32030 I nanohub : osLog: [AR_CHRE] ON => IDLE
04-25 16:35:51.392   651   651 I /vendor/bin/hw/android.hardware.health@2.0-service.marlin: SRAM data: 2091000
04-25 16:35:51.460 31964 31983 V BatteryExternalStatsWorker: WiFi energy data was reset, new WiFi energy data is WifiActivityEnergyInfo{ timestamp=2012548605 mStackState=3 mControllerTxTimeMs=0 mControllerTxTimePerLevelMs=[0, 0, 0, 0, 0, 0, 0, 0, 0, 0, 0, 0, 0, 0, 0, 0, 0, 0, 0, 0, 0, 0, 0, 0, 0, 0, 0, 0, 0, 0, 0, 0, 0, 0, 0, 0, 0, 0, 0, 0, 0, 0, 0, 0, 0, 0, 0, 0, 0, 0, 0, 0, 0, 0, 0, 0, 0, 0, 0, 0, 0, 0, 0, 0, 0, 0, 0, 0, 0, 26, 118, 236, 0, 0, 478, 91, 0, 0, 0, 0, 0, 13056, 0, 0, 0, 0, 0, 0, 0, 0, 0, 0, 0, 0, 0, 0, 0, 0, 0, 0, 0, 0, 0, 0, 0, 0, 0, 0, 0, 0, 0, 0, 0, 0, 0, 0, 0, 0, 0, 0, 0, 0, 0, 0, 0, 0, 0, 0, 0, 0, 0, 0, 0, 0, 0, 0, 0, 0, 0, 0, 0, 0, 0, 0, 0, 0, 0, 0, 0, 0, 0, 0, 0, 0, 0, 0, 0, 0, 0, 0, 0, 0, 0, 0, 0, 0, 0, 563, 0, 0, 0, 0, 0, 0, 0, 0, 0, 0, 0, 0] mControllerRxTimeMs=0 mControllerScanTimeMs=0 mControllerIdleTimeMs=0 mControllerEnergyUsed=0 }
04-25 16:35:51.824   651   651 I /vendor/bin/hw/android.hardware.health@2.0-service.marlin: SRAM data: 2091000
04-25 16:45:51.404 32028 32030 I nanohub : osLog: [AR_CHRE] IDLE => ON
04-25 16:45:51.438   651   651 I /vendor/bin/hw/android.hardware.health@2.0-service.marlin: SRAM data: 2091000
04-25 16:45:51.471   651   651 I /vendor/bin/hw/android.hardware.health@2.0-service.marlin: SRAM data: 2091000
04-25 16:53:39.409 32028 32030 I nanohub : osLog: [AR_CHRE] still: 100
04-25 16:53:39.410 32028 32030 I nanohub : osLog: [AR_CHRE] ON => IDLE
04-25 16:53:39.410 32028 32030 I nanohub : osLog: [AR_CHRE] IDLE => ON
04-25 16:53:39.410 32028 32030 I nanohub : osLog: [AR_CHRE] still: 100
04-25 16:53:39.410 32028 32030 I nanohub : osLog: [AR_CHRE] ON => IDLE
04-25 16:53:39.433   651   651 I /vendor/bin/hw/android.hardware.health@2.0-service.marlin: SRAM data: 2091000
04-25 16:53:39.454   651   651 I /vendor/bin/hw/android.hardware.health@2.0-service.marlin: SRAM data: 2091000
04-25 16:53:39.492 31964 32050 W BestClock: java.time.DateTimeException: Missing NTP fix
04-25 16:53:39.547 31964 32050 W BestClock: java.time.DateTimeException: Missing NTP fix
04-25 16:53:39.551 31964 32051 W BestClock: java.time.DateTimeException: Missing NTP fix
04-25 16:53:39.555 31964 32050 W BestClock: java.time.DateTimeException: Missing NTP fix
04-25 16:53:39.575 31964 32050 W BestClock: java.time.DateTimeException: Missing NTP fix
04-25 16:53:39.579 31964 32051 W BestClock: java.time.DateTimeException: Missing NTP fix
04-25 16:53:42.696 32624 32652 I WorkerWrapper: Worker result SUCCESS for Work [ id=704b7f25-6315-4ef3-a046-1139d9dd5202, tags={ com.estrongs.android.util.KAWorker } ]
04-25 16:53:42.863 31964 32393 D ConnectivityService: Returning UNBLOCKED NetworkInfo to uid=10074
04-25 16:53:45.586 31964 31983 V BatteryExternalStatsWorker: WiFi energy data was reset, new WiFi energy data is WifiActivityEnergyInfo{ timestamp=2013622711 mStackState=3 mControllerTxTimeMs=0 mControllerTxTimePerLevelMs=[0, 0, 0, 0, 0, 0, 0, 0, 0, 0, 0, 0, 0, 0, 0, 0, 0, 0, 0, 0, 0, 0, 0, 0, 0, 0, 0, 0, 0, 0, 0, 0, 0, 0, 0, 0, 0, 0, 0, 0, 0, 0, 0, 0, 0, 0, 0, 0, 0, 0, 0, 0, 0, 0, 0, 0, 0, 0, 0, 0, 0, 0, 0, 0, 0, 0, 0, 0, 0, 26, 118, 236, 0, 0, 478, 91, 0, 0, 0, 0, 0, 13060, 0, 0, 0, 0, 0, 0, 0, 0, 0, 0, 0, 0, 0, 0, 0, 0, 0, 0, 0, 0, 0, 0, 0, 0, 0, 0, 0, 0, 0, 0, 0, 0, 0, 0, 0, 0, 0, 0, 0, 0, 0, 0, 0, 0, 0, 0, 0, 0, 0, 0, 0, 0, 0, 0, 0, 0, 0, 0, 0, 0, 0, 0, 0, 0, 0, 0, 0, 0, 0, 0, 0, 0, 0, 0, 0, 0, 0, 0, 0, 0, 0, 0, 0, 0, 0, 563, 0, 0, 0, 0, 0, 0, 0, 0, 0, 0, 0, 0] mControllerRxTimeMs=0 mControllerScanTimeMs=0 mControllerIdleTimeMs=0 mControllerEnergyUsed=0 }
04-25 16:54:06.715 31964 31983 V BatteryExternalStatsWorker: WiFi energy data was reset, new WiFi energy data is WifiActivityEnergyInfo{ timestamp=2013643851 mStackState=3 mControllerTxTimeMs=0 mControllerTxTimePerLevelMs=[0, 0, 0, 0, 0, 0, 0, 0, 0, 0, 0, 0, 0, 0, 0, 0, 0, 0, 0, 0, 0, 0, 0, 0, 0, 0, 0, 0, 0, 0, 0, 0, 0, 0, 0, 0, 0, 0, 0, 0, 0, 0, 0, 0, 0, 0, 0, 0, 0, 0, 0, 0, 0, 0, 0, 0, 0, 0, 0, 0, 0, 0, 0, 0, 0, 0, 0, 0, 0, 26, 118, 239, 0, 0, 481, 91, 0, 0, 0, 0, 0, 13115, 0, 0, 0, 0, 0, 0, 0, 0, 0, 0, 0, 0, 0, 0, 0, 0, 0, 0, 0, 0, 0, 0, 0, 0, 0, 0, 0, 0, 0, 0, 0, 0, 0, 0, 0, 0, 0, 0, 0, 0, 0, 0, 0, 0, 0, 0, 0, 0, 0, 0, 0, 0, 0, 0, 0, 0, 0, 0, 0, 0, 0, 0, 0, 0, 0, 0, 0, 0, 0, 0, 0, 0, 0, 0, 0, 0, 0, 0, 0, 0, 0, 0, 0, 0, 0, 563, 0, 0, 0, 0, 0, 0, 0, 0, 0, 0, 0, 0] mControllerRxTimeMs=0 mControllerScanTimeMs=0 mControllerIdleTimeMs=0 mControllerEnergyUsed=0 }
04-25 16:54:09.758 31901 31917 I Netd    : Destroyed 4 sockets for UidRanges{ 10000-2147483647 } skip={1001 1027 1068 2000 10019 10024 10026 10034 10069 10070} in 29.9 ms
04-25 16:54:09.877 31964 32393 W ActivityManager: Unable to start service Intent { act=com.google.android.gms.ads.identifier.service.START pkg=com.google.android.gms } U=0: not found
04-25 16:55:50.345   651   651 I /vendor/bin/hw/android.hardware.health@2.0-service.marlin: SRAM data: 2091000
04-25 16:55:50.359   651   651 I chatty  : uid=1000(system) health@2.0-serv identical 10 lines
04-25 16:55:50.362   651   651 I /vendor/bin/hw/android.hardware.health@2.0-service.marlin: SRAM data: 2091000
04-25 17:05:51.351 32028 32030 I nanohub : osLog: [AR_CHRE] IDLE => ON
04-25 17:05:51.352 32028 32030 I nanohub : osLog: [AR_CHRE] still: 100
04-25 17:05:51.352 32028 32030 I nanohub : osLog: [AR_CHRE] ON => IDLE
04-25 17:05:51.362   651   651 I /vendor/bin/hw/android.hardware.health@2.0-service.marlin: SRAM data: 2091000
04-25 17:05:52.089   651   651 I /vendor/bin/hw/android.hardware.health@2.0-service.marlin: SRAM data: 2091000
04-25 17:15:51.365   651   651 I /vendor/bin/hw/android.hardware.health@2.0-service.marlin: SRAM data: 2091000
04-25 17:15:51.371   651   651 I /vendor/bin/hw/android.hardware.health@2.0-service.marlin: SRAM data: 2091000
04-25 17:25:51.406   651   651 I /vendor/bin/hw/android.hardware.health@2.0-service.marlin: SRAM data: 2091000
04-25 17:25:51.459   651   651 I /vendor/bin/hw/android.hardware.health@2.0-service.marlin: SRAM data: 2091000
04-25 17:25:51.527 31964 31974 I system_server: Background concurrent copying GC freed 120236(4MB) AllocSpace objects, 77(1956KB) LOS objects, 42% free, 8MB/15MB, paused 377us total 464.200ms
04-25 17:32:08.404   651   651 I /vendor/bin/hw/android.hardware.health@2.0-service.marlin: SRAM data: 2091000
04-25 17:32:08.420   651   651 I /vendor/bin/hw/android.hardware.health@2.0-service.marlin: SRAM data: 2091000
04-25 17:35:51.419   651   651 I /vendor/bin/hw/android.hardware.health@2.0-service.marlin: SRAM data: 2091000
04-25 17:35:51.423   651   651 I /vendor/bin/hw/android.hardware.health@2.0-service.marlin: SRAM data: 2091000
04-25 17:45:51.440   651   651 I /vendor/bin/hw/android.hardware.health@2.0-service.marlin: SRAM data: 2091000
04-25 17:45:51.458   651   651 I /vendor/bin/hw/android.hardware.health@2.0-service.marlin: SRAM data: 2091000
04-25 17:48:48.503 32028 32030 I nanohub : osLog: [AR_CHRE] IDLE => ON
04-25 17:48:48.518   651   651 I /vendor/bin/hw/android.hardware.health@2.0-service.marlin: SRAM data: 2091000
04-25 17:48:48.524   651   651 I /vendor/bin/hw/android.hardware.health@2.0-service.marlin: SRAM data: 2091000
04-25 17:48:48.540   811   905 D fpc_tac : fpc_tee_nav_loop waiting for finger down
04-25 17:48:48.955   651   651 I /vendor/bin/hw/android.hardware.health@2.0-service.marlin: SRAM data: 2091000
04-25 17:48:48.961   651   651 I /vendor/bin/hw/android.hardware.health@2.0-service.marlin: SRAM data: 2091000
04-25 17:48:49.090 32028 32030 I nanohub : osLog: [PickupGesture] sending event 0x00000001
04-25 17:48:49.117 32028 32030 I nanohub : osLog: [PickupGesture] power: 0
04-25 17:48:49.163 32028 32030 I nanohub : osLog: [PickupGesture] power: 1
04-25 17:48:49.234   651   651 I /vendor/bin/hw/android.hardware.health@2.0-service.marlin: SRAM data: 2091000
04-25 17:48:49.239 31964 31989 I DisplayPowerController: Blocking screen on until initial contents have been drawn.
04-25 17:48:49.288 32028 32030 I nanohub : osLog: [PickupGesture] sending event 0x00000001
04-25 17:48:49.289 31964 31987 I DisplayManagerService: Display device changed state: "内置屏幕", ON
04-25 17:48:49.290   497   497 D SurfaceFlinger: Set power mode=2, type=0 flinger=0x4900000100
04-25 17:48:49.291 32028 32030 I nanohub : osLog: [PickupGesture] power: 0
04-25 17:48:49.301 31964 32044 I InputReader: Reconfiguring input devices.  changes=0x00000004
04-25 17:48:49.311   499   586 I SDM     : DisplayBase::SetDisplayState: Set state = 1, display 0
04-25 17:48:49.353 31964 31989 I DisplayPowerController: Unblocked screen on after 114 ms
04-25 17:48:49.373 32028 32030 I nanohub : osLog: [PickupGesture] power: 1
04-25 17:48:49.375   497   497 D SurfaceFlinger: Finished set power mode=2, type=0
04-25 17:48:49.379   499   586 E SDM     : DisplayBase::Commit: Commit: Corresponding Prepare() is not called for display = 0
04-25 17:48:49.444 32028 32030 I nanohub : osLog: [PickupGesture] sending event 0x00000001
04-25 17:48:49.448 32028 32030 I nanohub : osLog: [PickupGesture] power: 0
04-25 17:48:49.464 32028 32030 I nanohub : osLog: [PickupGesture] power: 1
04-25 17:48:49.544 32028 32030 I nanohub : osLog: [PickupGesture] sending event 0x00000001
04-25 17:48:49.547 32028 32030 I nanohub : osLog: [PickupGesture] power: 0
04-25 17:48:49.570 32028 32030 I nanohub : osLog: [PickupGesture] power: 1
04-25 17:48:49.643 32028 32030 I nanohub : osLog: [PickupGesture] sending event 0x00000001
04-25 17:48:49.646 32028 32030 I nanohub : osLog: [PickupGesture] power: 0
04-25 17:48:49.666 32028 32030 I nanohub : osLog: [PickupGesture] power: 1
04-25 17:48:49.744 32028 32030 I nanohub : osLog: [PickupGesture] sending event 0x00000001
04-25 17:48:49.749 32028 32030 I nanohub : osLog: [PickupGesture] power: 0
04-25 17:48:49.794 32028 32030 I nanohub : osLog: [PickupGesture] power: 1
04-25 17:48:49.844 32028 32030 I nanohub : osLog: [PickupGesture] sending event 0x00000001
04-25 17:48:49.848 32028 32030 I nanohub : osLog: [PickupGesture] power: 0
04-25 17:48:49.885 32028 32030 I nanohub : osLog: [PickupGesture] power: 1
04-25 17:48:49.941 32028 32030 I nanohub : osLog: [PickupGesture] sending event 0x00000001
04-25 17:48:49.946 32028 32030 I nanohub : osLog: [PickupGesture] power: 0
04-25 17:48:49.985 32028 32030 I nanohub : osLog: [PickupGesture] power: 1
04-25 17:48:52.763 31964 31978 I UsageStatsService: User[0] Flushing usage stats to disk
04-25 17:48:54.736   651   651 I /vendor/bin/hw/android.hardware.health@2.0-service.marlin: SRAM data: 2091000
04-25 17:48:54.751   651   651 I /vendor/bin/hw/android.hardware.health@2.0-service.marlin: SRAM data: 2091000
04-25 17:48:54.910   663  1283 I android.hardware.usb@1.1-service: uevent received DEVTYPE=typec_port
04-25 17:48:54.918   663  1283 I android.hardware.usb@1.1-service: port0
04-25 17:48:54.918   663  1283 I android.hardware.usb@1.1-service: connected:0 canChangeMode:1 canChagedata:0 canChangePower:0
04-25 17:48:54.921 31964  5590 I UsbPortManager: ClientCallback: port0
04-25 17:48:54.926   651   651 I /vendor/bin/hw/android.hardware.health@2.0-service.marlin: SRAM data: 2091000
04-25 17:48:54.946   651   651 I chatty  : uid=1000(system) health@2.0-serv identical 6 lines
04-25 17:48:54.953   651   651 I /vendor/bin/hw/android.hardware.health@2.0-service.marlin: SRAM data: 2091000
04-25 17:48:55.162   663  1283 I android.hardware.usb@1.1-service: uevent received DEVTYPE=typec_port
04-25 17:48:55.165   663  1283 I android.hardware.usb@1.1-service: port0
04-25 17:48:55.167   663  1283 I android.hardware.usb@1.1-service: connected:1 canChangeMode:1 canChagedata:0 canChangePower:0
04-25 17:48:55.171   663  1283 I android.hardware.usb@1.1-service: partner added
04-25 17:48:55.171   663  1283 I android.hardware.usb@1.1-service: uevent received DEVTYPE=typec_partner
04-25 17:48:55.172 31964 32026 I UsbPortManager: ClientCallback: port0
04-25 17:48:55.173 31964 31985 I UsbPortManager: USB port changed: port=UsbPort{id=port0, supportedModes=dual}, status=UsbPortStatus{connected=true, currentMode=ufp, currentPowerRole=sink, currentDataRole=device, supportedRoleCombinations=[source:host, sink:device]}, canChangeMode=true, canChangePowerRole=false, canChangeDataRole=false
04-25 17:48:55.175   663  1283 I android.hardware.usb@1.1-service: port0
04-25 17:48:55.177   663  1283 I android.hardware.usb@1.1-service: connected:1 canChangeMode:1 canChagedata:0 canChangePower:0
04-25 17:48:55.179 31964 32070 I UsbPortManager: ClientCallback: port0
04-25 17:48:55.592   651   651 I /vendor/bin/hw/android.hardware.health@2.0-service.marlin: SRAM data: 2091000
04-25 17:48:55.614 31964 31979 W BroadcastQueue: Background execution not allowed: receiving Intent { act=android.intent.action.ACTION_POWER_CONNECTED flg=0x4000010 (has extras) } to com.estrongs.android.pop/.app.StartServiceReceiver
04-25 17:48:55.615 31964 31986 I EntropyMixer: Writing entropy...
04-25 17:48:55.632 31964 31989 I PowerManagerService: Waking up from dozing (uid=1000 reason=android.server.power:POWER)...
04-25 17:48:55.656 31964 31989 I DreamManagerService: Gently waking up from dream.
04-25 17:48:55.656 31964 31985 I DreamManagerService: Performing gentle wake from dream.
04-25 17:48:55.659 31964 32345 I DreamManagerService: Leaving dreamland.
04-25 17:48:55.659 31964 31985 I DreamManagerService: Performing gentle wake from dream.
04-25 17:48:55.659 31964 31985 I DreamController: Stopping dream: name=ComponentInfo{com.android.systemui/com.android.systemui.doze.DozeService}, isTest=false, canDoze=true, userId=0
04-25 17:48:55.673 31964 31979 W BroadcastQueue: Background execution not allowed: receiving Intent { act=android.intent.action.ACTION_POWER_CONNECTED flg=0x4000010 (has extras) } to com.estrongs.android.pop/.app.ReportAliveReceiver
04-25 17:48:55.678 31964 31964 W UsageStatsService: Event reported without a package name
04-25 17:48:55.680   651   651 I /vendor/bin/hw/android.hardware.health@2.0-service.marlin: SRAM data: 2091000
04-25 17:48:55.700 31964 32050 W BestClock: java.time.DateTimeException: Missing NTP fix
04-25 17:48:55.701 32028 32030 I nanohub : osLog: [PickupGesture] power: 0
04-25 17:48:55.703 31964 31964 V MediaPlayer: resetDrmState:  mDrmInfo=null mDrmProvisioningThread=null mPrepareDrmInProgress=false mActiveDrmScheme=false
04-25 17:48:55.704 31964 31964 V MediaPlayer: cleanDrmObj: mDrmObj=null mDrmSessionId=null
04-25 17:48:55.704 31964 31964 V MediaPlayer: resetDrmState:  mDrmInfo=null mDrmProvisioningThread=null mPrepareDrmInProgress=false mActiveDrmScheme=false
04-25 17:48:55.704 31964 31964 V MediaPlayer: cleanDrmObj: mDrmObj=null mDrmSessionId=null
04-25 17:48:55.705 32028 32030 I nanohub : osLog: [AR_CHRE] ON => OFF
04-25 17:48:55.705 31964 31964 D Ringtone: Problem opening; delegating to remote player
04-25 17:48:55.705 31964 31964 W Ringtone: Use of stream types is deprecated for operations other than volume control
04-25 17:48:55.705 31964 31964 W Ringtone: See the documentation of setStreamType() for what to use instead with android.media.AudioAttributes to qualify your playback use case
04-25 17:48:55.706 32028 32030 I nanohub : osLog: [AR_CHRE] activity powered off
04-25 17:48:55.709 31964 31964 V MediaPlayer: resetDrmState:  mDrmInfo=null mDrmProvisioningThread=null mPrepareDrmInProgress=false mActiveDrmScheme=false
04-25 17:48:55.709 31964 31964 V MediaPlayer: cleanDrmObj: mDrmObj=null mDrmSessionId=null
04-25 17:48:55.709 31964 31964 V MediaPlayer: resetDrmState:  mDrmInfo=null mDrmProvisioningThread=null mPrepareDrmInProgress=false mActiveDrmScheme=false
04-25 17:48:55.709 31964 31964 V MediaPlayer: cleanDrmObj: mDrmObj=null mDrmSessionId=null
04-25 17:48:55.710 31964 31964 D Ringtone: Problem opening; delegating to remote player
04-25 17:48:55.713 32137 32137 D StatusBar: disable<e i a s b H R c s > disable2<q i n >
04-25 17:48:55.713 32137 32137 D StatusBar: disable<e i a s b H R c s > disable2<q i n >
04-25 17:48:55.719 31964 31964 W AlarmManager: Unrecognized alarm listener com.android.server.job.controllers.-$$Lambda$IdleController$IdlenessTracker$nTdS-lGBXcES5VWKcJFmQFgU7IU@ccf67c4
04-25 17:48:55.726 32137 32460 V MediaPlayer: resetDrmState:  mDrmInfo=null mDrmProvisioningThread=null mPrepareDrmInProgress=false mActiveDrmScheme=false
04-25 17:48:55.728 31964 32050 W BestClock: java.time.DateTimeException: Missing NTP fix
04-25 17:48:55.729 32137 32460 V MediaPlayer: cleanDrmObj: mDrmObj=null mDrmSessionId=null
04-25 17:48:55.730 32137 32460 V MediaPlayer: resetDrmState:  mDrmInfo=null mDrmProvisioningThread=null mPrepareDrmInProgress=false mActiveDrmScheme=false
04-25 17:48:55.730 32137 32460 V MediaPlayer: cleanDrmObj: mDrmObj=null mDrmSessionId=null
04-25 17:48:55.733 31964 32051 W BestClock: java.time.DateTimeException: Missing NTP fix
04-25 17:48:55.734 32137 32460 W Ringtone: Remote playback not allowed: java.io.IOException: setDataSource failed.
04-25 17:48:55.734 32137 32460 D Ringtone: Problem opening; delegating to remote player
04-25 17:48:55.734 32137 32460 W Ringtone: Neither local nor remote player available when applying playback properties
04-25 17:48:55.734 32137 32460 W Ringtone: Neither local nor remote player available when applying playback properties
04-25 17:48:55.735 32137 32460 W Ringtone: Neither local nor remote playback available
04-25 17:48:55.736 31964 32050 W BestClock: java.time.DateTimeException: Missing NTP fix
04-25 17:48:55.748 31964 32050 W BestClock: java.time.DateTimeException: Missing NTP fix
04-25 17:48:55.750 31964 32051 W BestClock: java.time.DateTimeException: Missing NTP fix
04-25 17:48:55.752 31964 31983 E BatteryExternalStatsWorker: no controller energy info supplied for bluetooth
04-25 17:48:55.773 31964 31983 V BatteryExternalStatsWorker: WiFi energy data was reset, new WiFi energy data is WifiActivityEnergyInfo{ timestamp=2016932911 mStackState=3 mControllerTxTimeMs=0 mControllerTxTimePerLevelMs=[0, 0, 0, 0, 0, 0, 0, 0, 0, 0, 0, 0, 0, 0, 0, 0, 0, 0, 0, 0, 0, 0, 0, 0, 0, 0, 0, 0, 0, 0, 0, 0, 0, 0, 0, 0, 0, 0, 0, 0, 0, 0, 0, 0, 0, 0, 0, 0, 0, 0, 0, 0, 0, 0, 0, 0, 0, 0, 0, 0, 0, 0, 0, 0, 0, 0, 0, 0, 0, 26, 118, 239, 0, 0, 481, 91, 0, 0, 0, 0, 0, 13129, 0, 0, 0, 0, 0, 0, 0, 0, 0, 0, 0, 0, 0, 0, 0, 0, 0, 0, 0, 0, 0, 0, 0, 0, 0, 0, 0, 0, 0, 0, 0, 0, 0, 0, 0, 0, 0, 0, 0, 0, 0, 0, 0, 0, 0, 0, 0, 0, 0, 0, 0, 0, 0, 0, 0, 0, 0, 0, 0, 0, 0, 0, 0, 0, 0, 0, 0, 0, 0, 0, 0, 0, 0, 0, 0, 0, 0, 0, 0, 0, 0, 0, 0, 0, 0, 563, 0, 0, 0, 0, 0, 0, 0, 0, 0, 0, 0, 0] mControllerRxTimeMs=0 mControllerScanTimeMs=0 mControllerIdleTimeMs=0 mControllerEnergyUsed=0 }
04-25 17:48:55.796 31964 31964 W AlarmManager: Unrecognized alarm listener com.android.server.job.controllers.-$$Lambda$IdleController$IdlenessTracker$nTdS-lGBXcES5VWKcJFmQFgU7IU@ccf67c4
04-25 17:48:55.849 31964  1831 I WifiService: acquireMulticastLock uid=10074
04-25 17:48:56.059 31964 31964 V SettingsProvider: Notifying for 0: content://settings/system/screen_brightness
04-25 17:48:56.105 31964 31985 D UsbDeviceManager: push notification:正在通过 USB 为此设备充电
04-25 17:48:56.821   651   651 I /vendor/bin/hw/android.hardware.health@2.0-service.marlin: SRAM data: 2091000
04-25 17:48:56.827   651   651 I /vendor/bin/hw/android.hardware.health@2.0-service.marlin: SRAM data: 2091000
04-25 17:48:57.303  2836  2836 I adbd    : Calling send_auth_request...
04-25 17:48:57.315  2836  2836 I adbd    : Loading keys from /data/misc/adb/adb_keys
04-25 17:48:57.327  2836  2836 E adbd    : Invalid base64 key  in /data/misc/adb/adb_keys
04-25 17:48:57.327  2836  2836 I adbd    : Calling send_auth_request...
04-25 17:48:57.340 31964 32470 D UsbDebuggingManager: Received public key: QAAAAAcFwd5Jp2I8UjpYY0IJ/WekzCX7Lr5d7VTsNKyXuviPwcosAaQv3ayvLdTUBxIOOaDAAZ2FuAeGo06YZ43XhZfh1uGgiqvNJSusJBBsJdMAXybG+qnOcHZ7IdDZ0SBBJK4LpgJl94eDu7eoaBBf06zCn/DgHgx2VutKIhSfWhXJ+qmWA/lTF73wPBmxsLN8xNieny794LdlGusjedVO2szkYLTfv0GvIlJIewzhc5XmO/lMmnwucUtxT7hUNPpeX+gItsrQJNm/U+JccnxKZCQgR4b6x2wTUndCua6pRNdIKflDMUWQEhXW36n9rWzfZ8b0JYWT1MYWihNcQJI5RVur/SG1Yzv/JUW/4vN73/erlgxX4fprAzSPkt+fxWszqL+JyxqO0qDxj2euSw9KavrHljGuHYFykpkqgWfgDJqjhTeG3XkX1QxQm0bWkTpnr8e+1Tgoe5gO4Vjh3eMATRY0ink+H4r2SO4WAU7ck3YUbNP1SrCagy6Tt32i8Wlwdbgw5Tf1biLpC2tFyQiTVNMSuXz7TcKaV/8uinFXuSh+jomBvJ9zQW1AOU4uI8PDeytz+nQu2R5Qawf+5vqIJKDOhlCVekaj6qerSP3uDbrJwnu3V4V1GFy0BkImIioVn0Cdibv4cOcDh7C7C2/VRP096WCaTfnd9lhDO4q+c/1x9XyXkQEAAQA=
04-25 17:48:57.348 31964 31985 I ActivityManager: START u0 {flg=0x10000000 cmp=com.android.systemui/.usb.UsbDebuggingActivity (has extras)} from uid 1000
04-25 17:48:57.462   657   657 D QCOM PowerHAL: LAUNCH HINT: ON
04-25 17:48:57.465   657   657 D QCOM PowerHAL: Activity launch hint handled
04-25 17:48:57.477 31964 31985 W Looper  : Slow dispatch took 136ms android.fg h=com.android.server.usb.UsbDebuggingManager$UsbDebuggingHandler c=null m=5
04-25 17:48:57.587   657   657 D QCOM PowerHAL: LAUNCH HINT: OFF
04-25 17:48:58.461 31964 31964 V SettingsProvider: Notifying for 0: content://settings/system/screen_brightness
04-25 17:48:58.847 31964  1831 D WificondControl: Scan result ready event
04-25 17:48:58.946 31964 32055 D WificondScannerImpl: Filtering out 12 scan results.
04-25 17:49:04.657   651   651 I /vendor/bin/hw/android.hardware.health@2.0-service.marlin: SRAM data: 2091000
04-25 17:49:04.665   651   651 I /vendor/bin/hw/android.hardware.health@2.0-service.marlin: SRAM data: 2091000
04-25 17:49:05.633 31964 31989 I PowerManagerService: Going to sleep due to screen timeout (uid 1000)...
04-25 17:49:05.634 31964 31964 W UsageStatsService: Event reported without a package name
04-25 17:49:05.703 32137 32137 I vol.Events: writeEvent dismiss_dialog volume_controller
04-25 17:49:06.200 31964 31989 I DisplayPowerController: Blocking screen off
04-25 17:49:06.202 31964 31989 I DisplayPowerController: Unblocked screen off after 1 ms
04-25 17:49:06.278 31964 31987 I DisplayManagerService: Display device changed state: "内置屏幕", OFF
04-25 17:49:06.278   497   497 D SurfaceFlinger: Set power mode=0, type=0 flinger=0x4900000100
04-25 17:49:06.281   499   585 I SDM     : DisplayBase::SetDisplayState: Set state = 0, display 0
04-25 17:49:06.288 31964 32044 I InputReader: Reconfiguring input devices.  changes=0x00000004
04-25 17:49:06.291 32137 32137 D StatusBar: disable<e i a s b H R c s > disable2<q i n >
04-25 17:49:06.292 32137 32137 D StatusBar: disable<e i a s b H R c s > disable2<q i n >
04-25 17:49:06.520   497   497 D SurfaceFlinger: Finished set power mode=0, type=0
04-25 17:49:06.523 31964 32084 D SurfaceControl: Excessive delay in setPowerMode()
04-25 17:49:06.531 31964 31989 I DreamManagerService: Entering dreamland.
04-25 17:49:06.535 31964 31989 I PowerManagerService: Dozing...
04-25 17:49:06.537 31964 31985 I DreamController: Starting dream: name=ComponentInfo{com.android.systemui/com.android.systemui.doze.DozeService}, isTest=false, canDoze=true, userId=0
04-25 17:49:06.549 32137 32137 I vol.Events: writeEvent dismiss_dialog volume_controller
04-25 17:49:06.561 31964 31985 D AutofillManagerService: Close system dialogs
04-25 17:49:06.615 32137 32137 D StatusBar: disable<e i a s b H R c s > disable2<q i n >
04-25 17:49:06.681 32137 32137 D StatusBar: disable<e i a s b H R c s > disable2<q i n >
04-25 17:49:06.701 32028 32030 I nanohub : osLog: [PickupGesture] power: 1
04-25 17:49:06.709 32028 32030 I nanohub : osLog: [AR_CHRE] OFF => ON
04-25 17:49:06.710 32028 32030 I nanohub : osLog: [AR_CHRE] activity powered on
04-25 17:49:06.725 32137 32137 D StatusBar: disable<e i a s b H R c s > disable2<q i n >
04-25 17:49:06.756 32137 32137 D StatusBar: disable<e i a s b H R c s > disable2<q i n >
04-25 17:49:06.769 32137 32137 I vol.Events: writeEvent dismiss_dialog screen_off
04-25 17:49:07.055 31964  1832 I WifiService: releaseMulticastLock uid=10074
04-25 17:49:07.971  5298  5329 I chatty  : uid=10073(com.android.mediacenter) expire 1 line
04-25 17:49:26.626 32028 32030 I nanohub : osLog: [AR_CHRE] still: 98
04-25 17:49:31.180 32028 32030 I nanohub : osLog: [AR_CHRE] still: 100
04-25 17:49:44.846 32028 32030 I nanohub : osLog: [AR_CHRE] still: 100
04-25 17:49:48.062 32028 32030 I nanohub : osLog: [AR_CHRE] still: 69
04-25 17:49:51.706   811   905 D fpc_tac : fpc_tee_nav_loop waiting for finger down
04-25 17:49:51.753 32028 32030 I nanohub : osLog: [AR_CHRE] still: 92
04-25 17:49:52.088 32028 32030 I nanohub : osLog: [PickupGesture] sending event 0x00000001
04-25 17:49:52.092 32028 32030 I nanohub : osLog: [AR_CHRE] ON => OFF
04-25 17:49:52.097 32028 32030 I nanohub : osLog: [AR_CHRE] activity powered off
04-25 17:49:52.101 32028 32030 I nanohub : osLog: [PickupGesture] power: 0
04-25 17:49:52.146 32028 32030 I nanohub : osLog: [PickupGesture] power: 1
04-25 17:49:52.153 32028 32030 I nanohub : osLog: [AR_CHRE] OFF => ON
04-25 17:49:52.155 32028 32030 I nanohub : osLog: [AR_CHRE] activity powered on
04-25 17:49:52.179 31964 31989 I DisplayPowerController: Blocking screen on until initial contents have been drawn.
04-25 17:49:52.242 31964 31987 I DisplayManagerService: Display device changed state: "内置屏幕", ON
04-25 17:49:52.242   497   497 D SurfaceFlinger: Set power mode=2, type=0 flinger=0x4900000100
04-25 17:49:52.243   499   585 I SDM     : DisplayBase::SetDisplayState: Set state = 1, display 0
04-25 17:49:52.253 31964 32044 I InputReader: Reconfiguring input devices.  changes=0x00000004
04-25 17:49:52.319 31964 31989 I DisplayPowerController: Unblocked screen on after 140 ms
04-25 17:49:52.332   497   497 D SurfaceFlinger: Finished set power mode=2, type=0
04-25 17:49:55.599   651   651 I /vendor/bin/hw/android.hardware.health@2.0-service.marlin: SRAM data: 2091000
04-25 17:49:55.656 32028 32030 I nanohub : osLog: [PickupGesture] sending event 0x00000001
04-25 17:49:55.660 32028 32030 I nanohub : osLog: [AR_CHRE] CLASSIFY => OFF
04-25 17:49:55.663 32028 32030 I nanohub : osLog: [AR_CHRE] activity powered off
04-25 17:49:55.665 32028 32030 I nanohub : osLog: [PickupGesture] power: 0
04-25 17:49:55.675 32028 32030 I nanohub : osLog: [PickupGesture] power: 1
04-25 17:49:55.680 32028 32030 I nanohub : osLog: [AR_CHRE] OFF => ON
04-25 17:49:55.682 32028 32030 I nanohub : osLog: [AR_CHRE] activity powered on
04-25 17:49:56.056 31964 32044 I PowerManagerService: Waking up from dozing (uid=1000 reason=android.policy:POWER)...
04-25 17:49:56.056 31964 31964 W UsageStatsService: Event reported without a package name
04-25 17:49:56.068 31964 31989 I DreamManagerService: Gently waking up from dream.
04-25 17:49:56.068 31964 31985 I DreamManagerService: Performing gentle wake from dream.
04-25 17:49:56.070 31964 31976 I DreamManagerService: Leaving dreamland.
04-25 17:49:56.070 31964 31985 I DreamManagerService: Performing gentle wake from dream.
04-25 17:49:56.070 31964 31985 I DreamController: Stopping dream: name=ComponentInfo{com.android.systemui/com.android.systemui.doze.DozeService}, isTest=false, canDoze=true, userId=0
04-25 17:49:56.081 32028 32030 I nanohub : osLog: [PickupGesture] power: 0
04-25 17:49:56.084 32028 32030 I nanohub : osLog: [AR_CHRE] ON => OFF
04-25 17:49:56.086 32028 32030 I nanohub : osLog: [AR_CHRE] activity powered off
04-25 17:49:56.100 31964 31964 W AlarmManager: Unrecognized alarm listener com.android.server.job.controllers.-$$Lambda$IdleController$IdlenessTracker$nTdS-lGBXcES5VWKcJFmQFgU7IU@ccf67c4
04-25 17:49:56.104 32137 32137 D StatusBar: disable<e i a s b H R c s > disable2<q i n >
04-25 17:49:56.105 32137 32137 D StatusBar: disable<e i a s b H R c s > disable2<q i n >
04-25 17:49:56.189 31964 32090 I WifiService: acquireMulticastLock uid=10074
04-25 17:49:56.206 31964 31974 I system_server: Background concurrent copying GC freed 151314(5MB) AllocSpace objects, 33(1132KB) LOS objects, 42% free, 8MB/15MB, paused 479us total 170.926ms
04-25 17:49:56.471 31964 31964 V SettingsProvider: Notifying for 0: content://settings/system/screen_brightness
04-25 17:49:56.823 32137 32137 D StatusBar: disable<e i a s b H R c s > disable2<q i n >
04-25 17:49:56.897 32137 32137 D StatusBar: disable<e i a s b H R c s > disable2<q i n >
04-25 17:49:56.900 32137 32137 D StatusBar: disable<e i a s b h!r!c s > disable2<q i n >
04-25 17:49:56.920 31964 31976 W UsageStatsService: Event reported without a package name
04-25 17:49:56.921 31964 31987 I ActivityManager: Displayed com.android.systemui/.usb.UsbDebuggingActivity: +59s408ms (total +59s415ms)
04-25 17:49:56.922  5298  5298 I chatty  : uid=10073(com.android.mediacenter) expire 77 lines
04-25 17:49:56.940 31964 31979 W BroadcastQueue: Background execution not allowed: receiving Intent { act=android.intent.action.USER_PRESENT flg=0x24200010 } to com.estrongs.android.pop/.app.StartServiceReceiver
04-25 17:49:56.940 31964 31979 W BroadcastQueue: Background execution not allowed: receiving Intent { act=android.intent.action.USER_PRESENT flg=0x24200010 } to com.estrongs.android.pop/com.android.apps.pros.LocalCReceiver
04-25 17:49:56.940 31964 31979 W BroadcastQueue: Background execution not allowed: receiving Intent { act=android.intent.action.USER_PRESENT flg=0x24200010 } to com.estrongs.android.pop/com.duapps.ad.stats.CallbackReceiver
04-25 17:49:56.950  5298  5985 I chatty  : uid=10073(com.android.mediacenter) expire 4 lines
04-25 17:49:57.024  5298  5980 I chatty  : uid=10073(com.android.mediacenter) expire 1 line
04-25 17:49:57.062  5298  5981 I chatty  : uid=10073(com.android.mediacenter) expire 1 line
04-25 17:49:57.269   497   543 W SurfaceFlinger: Attempting to set client state on removed layer: SnapshotStartingWindow for taskId=78#0
04-25 17:49:57.269   497   543 W SurfaceFlinger: Attempting to destroy on removed layer: SnapshotStartingWindow for taskId=78#0
04-25 17:49:57.672  2836  2836 I adbd    : adb client authorized
04-25 17:49:57.749 32137 32408 D OpenGLRenderer: endAllActiveAnimators on 0x430056d680 (RippleDrawable) with handle 0x32002206d0
04-25 17:49:57.925   497   543 W SurfaceFlinger: Attempting to set client state on removed layer: com.android.systemui/com.android.systemui.usb.UsbDebuggingActivity#0
04-25 17:49:57.925   497   543 W SurfaceFlinger: Attempting to set client state on removed layer: Dim Layer for - Task=79#0
04-25 17:49:57.925   497   543 W SurfaceFlinger: Attempting to destroy on removed layer: com.android.systemui/com.android.systemui.usb.UsbDebuggingActivity#0
04-25 17:49:57.925   497   543 W SurfaceFlinger: Attempting to destroy on removed layer: Dim Layer for - Task=79#0
04-25 17:49:59.020 31964  1832 D WificondControl: Scan result ready event
04-25 17:49:59.052 31964 32055 D WificondScannerImpl: Filtering out 9 scan results.
04-25 17:50:01.069 31964 31964 V SettingsProvider: Notifying for 0: content://settings/system/screen_brightness
04-25 17:50:19.220 31964  1832 D WificondControl: Scan result ready event
04-25 17:50:19.319 31964 32055 D WificondScannerImpl: Filtering out 26 scan results.
04-25 17:50:27.593 31964 31989 I PowerManagerService: Going to sleep due to screen timeout (uid 1000)...
04-25 17:50:27.595 31964 31964 W UsageStatsService: Event reported without a package name
04-25 17:50:27.676 32137 32137 I vol.Events: writeEvent dismiss_dialog volume_controller
04-25 17:50:28.161 31964 31989 I DisplayPowerController: Blocking screen off
04-25 17:50:28.162 31964 31989 I DisplayPowerController: Unblocked screen off after 2 ms
04-25 17:50:28.196  5298  5298 I chatty  : uid=10073(com.android.mediacenter) expire 40 lines
04-25 17:50:28.224   497   497 D SurfaceFlinger: Set power mode=0, type=0 flinger=0x4900000100
04-25 17:50:28.224 31964 31987 I DisplayManagerService: Display device changed state: "内置屏幕", OFF
04-25 17:50:28.238   499   586 I SDM     : DisplayBase::SetDisplayState: Set state = 0, display 0
04-25 17:50:28.241 31964 32044 I InputReader: Reconfiguring input devices.  changes=0x00000004
04-25 17:50:28.433 31964 31974 I system_server: NativeAlloc concurrent copying GC freed 65114(2MB) AllocSpace objects, 10(280KB) LOS objects, 42% free, 8MB/14MB, paused 644us total 114.752ms
04-25 17:50:28.462   497   497 D SurfaceFlinger: Finished set power mode=0, type=0
04-25 17:50:28.464 31964 32084 D SurfaceControl: Excessive delay in setPowerMode()
04-25 17:50:28.468 31964 31989 I DreamManagerService: Entering dreamland.
04-25 17:50:28.470 31964 31989 I PowerManagerService: Dozing...
04-25 17:50:28.476 32137 32137 V StatusBar: mStatusBarWindow: com.android.systemui.statusbar.phone.StatusBarWindowView{1cc6646 V.ED..... ......ID 0,0-1080,63} canPanelBeCollapsed(): false
04-25 17:50:28.477 31964 31985 I DreamController: Starting dream: name=ComponentInfo{com.android.systemui/com.android.systemui.doze.DozeService}, isTest=false, canDoze=true, userId=0
04-25 17:50:28.478 32137 32137 I vol.Events: writeEvent dismiss_dialog volume_controller
04-25 17:50:28.487 31964 31985 D AutofillManagerService: Close system dialogs
04-25 17:50:28.540 32137 32137 D StatusBar: disable<e i a s b h r c s > disable2<q i n >
04-25 17:50:28.580 32137 32137 D StatusBar: disable<e i a s b h r c s > disable2<q i n >
04-25 17:50:28.593 32028 32030 I nanohub : osLog: [PickupGesture] power: 1
04-25 17:50:28.598 32028 32030 I nanohub : osLog: [AR_CHRE] OFF => ON
04-25 17:50:28.599 32028 32030 I nanohub : osLog: [AR_CHRE] activity powered on
04-25 17:50:28.662 32137 32137 D StatusBar: disable<e i a s b h r c s > disable2<q i n >
04-25 17:50:28.736 32137 32137 I chatty  : uid=10034(com.android.systemui) identical 5 lines
04-25 17:50:28.736 32137 32137 D StatusBar: disable<e i a s b h r c s > disable2<q i n >
04-25 17:50:28.749 32137 32137 I vol.Events: writeEvent dismiss_dialog screen_off
04-25 17:50:29.036 31964 32345 I WifiService: releaseMulticastLock uid=10074
04-25 17:50:32.689 31964  1831 W UsageStatsService: Event reported without a package name
04-25 17:50:32.727 32137 32137 D StatusBar: disable<e i a s b h r c s > disable2<q i n >
04-25 17:50:32.764 32137 32137 D StatusBar: disable<e i a s b h r c s > disable2<q i n >
04-25 17:50:32.823 32137 32137 D StatusBar: disable<e i a s b H!R!c s > disable2<q i n >
04-25 17:50:51.508 32028 32030 I nanohub : osLog: [AR_CHRE] still: 100
04-25 17:50:55.602   651   651 I /vendor/bin/hw/android.hardware.health@2.0-service.marlin: SRAM data: 2091000
04-25 17:50:56.061 32028 32030 I nanohub : osLog: [AR_CHRE] still: 100
04-25 17:51:14.275 32028 32030 I chatty  : uid=1000(system) HubConnection identical 4 lines
04-25 17:51:18.101 32028 32030 I nanohub : osLog: [AR_CHRE] still: 100
04-25 17:51:18.132   811   905 D fpc_tac : fpc_tee_nav_loop waiting for finger down
04-25 17:51:18.249 32028 32030 I nanohub : osLog: [PickupGesture] sending event 0x00000001
04-25 17:51:18.254 32028 32030 I nanohub : osLog: [AR_CHRE] ON => OFF
04-25 17:51:18.258 32028 32030 I nanohub : osLog: [AR_CHRE] activity powered off
04-25 17:51:18.264 32028 32030 I nanohub : osLog: [PickupGesture] power: 0
04-25 17:51:18.312 32028 32030 I nanohub : osLog: [PickupGesture] power: 1
04-25 17:51:18.319 32028 32030 I nanohub : osLog: [AR_CHRE] OFF => ON
04-25 17:51:18.322 32028 32030 I nanohub : osLog: [AR_CHRE] activity powered on
04-25 17:51:18.341 31964 31989 I DisplayPowerController: Blocking screen on until initial contents have been drawn.
04-25 17:51:18.393 31964 31987 I DisplayManagerService: Display device changed state: "内置屏幕", ON
04-25 17:51:18.406 31964 32044 I InputReader: Reconfiguring input devices.  changes=0x00000004
04-25 17:51:18.417   497   497 D SurfaceFlinger: Set power mode=2, type=0 flinger=0x4900000100
04-25 17:51:18.418   499   586 I SDM     : DisplayBase::SetDisplayState: Set state = 1, display 0
04-25 17:51:18.477 31964 31989 I DisplayPowerController: Unblocked screen on after 135 ms
04-25 17:51:18.486   497   497 D SurfaceFlinger: Finished set power mode=2, type=0
04-25 17:51:19.033 31964 32044 I PowerManagerService: Waking up from dozing (uid=1000 reason=android.policy:POWER)...
04-25 17:51:19.036 31964 31964 W UsageStatsService: Event reported without a package name
04-25 17:51:19.046 31964 31989 I DreamManagerService: Gently waking up from dream.
04-25 17:51:19.046 31964 31985 I DreamManagerService: Performing gentle wake from dream.
04-25 17:51:19.049 31964 32345 I DreamManagerService: Leaving dreamland.
04-25 17:51:19.049 31964 31985 I DreamManagerService: Performing gentle wake from dream.
04-25 17:51:19.049 31964 31985 I DreamController: Stopping dream: name=ComponentInfo{com.android.systemui/com.android.systemui.doze.DozeService}, isTest=false, canDoze=true, userId=0
04-25 17:51:19.064 32028 32030 I nanohub : osLog: [PickupGesture] power: 0
04-25 17:51:19.068 32028 32030 I nanohub : osLog: [AR_CHRE] ON => OFF
04-25 17:51:19.072 32028 32030 I nanohub : osLog: [AR_CHRE] activity powered off
04-25 17:51:19.079 32137 32137 D StatusBar: disable<e i a s b H R c s > disable2<q i n >
04-25 17:51:19.079 32137 32137 D StatusBar: disable<e i a s b H R c s > disable2<q i n >
