04-25 17:52:51.144  5298  5350 I chatty  : uid=10073(com.android.mediacenter) expire 30 lines
04-25 17:52:51.174  5298  5329 I chatty  : uid=10073(com.android.mediacenter) expire 3 lines
04-25 17:52:51.227  5298  6016 I chatty  : uid=10073(com.android.mediacenter) expire 2 lines
04-25 17:52:51.266  5298  6107 I chatty  : uid=10073(com.android.mediacenter) expire 6 lines
04-25 17:52:51.354  5298  6102 I chatty  : uid=10073(com.android.mediacenter) expire 6 lines
04-25 17:52:51.356  5298  6189 I chatty  : uid=10073(com.android.mediacenter) expire 1 line
04-25 17:52:51.375  5298  5355 I chatty  : uid=10073(com.android.mediacenter) expire 1 line
04-25 17:52:51.380 31964 32452 I NotificationService: cancelToast pkg=com.android.mediacenter callback=android.app.ITransientNotification$Stub$Proxy@560b6f6
04-25 17:52:51.380 31964 32452 W NotificationService: Toast already cancelled. pkg=com.android.mediacenter callback=android.app.ITransientNotification$Stub$Proxy@560b6f6
04-25 17:52:51.413 31964 31987 I ActivityManager: Displayed com.android.mediacenter/.ui.player.MediaPlayBackActivity: +435ms (total +578ms)
04-25 17:52:51.461  5298  6190 I chatty  : uid=10073(com.android.mediacenter) expire 1 line
04-25 17:52:51.468  5298  5328 I chatty  : uid=10073(com.android.mediacenter) expire 2 lines
04-25 17:52:51.491   657   657 D QCOM PowerHAL: LAUNCH HINT: OFF
04-25 17:52:51.498  5298  5298 I chatty  : uid=10073(com.android.mediacenter) expire 168 lines
04-25 17:52:51.589   497   535 W SurfaceFlinger: Attempting to set client state on removed layer: Splash Screen com.android.mediacenter#0
04-25 17:52:51.589   497   535 W SurfaceFlinger: Attempting to destroy on removed layer: Splash Screen com.android.mediacenter#0
04-25 17:52:52.691  5298  5350 I chatty  : uid=10073(com.android.mediacenter) expire 69 lines
04-25 17:52:52.701  5298  5355 I chatty  : uid=10073(com.android.mediacenter) expire 3 lines
04-25 17:52:52.716  5298  6189 I chatty  : uid=10073(com.android.mediacenter) expire 1 line
04-25 17:52:52.751  5298  5330 I chatty  : uid=10073(com.android.mediacenter) expire 3 lines
04-25 17:52:52.784  5298  6099 I chatty  : uid=10073(com.android.mediacenter) expire 6 lines
04-25 17:52:52.784  5298  6016 I chatty  : uid=10073(com.android.mediacenter) expire 2 lines
04-25 17:52:52.890   637   637 W AshmemAllocator: ashmem_create_region(7680) returning hidl_memory(0x3100011990, 7680)
04-25 17:52:52.896  5298  5329 I chatty  : uid=10073(com.android.mediacenter) expire 1 line
04-25 17:52:52.907 31898 31945 E linker  : linker_asan dlopen translating "/system/lib/vndk-sp-28/hw/android.hidl.memory@1.0-impl.so" -> "/system/lib/vndk-sp-28/hw/android.hidl.memory@1.0-impl.so"
04-25 17:52:52.973   637   637 W AshmemAllocator: ashmem_create_region(7680) returning hidl_memory(0x3100011a50, 7680)
04-25 17:52:52.983 31903 31934 W EffectHAL: Effect 0xed964fa0 command SET_CONFIG returned status: Invalid argument
04-25 17:52:52.986   637   637 W AshmemAllocator: ashmem_create_region(7680) returning hidl_memory(0x3100011b10, 7680)
04-25 17:52:52.988   637   637 W AshmemAllocator: ashmem_create_region(7680) returning hidl_memory(0x3100011bd0, 7680)
04-25 17:52:53.368 31964 32167 W NotificationService: Toast already killed. pkg=com.android.mediacenter callback=android.app.ITransientNotification$Stub$Proxy@a66e856
04-25 17:52:53.384   665   665 E VibratorService: Setting amplitude  to: 1856
04-25 17:52:53.502 31964 31985 D AutofillManagerService: Close system dialogs
04-25 17:52:53.507 32137 32137 I vol.Events: writeEvent dismiss_dialog volume_controller
04-25 17:52:53.509 31964 32345 I ActivityManager: START u0 {act=android.intent.action.MAIN cat=[android.intent.category.HOME] flg=0x10000000 cmp=com.android.launcher3/.Launcher (has extras)} from uid 10024
04-25 17:52:53.509 32137 32137 V StatusBar: mStatusBarWindow: com.android.systemui.statusbar.phone.StatusBarWindowView{1cc6646 V.ED..... ........ 0,0-1080,63} canPanelBeCollapsed(): false
04-25 17:52:53.510   657   657 D QCOM PowerHAL: LAUNCH HINT: ON
04-25 17:52:53.512   657   657 D QCOM PowerHAL: Activity launch hint handled
04-25 17:52:53.538  5298  6190 I chatty  : uid=10073(com.android.mediacenter) expire 1 line
04-25 17:52:53.580  5298  6192 I chatty  : uid=10073(com.android.mediacenter) expire 1 line
04-25 17:52:53.608   657   657 D QCOM PowerHAL: LAUNCH HINT: OFF
04-25 17:52:53.661 31964  1845 I OpenGLRenderer: Initialized EGL, version 1.4
04-25 17:52:53.661 31964  1845 D OpenGLRenderer: Swap behavior 1
04-25 17:52:53.709 32137 32161 I ndroid.systemu: NativeAlloc concurrent copying GC freed 2635(221KB) AllocSpace objects, 0(0B) LOS objects, 49% free, 4MB/8MB, paused 93us total 106.464ms
04-25 17:52:53.856   497   543 W SurfaceFlinger: Attempting to set client state on removed layer: com.android.mediacenter/com.android.mediacenter.ui.player.MediaPlayBackActivity#0
04-25 17:52:53.856   497   543 W SurfaceFlinger: Attempting to destroy on removed layer: com.android.mediacenter/com.android.mediacenter.ui.player.MediaPlayBackActivity#0
04-25 17:52:53.861   497   535 W SurfaceFlinger: Attempting to set client state on removed layer: Surface(name=AppWindowToken{d4122e7 token=Token{d2378a6 ActivityRecord{f2ca201 u0 com.android.launcher3/.Launcher t71}}})/@0x466886e - animation-leash#0
04-25 17:52:53.862   497   535 W SurfaceFlinger: Attempting to set client state on removed layer: Surface(name=AppWindowToken{31e1028 token=Token{d10be4b ActivityRecord{f4931a u0 com.android.mediacenter/.ui.player.MediaPlayBackActivity t84}}})/@0x66394ad - animation-leash#0
04-25 17:52:53.862   497   535 W SurfaceFlinger: Attempting to destroy on removed layer: Surface(name=AppWindowToken{d4122e7 token=Token{d2378a6 ActivityRecord{f2ca201 u0 com.android.launcher3/.Launcher t71}}})/@0x466886e - animation-leash#0
04-25 17:52:53.862   497   535 W SurfaceFlinger: Attempting to destroy on removed layer: Surface(name=AppWindowToken{31e1028 token=Token{d10be4b ActivityRecord{f4931a u0 com.android.mediacenter/.ui.player.MediaPlayBackActivity t84}}})/@0x66394ad - animation-leash#0
04-25 17:52:53.898   497  1942 W SurfaceFlinger: Attempting to destroy on removed layer: a431d64 Toast#0
04-25 17:52:53.957 31964 31974 I system_server: NativeAlloc concurrent copying GC freed 27830(1736KB) AllocSpace objects, 11(348KB) LOS objects, 42% free, 8MB/15MB, paused 139us total 175.085ms
04-25 17:52:54.465   657   657 D QCOM PowerHAL: LAUNCH HINT: ON
04-25 17:52:54.468   657   657 D QCOM PowerHAL: Activity launch hint handled
04-25 17:52:54.549   657   657 D QCOM PowerHAL: LAUNCH HINT: OFF
04-25 17:52:54.909   497  1220 W SurfaceFlinger: Attempting to set client state on removed layer: Surface(name=AppWindowToken{f45a648 token=Token{c9e58eb ActivityRecord{e63743a u0 com.estrongs.android.pop/.view.FileExplorerActivity t73}}})/@0x1d47d68 - animation-leash#0
04-25 17:52:54.909   497  1220 W SurfaceFlinger: Attempting to set client state on removed layer: Surface(name=AppWindowToken{d4122e7 token=Token{d2378a6 ActivityRecord{f2ca201 u0 com.android.launcher3/.Launcher t71}}})/@0x466886e - animation-leash#0
04-25 17:52:54.909   497  1220 W SurfaceFlinger: Attempting to destroy on removed layer: Surface(name=AppWindowToken{f45a648 token=Token{c9e58eb ActivityRecord{e63743a u0 com.estrongs.android.pop/.view.FileExplorerActivity t73}}})/@0x1d47d68 - animation-leash#0
04-25 17:52:54.909   497  1220 W SurfaceFlinger: Attempting to destroy on removed layer: Surface(name=AppWindowToken{d4122e7 token=Token{d2378a6 ActivityRecord{f2ca201 u0 com.android.launcher3/.Launcher t71}}})/@0x466886e - animation-leash#0
04-25 17:52:55.456 31964 32167 I ActivityManager: START u0 {act=android.intent.action.VIEW dat=content://com.estrongs.files/storage/emulated/0/Music/ape/12.ape typ=audio/x-ape flg=0x4000003 cmp=com.android.mediacenter/.ui.player.oneshot.MediaPlaybackActivityStarter (has extras)} from uid 10074
04-25 17:52:55.460   657   657 D QCOM PowerHAL: LAUNCH HINT: ON
04-25 17:52:55.462   657   657 D QCOM PowerHAL: Activity launch hint handled
04-25 17:52:55.534 31964 32345 I ActivityManager: START u0 {flg=0x10020000 cmp=com.android.mediacenter/.ui.player.MediaPlayBackActivity (has extras)} from uid 10073
04-25 17:52:55.535 31964 32345 W ActivityManager: Activity is launching as a new task, so cancelling activity result.
04-25 17:52:55.609 31900  1136 D NuPlayerDriver: reset(0xc7c15040) at state 2
04-25 17:52:55.612 31900  1136 D NuPlayerDriver: notifyListener_l(0xc7c15040), (8, 0, 0, -1), loop setting(0, 0)
04-25 17:52:55.613 31900  6187 D NuPlayerDriver: notifyResetComplete(0xc7c15040)
04-25 17:52:55.613 31900 32340 D NuPlayerDriver: reset(0xc7c15040) at state 0
04-25 17:52:55.622 31900  1136 D NuPlayerDriver: NuPlayerDriver(0xc7c14bc0) created, clientPid(5298)
04-25 17:52:55.638 31900  6207 D GenericSource: FileSource remote
04-25 17:52:55.640  5298  5298 I chatty  : uid=10073(com.android.mediacenter) expire 188 lines
04-25 17:52:55.643 31900  6207 E GenericSource: initFromDataSource, cannot create extractor!
04-25 17:52:55.643 31900  6207 E GenericSource: Failed to init from data source!
04-25 17:52:55.643 31900  6203 D NuPlayerDriver: notifyListener_l(0xc7c14bc0), (100, 1, -2147483648, -1), loop setting(0, 0)
04-25 17:52:55.643  5298  5311 I chatty  : uid=10073(com.android.mediacenter) expire 1 line
04-25 17:52:55.644  5298  5350 I chatty  : uid=10073(com.android.mediacenter) expire 59 lines
04-25 17:52:55.649   651   651 I /vendor/bin/hw/android.hardware.health@2.0-service.marlin: SRAM data: 2091000
04-25 17:52:55.691  5298  5328 I chatty  : uid=10073(com.android.mediacenter) expire 2 lines
04-25 17:52:55.698 32545 32586 W droid.launcher: resources.arsc in APK '/data/app/com.estrongs.android.pop-V3EW63qJpeCRINkGufKBQw==/base.apk' is compressed.
04-25 17:52:55.754  5298  6016 I chatty  : uid=10073(com.android.mediacenter) expire 2 lines
04-25 17:52:55.803  5298  6107 I chatty  : uid=10073(com.android.mediacenter) expire 6 lines
04-25 17:52:55.864  5298  5298 I chatty  : uid=10073(com.android.mediacenter) expire 119 lines
04-25 17:52:55.893  5298  5350 I chatty  : uid=10073(com.android.mediacenter) expire 1 line
04-25 17:52:55.894  5298  6102 I chatty  : uid=10073(com.android.mediacenter) expire 6 lines
04-25 17:52:55.915  5298  5355 I chatty  : uid=10073(com.android.mediacenter) expire 1 line
04-25 17:52:55.929 31964 32345 I NotificationService: cancelToast pkg=com.android.mediacenter callback=android.app.ITransientNotification$Stub$Proxy@4f69fa1
04-25 17:52:55.930 31964 32345 W NotificationService: Toast already cancelled. pkg=com.android.mediacenter callback=android.app.ITransientNotification$Stub$Proxy@4f69fa1
04-25 17:52:56.015  5298  5328 I chatty  : uid=10073(com.android.mediacenter) expire 1 line
04-25 17:52:56.015  5298  5330 I chatty  : uid=10073(com.android.mediacenter) expire 1 line
04-25 17:52:56.030   657   657 D QCOM PowerHAL: LAUNCH HINT: OFF
04-25 17:52:56.094   497   535 W SurfaceFlinger: Attempting to set client state on removed layer: SnapshotStartingWindow for taskId=84#0
04-25 17:52:56.094   497   535 W SurfaceFlinger: Attempting to destroy on removed layer: SnapshotStartingWindow for taskId=84#0
04-25 17:52:57.026 31964 31987 W WindowManager: Unable to start animation, surface is null or no children.
04-25 17:52:57.058   665   665 E VibratorService: Setting amplitude  to: 1856
04-25 17:52:57.147 31964 31985 D AutofillManagerService: Close system dialogs
04-25 17:52:57.160 31964  1832 I ActivityManager: START u0 {act=android.intent.action.MAIN cat=[android.intent.category.HOME] flg=0x10000000 cmp=com.android.launcher3/.Launcher (has extras)} from uid 10024
04-25 17:52:57.162   657   657 D QCOM PowerHAL: LAUNCH HINT: ON
04-25 17:52:57.163   657   657 D QCOM PowerHAL: Activity launch hint handled
04-25 17:52:57.164 32137 32137 V StatusBar: mStatusBarWindow: com.android.systemui.statusbar.phone.StatusBarWindowView{1cc6646 V.ED..... ........ 0,0-1080,63} canPanelBeCollapsed(): false
04-25 17:52:57.166 32137 32137 I vol.Events: writeEvent dismiss_dialog volume_controller
04-25 17:52:57.243   657   657 D QCOM PowerHAL: LAUNCH HINT: OFF
04-25 17:52:57.504   497   543 W SurfaceFlinger: Attempting to set client state on removed layer: com.android.mediacenter/com.android.mediacenter.ui.player.MediaPlayBackActivity#0
04-25 17:52:57.504   497   543 W SurfaceFlinger: Attempting to destroy on removed layer: com.android.mediacenter/com.android.mediacenter.ui.player.MediaPlayBackActivity#0
04-25 17:52:57.507   497   543 W SurfaceFlinger: Attempting to set client state on removed layer: com.android.mediacenter/com.android.mediacenter.ui.player.MediaPlayBackActivity#0
04-25 17:52:57.508   497   543 W SurfaceFlinger: Attempting to destroy on removed layer: com.android.mediacenter/com.android.mediacenter.ui.player.MediaPlayBackActivity#0
04-25 17:52:57.510   497  1220 W SurfaceFlinger: Attempting to set client state on removed layer: Surface(name=AppWindowToken{d4122e7 token=Token{d2378a6 ActivityRecord{f2ca201 u0 com.android.launcher3/.Launcher t71}}})/@0x466886e - animation-leash#0
04-25 17:52:57.510   497  1220 W SurfaceFlinger: Attempting to set client state on removed layer: Surface(name=AppWindowToken{31e1028 token=Token{d10be4b ActivityRecord{f4931a u0 com.android.mediacenter/.ui.player.MediaPlayBackActivity t84}}})/@0x66394ad - animation-leash#0
04-25 17:52:57.510   497  1220 W SurfaceFlinger: Attempting to destroy on removed layer: Surface(name=AppWindowToken{d4122e7 token=Token{d2378a6 ActivityRecord{f2ca201 u0 com.android.launcher3/.Launcher t71}}})/@0x466886e - animation-leash#0
04-25 17:52:57.510   497  1220 W SurfaceFlinger: Attempting to destroy on removed layer: Surface(name=AppWindowToken{31e1028 token=Token{d10be4b ActivityRecord{f4931a u0 com.android.mediacenter/.ui.player.MediaPlayBackActivity t84}}})/@0x66394ad - animation-leash#0
04-25 17:52:57.566 31964 31974 I system_server: NativeAlloc concurrent copying GC freed 16818(1204KB) AllocSpace objects, 10(328KB) LOS objects, 42% free, 8MB/15MB, paused 288us total 141.274ms
04-25 17:52:57.912 31964 32345 W NotificationService: Toast already killed. pkg=com.android.mediacenter callback=android.app.ITransientNotification$Stub$Proxy@548ef75
04-25 17:52:58.438   497   543 W SurfaceFlinger: Attempting to destroy on removed layer: eec6987 Toast#0
04-25 17:52:58.588 31964 32345 I ActivityManager: Stopping service com.android.mediacenter/.localmusic.MediaPlaybackService: remove task
04-25 17:52:58.590 31964 32345 I ActivityManager: Stopping service com.android.mediacenter/com.android.rxdownload.function.DownloadService: remove task
04-25 17:52:58.590 31964 32345 I ActivityManager: Killing 5298:com.android.mediacenter/u0a73 (adj 0): remove task
04-25 17:52:58.591 31964 31982 W libprocessgroup: kill(-5298, 9) failed: No such process
04-25 17:52:58.635 31964 31982 W libprocessgroup: kill(-5298, 9) failed: No such process
04-25 17:52:58.646 31900  1136 D NuPlayerDriver: reset(0xc7c14bc0) at state 2
04-25 17:52:58.646 31964  1832 I WindowManager: WIN DEATH: Window{8cb315d u0 com.android.mediacenter/com.android.mediacenter.ui.player.MediaPlayBackActivity}
04-25 17:52:58.656 31896 31896 I Zygote  : Process 5298 exited due to signal (9)
04-25 17:52:58.659 31900  1136 D NuPlayerDriver: notifyListener_l(0xc7c14bc0), (8, 0, 0, -1), loop setting(0, 0)
04-25 17:52:58.660 31900  6203 D NuPlayerDriver: notifyResetComplete(0xc7c14bc0)
04-25 17:52:58.676 31964 31987 W ActivityManager: setHasOverlayUi called on unknown pid: 5298
04-25 17:52:58.678 31964 31982 W libprocessgroup: kill(-5298, 9) failed: No such process
04-25 17:52:58.678 31964 31982 I libprocessgroup: Successfully killed process cgroup uid 10073 pid 5298 in 87ms
04-25 17:52:59.242 31964 31976 I ActivityManager: Killing 5259:com.android.webview:sandboxed_process0/u0a74i0 (adj 700): remove task
04-25 17:52:59.243 31964 31976 I ActivityManager: Killing 32624:com.estrongs.android.pop/u0a74 (adj 700): remove task
04-25 17:52:59.243 31964 31982 W libprocessgroup: Failed to open process cgroup uid 99000 pid 5259: No such file or directory
04-25 17:52:59.243 31964 31982 E libprocessgroup: Error encountered killing process cgroup uid 99000 pid 5259: No such file or directory
04-25 17:52:59.245 31964 31982 W libprocessgroup: kill(-32624, 9) failed: No such process
04-25 17:52:59.288 31964 31982 W libprocessgroup: kill(-32624, 9) failed: No such process
04-25 17:52:59.289 32118 32118 I Zygote  : Process 5259 exited due to signal (9)
04-25 17:52:59.290 31964  2049 W ActivityManager: Scheduling restart of crashed service com.estrongs.android.pop/org.chromium.content.app.SandboxedProcessService0 in 1000ms
04-25 17:52:59.304 31964 31982 W libprocessgroup: kill(-32624, 9) failed: No such process
04-25 17:52:59.350 31964 31982 W libprocessgroup: kill(-32624, 9) failed: No such process
04-25 17:52:59.355 31964 32345 E WifiMulticastLockManager: Multicaster binderDied
04-25 17:52:59.358 31964  6216 I WindowManager: WIN DEATH: Window{518f660 u0 com.estrongs.android.pop/com.estrongs.android.pop.view.FileExplorerActivity}
04-25 17:52:59.366 31964 31975 D ConnectivityService: ConnectivityService NetworkRequestInfo binderDied(NetworkRequest [ LISTEN id=11, [ Capabilities: INTERNET&NOT_RESTRICTED&TRUSTED Unwanted:  Uid: 10074] ], android.os.BinderProxy@2f98dd6)
04-25 17:52:59.372   497   545 W SurfaceFlinger: Attempting to destroy on removed layer: AppWindowToken{f45a648 token=Token{c9e58eb ActivityRecord{e63743a u0 com.estrongs.android.pop/.view.FileExplorerActivity t73}}}#0
04-25 17:52:59.378 31964 31987 W ActivityManager: setHasOverlayUi called on unknown pid: 32624
04-25 17:52:59.394 31964 31982 W libprocessgroup: kill(-32624, 9) failed: No such process
04-25 17:52:59.416 31896 31896 I Zygote  : Process 32624 exited due to signal (9)
04-25 17:52:59.440 31964 31982 W libprocessgroup: kill(-32624, 9) failed: No such process
04-25 17:52:59.440 31964 31982 I libprocessgroup: Successfully killed process cgroup uid 10074 pid 32624 in 195ms
04-25 17:53:00.678 31964 31987 W WindowManager: Unable to start animation, surface is null or no children.
04-25 17:53:00.938   665   665 E VibratorService: Setting amplitude  to: 1856
04-25 17:53:01.017 31964 31985 D AutofillManagerService: Close system dialogs
04-25 17:53:01.020 32137 32137 I vol.Events: writeEvent dismiss_dialog volume_controller
04-25 17:53:01.022 32137 32137 V StatusBar: mStatusBarWindow: com.android.systemui.statusbar.phone.StatusBarWindowView{1cc6646 V.ED..... ........ 0,0-1080,63} canPanelBeCollapsed(): false
04-25 17:53:01.729   665   665 E VibratorService: Setting amplitude  to: 1856
04-25 17:53:01.793 31964 31985 D AutofillManagerService: Close system dialogs
04-25 17:53:01.795 32137 32137 V StatusBar: mStatusBarWindow: com.android.systemui.statusbar.phone.StatusBarWindowView{1cc6646 V.ED..... ........ 0,0-1080,63} canPanelBeCollapsed(): false
04-25 17:53:01.797 31964 32043 I ActivityManager: START u0 {act=android.intent.action.MAIN cat=[android.intent.category.HOME] flg=0x10200000 cmp=com.android.launcher3/.Launcher (has extras)} from uid 1000
04-25 17:53:01.798 32137 32137 I vol.Events: writeEvent dismiss_dialog volume_controller
04-25 17:53:02.302   665   665 E VibratorService: Setting amplitude  to: 1856
04-25 17:53:02.332 31964 31985 D AutofillManagerService: Close system dialogs
04-25 17:53:02.333 31964 32043 I ActivityManager: START u0 {act=android.intent.action.MAIN cat=[android.intent.category.HOME] flg=0x10200000 cmp=com.android.launcher3/.Launcher (has extras)} from uid 1000
04-25 17:53:02.335 32137 32137 I vol.Events: writeEvent dismiss_dialog volume_controller
04-25 17:53:02.338 32137 32137 V StatusBar: mStatusBarWindow: com.android.systemui.statusbar.phone.StatusBarWindowView{1cc6646 V.ED..... ........ 0,0-1080,63} canPanelBeCollapsed(): false
04-25 17:53:02.920   665   665 E VibratorService: Setting amplitude  to: 1856
04-25 17:53:02.973 31964 31985 D AutofillManagerService: Close system dialogs
04-25 17:53:02.978 32137 32137 I vol.Events: writeEvent dismiss_dialog volume_controller
04-25 17:53:02.978 32137 32137 V StatusBar: mStatusBarWindow: com.android.systemui.statusbar.phone.StatusBarWindowView{1cc6646 V.ED..... ........ 0,0-1080,63} canPanelBeCollapsed(): false
04-25 17:53:03.571   665   665 E VibratorService: Setting amplitude  to: 1856
04-25 17:53:03.642 31964 31985 I chatty  : uid=1000(system) android.fg identical 1 line
04-25 17:53:03.644 32137 32137 V StatusBar: mStatusBarWindow: com.android.systemui.statusbar.phone.StatusBarWindowView{1cc6646 V.ED..... ........ 0,0-1080,63} canPanelBeCollapsed(): false
04-25 17:53:03.645 32137 32137 I vol.Events: writeEvent dismiss_dialog volume_controller
04-25 17:53:04.195   665   665 E VibratorService: Setting amplitude  to: 1856
04-25 17:53:04.257 31964 31985 D AutofillManagerService: Close system dialogs
04-25 17:53:04.258 31964 32043 I ActivityManager: START u0 {act=android.intent.action.MAIN cat=[android.intent.category.HOME] flg=0x10200000 cmp=com.android.launcher3/.Launcher (has extras)} from uid 1000
04-25 17:53:04.266 32137 32137 V StatusBar: mStatusBarWindow: com.android.systemui.statusbar.phone.StatusBarWindowView{1cc6646 V.ED..... ........ 0,0-1080,63} canPanelBeCollapsed(): false
04-25 17:53:04.267 32137 32137 I vol.Events: writeEvent dismiss_dialog volume_controller
04-25 17:53:04.363 31964 31964 W WindowManager: removeWindowToken: Attempted to remove non-existing token: android.os.Binder@ae4081b
04-25 17:53:04.631   665   665 E VibratorService: Setting amplitude  to: 1856
04-25 17:53:04.703 31964 31985 D AutofillManagerService: Close system dialogs
04-25 17:53:04.704 31964 32043 I ActivityManager: START u0 {act=android.intent.action.MAIN cat=[android.intent.category.HOME] flg=0x10200000 cmp=com.android.launcher3/.Launcher (has extras)} from uid 1000
04-25 17:53:04.710 32137 32137 V StatusBar: mStatusBarWindow: com.android.systemui.statusbar.phone.StatusBarWindowView{1cc6646 V.ED..... ........ 0,0-1080,63} canPanelBeCollapsed(): false
04-25 17:53:04.711 32137 32137 I vol.Events: writeEvent dismiss_dialog volume_controller
04-25 17:53:04.754 31964 31964 V SettingsProvider: Notifying for 0: content://settings/system/screen_brightness
04-25 17:53:05.402   665   665 E VibratorService: Setting amplitude  to: 1856
04-25 17:53:05.472 31964 32043 I WindowManager: Ignoring HOME; event canceled.
04-25 17:53:07.215 31964 32090 I ActivityManager: START u0 {act=android.intent.action.MAIN cat=[android.intent.category.LAUNCHER] flg=0x10200000 cmp=com.estrongs.android.pop/.app.openscreenad.NewSplashActivity bnds=[843,790][1045,1072]} from uid 10024
04-25 17:53:07.224   657   657 D QCOM PowerHAL: LAUNCH HINT: ON
04-25 17:53:07.225   657   657 D QCOM PowerHAL: Activity launch hint handled
04-25 17:53:07.259 31964 31981 I ActivityManager: Start proc 6226:com.estrongs.android.pop/u0a74 for activity com.estrongs.android.pop/.app.openscreenad.NewSplashActivity
04-25 17:53:07.263  6226  6226 E ngs.android.po: setrlimit(RLIMIT_CORE) failed for pid 6226: Operation not permitted
04-25 17:53:07.299  6226  6233 E ngs.android.po: Failed to send DDMS packet REAQ to debugger (-1 of 20): Broken pipe
04-25 17:53:07.339  6226  6226 I ngs.android.po: The ClassLoaderContext is a special shared library.
04-25 17:53:07.370  6226  6226 W ngs.android.po: resources.arsc in APK '/data/app/com.estrongs.android.pop-V3EW63qJpeCRINkGufKBQw==/base.apk' is compressed.
04-25 17:53:07.493  6226  6226 I MultiDex: VM with version 2.1.0 has multidex support
04-25 17:53:07.493  6226  6226 I MultiDex: Installing application
04-25 17:53:07.493  6226  6226 I MultiDex: VM has multidex support, MultiDex support library is disabled.
04-25 17:53:07.567  6226  6226 W GooglePlayServicesUtil: Google Play Store is missing.
04-25 17:53:07.614  6226  6226 E ap      : no life cycle callbacks available, malfunction of some mediation SDK may be found
04-25 17:53:07.634 31964  6219 E DatabaseUtils: Writing exception to parcel
04-25 17:53:07.634 31964  6219 E DatabaseUtils: java.lang.SecurityException: com.estrongs.android.pop was not granted  this permission: android.permission.WRITE_SETTINGS.
04-25 17:53:07.634 31964  6219 E DatabaseUtils: 	at android.provider.Settings.isCallingPackageAllowedToPerformAppOpsProtectedOperation(Settings.java:13329)
04-25 17:53:07.634 31964  6219 E DatabaseUtils: 	at android.provider.Settings.checkAndNoteWriteSettingsOperation(Settings.java:13211)
04-25 17:53:07.634 31964  6219 E DatabaseUtils: 	at com.android.providers.settings.SettingsProvider.mutateSystemSetting(SettingsProvider.java:1464)
04-25 17:53:07.634 31964  6219 E DatabaseUtils: 	at com.android.providers.settings.SettingsProvider.insertSystemSetting(SettingsProvider.java:1439)
04-25 17:53:07.634 31964  6219 E DatabaseUtils: 	at com.android.providers.settings.SettingsProvider.call(SettingsProvider.java:417)
04-25 17:53:07.634 31964  6219 E DatabaseUtils: 	at android.content.ContentProvider$Transport.call(ContentProvider.java:403)
04-25 17:53:07.634 31964  6219 E DatabaseUtils: 	at android.content.ContentProviderNative.onTransact(ContentProviderNative.java:272)
04-25 17:53:07.634 31964  6219 E DatabaseUtils: 	at android.os.Binder.execTransact(Binder.java:731)
04-25 17:53:07.650 31964  6219 W ActivityManager: Unable to start service Intent { act=com.google.android.gms.ads.identifier.service.START pkg=com.google.android.gms } U=0: not found
04-25 17:53:07.682  6226  6258 D NetworkSecurityConfig: No Network Security Config specified, using platform default
04-25 17:53:07.688 31964  6219 W ActivityManager: Unable to start service Intent { act=com.google.android.gms.ads.identifier.service.START pkg=com.google.android.gms } U=0: not found
04-25 17:53:07.779  6226  6259 I internationalization: 屏保 SDK V3.9 - 2017.05.23 - 从工具箱迁移UI合入版本
04-25 17:53:07.897  6226  6226 D OpenGLRenderer: Skia GL Pipeline
04-25 17:53:07.953  6226  6226 I UpnpServiceImpl: >>> Starting UPnP service...
04-25 17:53:07.954  6226  6226 I UpnpServiceImpl: Using configuration: com.estrongs.dlna.core.d
04-25 17:53:07.956  6226  6226 I Router  : WiFi is enabled (or running on Android emulator), starting router immediately
04-25 17:53:07.957  6226  6226 I Router  : Creating Router: org.teleal.cling.transport.RouterImpl
04-25 17:53:07.958 31964 32090 W ActivityManager: Unable to start service Intent { act=com.google.android.gms.ads.identifier.service.START pkg=com.google.android.gms } U=0: not found
04-25 17:53:07.961  6226  6226 I NetworkAddressFactory: Discovered WiFi network interface: wlan0
04-25 17:53:07.970  6226  6226 I StreamServer: Created socket (for receiving TCP streams) on: /192.168.31.79:41223
04-25 17:53:07.971  6226  6226 I MulticastReceiver: Creating wildcard socket (for receiving multicast datagrams) on port: 1900
04-25 17:53:07.972  6226  6226 I MulticastReceiver: Joining multicast group: /239.255.255.250:1900 on network interface: wlan0
04-25 17:53:07.973  6226  6226 I DatagramIO: Creating bound socket (for datagram input/output) on: /192.168.31.79
04-25 17:53:07.974 31964 32090 I WifiService: acquireMulticastLock uid=10074
04-25 17:53:07.976  6226  6226 I UpnpServiceImpl: <<< UPnP service started successfully
04-25 17:53:07.984 31964  6219 I ActivityManager: START u0 {cmp=com.estrongs.android.pop/.view.FileExplorerActivity (has extras)} from uid 10074
04-25 17:53:07.985   657   657 D QCOM PowerHAL: LAUNCH HINT: ON
04-25 17:53:08.027  6226  6280 I Adreno  : QUALCOMM build                   : 984b9a6, Ibe1bf21abc
04-25 17:53:08.027  6226  6280 I Adreno  : Build Date                       : 06/04/18
04-25 17:53:08.027  6226  6280 I Adreno  : OpenGL ES Shader Compiler Version: EV031.24.00.00
04-25 17:53:08.027  6226  6280 I Adreno  : Local Branch                     : googldrp
04-25 17:53:08.027  6226  6280 I Adreno  : Remote Branch                    : 
04-25 17:53:08.027  6226  6280 I Adreno  : Remote Branch                    : 
04-25 17:53:08.027  6226  6280 I Adreno  : Reconstruct Branch               : 
04-25 17:53:08.027  6226  6280 I Adreno  : Build Config                     : S L 4.0.10 AArch64
04-25 17:53:08.028  6226  6280 E linker  : linker_asan dlopen translating "/vendor/lib64/hw/gralloc.msm8996.so" -> "/vendor/lib64/hw/gralloc.msm8996.so"
04-25 17:53:08.041  6226  6226 I Router  : WiFi state changed, trying to enable router
04-25 17:53:08.053  6226  6280 I Adreno  : PFP: 0x005ff110, ME: 0x005ff066
04-25 17:53:08.061  6226  6280 I ConfigStore: android::hardware::configstore::V1_0::ISurfaceFlingerConfigs::hasWideColorDisplay retrieved: 0
04-25 17:53:08.061  6226  6280 I ConfigStore: android::hardware::configstore::V1_0::ISurfaceFlingerConfigs::hasHDRDisplay retrieved: 0
04-25 17:53:08.063  6226  6280 I OpenGLRenderer: Initialized EGL, version 1.4
04-25 17:53:08.063  6226  6280 D OpenGLRenderer: Swap behavior 1
04-25 17:53:08.101  6226  6280 E linker  : linker_asan dlopen translating "/vendor/lib64/hw/android.hardware.graphics.mapper@2.0-impl.so" -> "/vendor/lib64/hw/android.hardware.graphics.mapper@2.0-impl.so"
04-25 17:53:08.102  6226  6280 E linker  : linker_asan dlopen translating "/vendor/lib64/hw/gralloc.msm8996.so" -> "/vendor/lib64/hw/gralloc.msm8996.so"
04-25 17:53:08.116  6226  6226 W ActivityThread: handleWindowVisibility: no activity for token android.os.BinderProxy@1be0b19
04-25 17:53:08.285  6226  6304 W System.err: java.io.FileNotFoundException: http://www.estrongs.com/console/service/sample/index.php?source=ESF&country=cn&unique_id=9JuYzK%2BpMCmX6xWOlxFeyA==
04-25 17:53:08.285  6226  6304 W System.err: 	at com.android.okhttp.internal.huc.HttpURLConnectionImpl.getInputStream(HttpURLConnectionImpl.java:251)
04-25 17:53:08.285  6226  6304 W System.err: 	at com.estrongs.android.util.aa.l(HttpDownloader.java:300)
04-25 17:53:08.285  6226  6304 W System.err: 	at com.estrongs.android.util.aa.a(HttpDownloader.java:22)
04-25 17:53:08.285  6226  6304 W System.err: 	at com.estrongs.android.util.aa$1.run(HttpDownloader.java:121)
04-25 17:53:08.297  6226  6226 I FloatingActionButton: Setting a custom background is not supported.
04-25 17:53:08.529  6226  6243 I WorkerWrapper: Worker result SUCCESS for Work [ id=8f607848-9147-4d2f-a0d9-b817271ab239, tags={ com.estrongs.android.util.KAWorker } ]
04-25 17:53:08.553  6226  6226 E test    : onScrollChanged!
04-25 17:53:08.601 31964 31987 I ActivityManager: Displayed com.estrongs.android.pop/.view.FileExplorerActivity: +538ms (total +13s126ms)
04-25 17:53:08.788   497   535 W SurfaceFlinger: Attempting to set client state on removed layer: Splash Screen com.estrongs.android.pop#0
04-25 17:53:08.788   497   535 W SurfaceFlinger: Attempting to destroy on removed layer: Splash Screen com.estrongs.android.pop#0
04-25 17:53:08.903 31964 31964 W WindowManager: removeWindowToken: Attempted to remove non-existing token: android.os.Binder@ad736ee
04-25 17:53:08.997  6226  6309 W System.err: java.io.FileNotFoundException: http://conf.international.baidu.com/index.php/Sample/getConf?source=ESF&country=cn&unique_id=9JuYzK%2BpMCmX6xWOlxFeyA==
04-25 17:53:08.998  6226  6309 W System.err: 	at com.android.okhttp.internal.huc.HttpURLConnectionImpl.getInputStream(HttpURLConnectionImpl.java:251)
04-25 17:53:08.998  6226  6309 W System.err: 	at com.estrongs.android.util.aa.l(HttpDownloader.java:300)
04-25 17:53:08.998  6226  6309 W System.err: 	at com.estrongs.android.util.aa.a(HttpDownloader.java:22)
04-25 17:53:08.998  6226  6309 W System.err: 	at com.estrongs.android.util.aa$1.run(HttpDownloader.java:121)
04-25 17:53:09.217  6226  6226 I WebViewFactory: Loading com.android.webview version 66.0.3359.158 (code 336015855)
04-25 17:53:09.290  6226  6226 I cr_LibraryLoader: Time to load native libraries: 5 ms (timestamps 3935-3940)
04-25 17:53:09.306  6226  6226 I chromium: [INFO:library_loader_hooks.cc(36)] Chromium logging enabled: level = 0, default verbosity = 0
04-25 17:53:09.307  6226  6226 I cr_LibraryLoader: Expected native library version number "66.0.3359.158", actual native library version number "66.0.3359.158"
04-25 17:53:09.308  6226  6348 W System.err: android.content.pm.PackageManager$NameNotFoundException: Music
04-25 17:53:09.309  6226  6348 W System.err: 	at android.app.ApplicationPackageManager.getPackageInfoAsUser(ApplicationPackageManager.java:181)
04-25 17:53:09.309  6226  6348 W System.err: 	at android.app.ApplicationPackageManager.getPackageInfo(ApplicationPackageManager.java:152)
04-25 17:53:09.309  6226  6348 W System.err: 	at com.estrongs.android.pop.app.log.q$5.a(LogManager.java:156)
04-25 17:53:09.309  6226  6348 W System.err: 	at es.aen$a.a(LogReader.java:555)
04-25 17:53:09.309  6226  6348 W System.err: 	at es.aen$a.call(LogReader.java:509)
04-25 17:53:09.309  6226  6348 W System.err: 	at java.util.concurrent.FutureTask.run(FutureTask.java:266)
04-25 17:53:09.309  6226  6348 W System.err: 	at java.util.concurrent.ThreadPoolExecutor.runWorker(ThreadPoolExecutor.java:1167)
04-25 17:53:09.309  6226  6348 W System.err: 	at java.util.concurrent.ThreadPoolExecutor$Worker.run(ThreadPoolExecutor.java:641)
04-25 17:53:09.309  6226  6348 W System.err: 	at java.lang.Thread.run(Thread.java:764)
04-25 17:53:09.313  6226  6347 W System.err: android.content.pm.PackageManager$NameNotFoundException: Music
04-25 17:53:09.313  6226  6347 W System.err: 	at android.app.ApplicationPackageManager.getPackageInfoAsUser(ApplicationPackageManager.java:181)
04-25 17:53:09.313  6226  6347 W System.err: 	at android.app.ApplicationPackageManager.getPackageInfo(ApplicationPackageManager.java:152)
04-25 17:53:09.313  6226  6347 W System.err: 	at com.estrongs.android.pop.app.log.q$5.a(LogManager.java:156)
04-25 17:53:09.313  6226  6347 W System.err: 	at es.aen$a.a(LogReader.java:555)
04-25 17:53:09.313  6226  6347 W System.err: 	at es.aen$a.call(LogReader.java:509)
04-25 17:53:09.313  6226  6347 W System.err: 	at java.util.concurrent.FutureTask.run(FutureTask.java:266)
04-25 17:53:09.313  6226  6347 W System.err: 	at java.util.concurrent.ThreadPoolExecutor.runWorker(ThreadPoolExecutor.java:1167)
04-25 17:53:09.313  6226  6347 W System.err: 	at java.util.concurrent.ThreadPoolExecutor$Worker.run(ThreadPoolExecutor.java:641)
04-25 17:53:09.313  6226  6347 W System.err: 	at java.lang.Thread.run(Thread.java:764)
04-25 17:53:09.337  6226  6237 I ngs.android.po: Background concurrent copying GC freed 67687(3MB) AllocSpace objects, 7(332KB) LOS objects, 50% free, 5MB/11MB, paused 263us total 148.218ms
04-25 17:53:09.339  6226  6355 W cr_ChildProcLH: Create a new ChildConnectionAllocator with package name = com.android.webview, sandboxed = true
04-25 17:53:09.342  6226  6235 W System  : A resource failed to call end. 
04-25 17:53:09.347  6226  6226 I cr_BrowserStartup: Initializing chromium process, singleProcess=false
04-25 17:53:09.348  6226  6226 I cr_base : Android Locale: zh_CN_#Hans requires .pak files: []
04-25 17:53:09.395 31964 31981 I ActivityManager: Start proc 6356:com.android.webview:sandboxed_process0/u0i1 for webview_service com.estrongs.android.pop/org.chromium.content.app.SandboxedProcessService0
04-25 17:53:09.501  6226  6283 D PullRequest: newPriority:download# sid:11718
04-25 17:53:09.509  6356  6356 I LoadedApk: No resource references to update in package com.android.webview
04-25 17:53:09.512  6356  6356 I cr_ChildProcessService: Creating new ChildProcessService pid=6356
04-25 17:53:09.537  6226  6386 E chromium: [ERROR:devtools_http_handler.cc(292)] Cannot start http server for devtools. Stop devtools.
04-25 17:53:09.538  6226  6385 W cr_CrashFileManager: /data/user/0/com.estrongs.android.pop/cache/WebView/Crash Reports does not exist or is not a directory
04-25 17:53:09.545  6226  6226 I Choreographer: Skipped 33 frames!  The application may be doing too much work on its main thread.
04-25 17:53:09.551 31964 32090 I WifiService: acquireMulticastLock uid=10074
04-25 17:53:09.631  6226  6283 D PullRequest: newPriority:download# sid:152165
04-25 17:53:09.695  6226  6235 W System  : A resource failed to call end. 
04-25 17:53:09.696  6226  6237 I ngs.android.po: Background concurrent copying GC freed 48341(2MB) AllocSpace objects, 85(4MB) LOS objects, 49% free, 7MB/15MB, paused 315us total 111.838ms
04-25 17:53:09.719   657   657 D QCOM PowerHAL: LAUNCH HINT: OFF
04-25 17:53:09.766  6226  6283 D PullRequest: newPriority:download# sid:16292
04-25 17:53:09.866  6226  6283 D PullRequest: newPriority:download# sid:128871
04-25 17:53:09.983  6226  6283 D PullRequest: newPriority:download# sid:130538
04-25 17:53:10.099  6226  6283 D PullRequest: newPriority:download# sid:10336
04-25 17:53:10.210  6226  6283 D PullRequest: newPriority:mopubb#download# sid:134506
04-25 17:53:10.327  6226  6313 W System.err: java.lang.InterruptedException
04-25 17:53:10.332  6226  6313 W System.err: 	at java.util.concurrent.locks.AbstractQueuedSynchronizer$ConditionObject.reportInterruptAfterWait(AbstractQueuedSynchronizer.java:2034)
04-25 17:53:10.333  6226  6313 W System.err: 	at java.util.concurrent.locks.AbstractQueuedSynchronizer$ConditionObject.await(AbstractQueuedSynchronizer.java:2068)
04-25 17:53:10.333  6226  6313 W System.err: 	at java.util.concurrent.LinkedBlockingQueue.take(LinkedBlockingQueue.java:442)
04-25 17:53:10.333  6226  6313 W System.err: 	at es.adf$1.run(Scanner.java:388)
04-25 17:53:10.333  6226  6313 W System.err: 	at java.util.concurrent.ThreadPoolExecutor.runWorker(ThreadPoolExecutor.java:1167)
04-25 17:53:10.333  6226  6313 W System.err: 	at java.util.concurrent.ThreadPoolExecutor$Worker.run(ThreadPoolExecutor.java:641)
04-25 17:53:10.333  6226  6313 W System.err: 	at java.lang.Thread.run(Thread.java:764)
04-25 17:53:10.333  6226  6317 W System.err: java.lang.InterruptedException
04-25 17:53:10.333  6226  6317 W System.err: 	at java.util.concurrent.locks.AbstractQueuedSynchronizer$ConditionObject.reportInterruptAfterWait(AbstractQueuedSynchronizer.java:2034)
04-25 17:53:10.336  6226  6317 W System.err: 	at java.util.concurrent.locks.AbstractQueuedSynchronizer$ConditionObject.await(AbstractQueuedSynchronizer.java:2068)
04-25 17:53:10.336  6226  6317 W System.err: 	at java.util.concurrent.LinkedBlockingQueue.take(LinkedBlockingQueue.java:442)
04-25 17:53:10.336  6226  6317 W System.err: 	at es.adf$1.run(Scanner.java:388)
04-25 17:53:10.336  6226  6317 W System.err: 	at java.util.concurrent.ThreadPoolExecutor.runWorker(ThreadPoolExecutor.java:1167)
04-25 17:53:10.336  6226  6317 W System.err: 	at java.util.concurrent.ThreadPoolExecutor$Worker.run(ThreadPoolExecutor.java:641)
04-25 17:53:10.339  6226  6317 W System.err: 	at java.lang.Thread.run(Thread.java:764)
04-25 17:53:10.339  6226  6312 W System.err: java.lang.InterruptedException
04-25 17:53:10.340  6226  6312 W System.err: 	at java.util.concurrent.locks.AbstractQueuedSynchronizer$ConditionObject.reportInterruptAfterWait(AbstractQueuedSynchronizer.java:2034)
04-25 17:53:10.341  6226  6312 W System.err: 	at java.util.concurrent.locks.AbstractQueuedSynchronizer$ConditionObject.await(AbstractQueuedSynchronizer.java:2068)
04-25 17:53:10.341  6226  6312 W System.err: 	at java.util.concurrent.LinkedBlockingQueue.take(LinkedBlockingQueue.java:442)
04-25 17:53:10.341  6226  6312 W System.err: 	at es.adf$1.run(Scanner.java:388)
04-25 17:53:10.341  6226  6312 W System.err: 	at java.util.concurrent.ThreadPoolExecutor.runWorker(ThreadPoolExecutor.java:1167)
04-25 17:53:10.341  6226  6312 W System.err: 	at java.util.concurrent.ThreadPoolExecutor$Worker.run(ThreadPoolExecutor.java:641)
04-25 17:53:10.342  6226  6312 W System.err: 	at java.lang.Thread.run(Thread.java:764)
04-25 17:53:10.342  6226  6307 W System.err: java.lang.InterruptedException
04-25 17:53:10.343  6226  6307 W System.err: 	at java.util.concurrent.locks.AbstractQueuedSynchronizer$ConditionObject.reportInterruptAfterWait(AbstractQueuedSynchronizer.java:2034)
04-25 17:53:10.343  6226  6307 W System.err: 	at java.util.concurrent.locks.AbstractQueuedSynchronizer$ConditionObject.await(AbstractQueuedSynchronizer.java:2068)
04-25 17:53:10.343  6226  6307 W System.err: 	at java.util.concurrent.LinkedBlockingQueue.take(LinkedBlockingQueue.java:442)
04-25 17:53:10.343  6226  6307 W System.err: 	at es.adf$1.run(Scanner.java:388)
04-25 17:53:10.343  6226  6307 W System.err: 	at java.util.concurrent.ThreadPoolExecutor.runWorker(ThreadPoolExecutor.java:1167)
04-25 17:53:10.343  6226  6307 W System.err: 	at java.util.concurrent.ThreadPoolExecutor$Worker.run(ThreadPoolExecutor.java:641)
04-25 17:53:10.345  6226  6307 W System.err: 	at java.lang.Thread.run(Thread.java:764)
04-25 17:53:10.345  6226  6315 W System.err: java.lang.InterruptedException
04-25 17:53:10.345  6226  6315 W System.err: 	at java.util.concurrent.locks.AbstractQueuedSynchronizer$ConditionObject.reportInterruptAfterWait(AbstractQueuedSynchronizer.java:2034)
04-25 17:53:10.348  6226  6315 W System.err: 	at java.util.concurrent.locks.AbstractQueuedSynchronizer$ConditionObject.await(AbstractQueuedSynchronizer.java:2068)
04-25 17:53:10.348  6226  6315 W System.err: 	at java.util.concurrent.LinkedBlockingQueue.take(LinkedBlockingQueue.java:442)
04-25 17:53:10.348  6226  6315 W System.err: 	at es.adf$1.run(Scanner.java:388)
04-25 17:53:10.348  6226  6315 W System.err: 	at java.util.concurrent.ThreadPoolExecutor.runWorker(ThreadPoolExecutor.java:1167)
04-25 17:53:10.348  6226  6315 W System.err: 	at java.util.concurrent.ThreadPoolExecutor$Worker.run(ThreadPoolExecutor.java:641)
04-25 17:53:10.349  6226  6315 W System.err: 	at java.lang.Thread.run(Thread.java:764)
04-25 17:53:10.349  6226  6311 W System.err: java.lang.InterruptedException
04-25 17:53:10.356  6226  6311 W System.err: 	at java.util.concurrent.locks.AbstractQueuedSynchronizer$ConditionObject.reportInterruptAfterWait(AbstractQueuedSynchronizer.java:2034)
04-25 17:53:10.358  6226  6311 W System.err: 	at java.util.concurrent.locks.AbstractQueuedSynchronizer$ConditionObject.await(AbstractQueuedSynchronizer.java:2068)
04-25 17:53:10.358  6226  6311 W System.err: 	at java.util.concurrent.LinkedBlockingQueue.take(LinkedBlockingQueue.java:442)
04-25 17:53:10.358  6226  6311 W System.err: 	at es.adf$1.run(Scanner.java:388)
04-25 17:53:10.358  6226  6311 W System.err: 	at java.util.concurrent.ThreadPoolExecutor.runWorker(ThreadPoolExecutor.java:1167)
04-25 17:53:10.358  6226  6311 W System.err: 	at java.util.concurrent.ThreadPoolExecutor$Worker.run(ThreadPoolExecutor.java:641)
04-25 17:53:10.358  6226  6311 W System.err: 	at java.lang.Thread.run(Thread.java:764)
04-25 17:53:10.359  6226  6314 W System.err: java.lang.InterruptedException
04-25 17:53:10.359  6226  6314 W System.err: 	at java.util.concurrent.locks.AbstractQueuedSynchronizer$ConditionObject.reportInterruptAfterWait(AbstractQueuedSynchronizer.java:2034)
04-25 17:53:10.360  6226  6314 W System.err: 	at java.util.concurrent.locks.AbstractQueuedSynchronizer$ConditionObject.await(AbstractQueuedSynchronizer.java:2068)
04-25 17:53:10.360  6226  6314 W System.err: 	at java.util.concurrent.LinkedBlockingQueue.take(LinkedBlockingQueue.java:442)
04-25 17:53:10.360  6226  6314 W System.err: 	at es.adf$1.run(Scanner.java:388)
04-25 17:53:10.360  6226  6314 W System.err: 	at java.util.concurrent.ThreadPoolExecutor.runWorker(ThreadPoolExecutor.java:1167)
04-25 17:53:10.360  6226  6314 W System.err: 	at java.util.concurrent.ThreadPoolExecutor$Worker.run(ThreadPoolExecutor.java:641)
04-25 17:53:10.361  6226  6314 W System.err: 	at java.lang.Thread.run(Thread.java:764)
04-25 17:53:10.368  6226  6283 D PullRequest: newPriority:download# sid:134507
04-25 17:53:10.501  6226  6283 D PullRequest: newPriority:facebook#admob#download# sid:134508
04-25 17:53:10.614  6226  6406 W System.err: android.content.pm.PackageManager$NameNotFoundException: Music
04-25 17:53:10.614  6226  6406 W System.err: 	at android.app.ApplicationPackageManager.getPackageInfoAsUser(ApplicationPackageManager.java:181)
04-25 17:53:10.614  6226  6406 W System.err: 	at android.app.ApplicationPackageManager.getPackageInfo(ApplicationPackageManager.java:152)
04-25 17:53:10.614  6226  6406 W System.err: 	at com.estrongs.android.pop.app.log.q$5.a(LogManager.java:156)
04-25 17:53:10.614  6226  6406 W System.err: 	at es.aen$a.a(LogReader.java:555)
04-25 17:53:10.615  6226  6406 W System.err: 	at es.aen$a.call(LogReader.java:509)
04-25 17:53:10.615  6226  6406 W System.err: 	at java.util.concurrent.FutureTask.run(FutureTask.java:266)
04-25 17:53:10.615  6226  6406 W System.err: 	at java.util.concurrent.ThreadPoolExecutor.runWorker(ThreadPoolExecutor.java:1167)
04-25 17:53:10.615  6226  6406 W System.err: 	at java.util.concurrent.ThreadPoolExecutor$Worker.run(ThreadPoolExecutor.java:641)
04-25 17:53:10.615  6226  6406 W System.err: 	at java.lang.Thread.run(Thread.java:764)
04-25 17:53:10.616  6226  6405 W System.err: android.content.pm.PackageManager$NameNotFoundException: Music
04-25 17:53:10.617  6226  6405 W System.err: 	at android.app.ApplicationPackageManager.getPackageInfoAsUser(ApplicationPackageManager.java:181)
04-25 17:53:10.617  6226  6405 W System.err: 	at android.app.ApplicationPackageManager.getPackageInfo(ApplicationPackageManager.java:152)
04-25 17:53:10.617  6226  6405 W System.err: 	at com.estrongs.android.pop.app.log.q$5.a(LogManager.java:156)
04-25 17:53:10.617  6226  6405 W System.err: 	at es.aen$a.a(LogReader.java:555)
04-25 17:53:10.617  6226  6405 W System.err: 	at es.aen$a.call(LogReader.java:509)
04-25 17:53:10.617  6226  6405 W System.err: 	at java.util.concurrent.FutureTask.run(FutureTask.java:266)
04-25 17:53:10.617  6226  6405 W System.err: 	at java.util.concurrent.ThreadPoolExecutor.runWorker(ThreadPoolExecutor.java:1167)
04-25 17:53:10.617  6226  6405 W System.err: 	at java.util.concurrent.ThreadPoolExecutor$Worker.run(ThreadPoolExecutor.java:641)
04-25 17:53:10.617  6226  6405 W System.err: 	at java.lang.Thread.run(Thread.java:764)
04-25 17:53:10.652  6226  6283 D PullRequest: newPriority:download# sid:137068
04-25 17:53:10.766  6226  6226 E libEGL  : call to OpenGL ES API with no current context (logged once per thread)
04-25 17:53:10.775  6226  6283 D PullRequest: newPriority:download# sid:16290
04-25 17:53:10.921  6226  6283 D PullRequest: newPriority:download# sid:16291
04-25 17:53:12.248 31964 32090 I ActivityManager: START u0 {act=android.intent.action.VIEW dat=content://com.estrongs.files/storage/emulated/0/aaa.ape typ=audio/x-ape flg=0x4000003 cmp=com.android.mediacenter/.ui.player.oneshot.MediaPlaybackActivityStarter (has extras)} from uid 10074
04-25 17:53:12.252   657   657 D QCOM PowerHAL: LAUNCH HINT: ON
04-25 17:53:12.255   657   657 D QCOM PowerHAL: Activity launch hint handled
04-25 17:53:12.314  6421  6421 I chatty  : uid=10073(com.android.mediacenter) expire 60 lines
04-25 17:53:12.331 31964 31981 I ActivityManager: Start proc 6421:com.android.mediacenter/u0a73 for activity com.android.mediacenter/.ui.player.oneshot.MediaPlaybackActivityStarter
04-25 17:53:12.486  6421  6439 I chatty  : uid=10073(com.android.mediacenter) expire 3 lines
04-25 17:53:12.503 31964 31975 W ActivityManager: Unable to start service Intent { act=com.google.android.gms.ads.identifier.service.START pkg=com.google.android.gms } U=0: not found
04-25 17:53:12.506 31964 31975 W ActivityManager: Unable to start service Intent { act=com.google.android.gms.ads.identifier.service.START pkg=com.google.android.gms } U=0: not found
04-25 17:53:12.517  6421  6440 I chatty  : uid=10073(com.android.mediacenter) expire 1 line
04-25 17:53:12.541 31964 32090 D ConnectivityService: Returning UNBLOCKED NetworkInfo to uid=10073
04-25 17:53:12.552  6421  6452 I chatty  : uid=10073(com.android.mediacenter) expire 3 lines
04-25 17:53:12.557  6421  6453 I chatty  : uid=10073(com.android.mediacenter) expire 4 lines
04-25 17:53:12.557  6421  6451 I chatty  : uid=10073(com.android.mediacenter) expire 3 lines
04-25 17:53:12.590  6421  6458 I chatty  : uid=10073(com.android.mediacenter) expire 24 lines
04-25 17:53:12.662  6421  6450 I chatty  : uid=10073(com.android.mediacenter) expire 4 lines
04-25 17:53:12.670   495   495 W /vendor/bin/hw/android.hardware.keymaster@3.0-service: Not performing software digesting for symmetric cipher keys
04-25 17:53:12.670   495   495 W /vendor/bin/hw/android.hardware.keymaster@3.0-service: Not performing software digesting for symmetric cipher keys
04-25 17:53:12.684   495   495 W /vendor/bin/hw/android.hardware.keymaster@3.0-service: Not performing software digesting for symmetric cipher keys
04-25 17:53:12.684   495   495 W /vendor/bin/hw/android.hardware.keymaster@3.0-service: Not performing software digesting for symmetric cipher keys
04-25 17:53:12.696   495   495 W /vendor/bin/hw/android.hardware.keymaster@3.0-service: Not performing software digesting for symmetric cipher keys
04-25 17:53:12.696   495   495 W /vendor/bin/hw/android.hardware.keymaster@3.0-service: Not performing software digesting for symmetric cipher keys
04-25 17:53:12.708   790   790 I keystore: 1 0
04-25 17:53:12.715   495   495 W /vendor/bin/hw/android.hardware.keymaster@3.0-service: Not performing software digesting for symmetric cipher keys
04-25 17:53:12.715   495   495 W /vendor/bin/hw/android.hardware.keymaster@3.0-service: Not performing software digesting for symmetric cipher keys
04-25 17:53:12.716  6421  6432 I chatty  : uid=10073(com.android.mediacenter) expire 1 line
04-25 17:53:12.721   495   495 W /vendor/bin/hw/android.hardware.keymaster@3.0-service: Not performing software digesting for symmetric cipher keys
04-25 17:53:12.721   495   495 W /vendor/bin/hw/android.hardware.keymaster@3.0-service: Not performing software digesting for symmetric cipher keys
04-25 17:53:12.727   790   790 I keystore: 1 1
04-25 17:53:12.762   495   495 W /vendor/bin/hw/android.hardware.keymaster@3.0-service: Not performing software digesting for symmetric cipher keys
04-25 17:53:12.768   495   495 I chatty  : uid=1000(system) keymaster@3.0-s identical 8 lines
