04-25 17:52:29.224  5298  5344 I chatty  : uid=10073(com.android.mediacenter) expire 1 line
04-25 17:52:29.250  5298  6103 I chatty  : uid=10073(com.android.mediacenter) expire 5 lines
04-25 17:52:29.269  5298  5328 I chatty  : uid=10073(com.android.mediacenter) expire 3 lines
04-25 17:52:29.313  5298  6099 I chatty  : uid=10073(com.android.mediacenter) expire 12 lines
04-25 17:52:29.316  5298  6104 I chatty  : uid=10073(com.android.mediacenter) expire 1 line
04-25 17:52:29.350  5298  5355 I chatty  : uid=10073(com.android.mediacenter) expire 1 line
04-25 17:52:29.377  5298  5329 I chatty  : uid=10073(com.android.mediacenter) expire 1 line
04-25 17:52:29.393  5298  5330 I chatty  : uid=10073(com.android.mediacenter) expire 1 line
04-25 17:52:29.409  5298  5298 I chatty  : uid=10073(com.android.mediacenter) expire 192 lines
04-25 17:52:29.412 31964 32345 I NotificationService: cancelToast pkg=com.android.mediacenter callback=android.app.ITransientNotification$Stub$Proxy@5ec2ad5
04-25 17:52:29.412 31964 32345 W NotificationService: Toast already cancelled. pkg=com.android.mediacenter callback=android.app.ITransientNotification$Stub$Proxy@5ec2ad5
04-25 17:52:29.423 32624 32633 W System  : A resource failed to call end. 
04-25 17:52:29.498   657   657 D QCOM PowerHAL: LAUNCH HINT: OFF
04-25 17:52:29.540   651   651 I /vendor/bin/hw/android.hardware.health@2.0-service.marlin: SRAM data: 2091000
04-25 17:52:29.548 31964 32070 E LightsService: Light requested not available on this device. 3
04-25 17:52:29.588   651   651 I /vendor/bin/hw/android.hardware.health@2.0-service.marlin: SRAM data: 2091000
04-25 17:52:29.590   651   651 I /vendor/bin/hw/android.hardware.health@2.0-service.marlin: SRAM data: 2091000
04-25 17:52:29.597   497   543 W SurfaceFlinger: Attempting to set client state on removed layer: SnapshotStartingWindow for taskId=80#0
04-25 17:52:29.597   497   543 W SurfaceFlinger: Attempting to destroy on removed layer: SnapshotStartingWindow for taskId=80#0
04-25 17:52:29.598  5298  5329 I chatty  : uid=10073(com.android.mediacenter) expire 1 line
04-25 17:52:29.600  5298  5328 I chatty  : uid=10073(com.android.mediacenter) expire 1 line
04-25 17:52:29.839   651   651 I /vendor/bin/hw/android.hardware.health@2.0-service.marlin: SRAM data: 2091000
04-25 17:52:29.847   651   651 I chatty  : uid=1000(system) health@2.0-serv identical 1 line
04-25 17:52:29.849   651   651 I /vendor/bin/hw/android.hardware.health@2.0-service.marlin: SRAM data: 2091000
04-25 17:52:30.055   497   543 W SurfaceFlinger: Attempting to set client state on removed layer: Surface(name=AppWindowToken{f45a648 token=Token{c9e58eb ActivityRecord{e63743a u0 com.estrongs.android.pop/.view.FileExplorerActivity t73}}})/@0x1d47d68 - animation-leash#0
04-25 17:52:30.056   497   543 W SurfaceFlinger: Attempting to destroy on removed layer: Surface(name=AppWindowToken{f45a648 token=Token{c9e58eb ActivityRecord{e63743a u0 com.estrongs.android.pop/.view.FileExplorerActivity t73}}})/@0x1d47d68 - animation-leash#0
04-25 17:52:30.122   497   545 W SurfaceFlinger: Attempting to destroy on removed layer: AppWindowToken{73ae442 token=Token{5ee4a8d ActivityRecord{7cf7f24 u0 com.android.mediacenter/.ui.player.MediaPlayBackActivity t80}}}#0
04-25 17:52:30.336 31964 31974 I system_server: NativeAlloc concurrent copying GC freed 63159(2MB) AllocSpace objects, 15(348KB) LOS objects, 42% free, 8MB/14MB, paused 174us total 111.462ms
04-25 17:52:30.775 31964 32167 I ActivityManager: START u0 {act=android.intent.action.VIEW dat=content://com.estrongs.files/storage/emulated/0/Music/ape/12.ape typ=audio/x-ape flg=0x4000003 cmp=com.android.mediacenter/.ui.player.oneshot.MediaPlaybackActivityStarter (has extras)} from uid 10074
04-25 17:52:30.780   657   657 D QCOM PowerHAL: LAUNCH HINT: ON
04-25 17:52:30.782   657   657 D QCOM PowerHAL: Activity launch hint handled
04-25 17:52:30.860  5298  5350 I chatty  : uid=10073(com.android.mediacenter) expire 63 lines
04-25 17:52:30.862 31964 32452 I ActivityManager: START u0 {flg=0x10020000 cmp=com.android.mediacenter/.ui.player.MediaPlayBackActivity (has extras)} from uid 10073
04-25 17:52:30.862 31964 32452 W ActivityManager: Activity is launching as a new task, so cancelling activity result.
04-25 17:52:30.871   657   657 D QCOM PowerHAL: LAUNCH HINT: ON
04-25 17:52:30.951   651   651 I /vendor/bin/hw/android.hardware.health@2.0-service.marlin: SRAM data: 2091000
04-25 17:52:30.953   651   651 I /vendor/bin/hw/android.hardware.health@2.0-service.marlin: SRAM data: 2091000
04-25 17:52:31.037 31900  1136 D NuPlayerDriver: reset(0xc7c16240) at state 2
04-25 17:52:31.042 31900  1136 D NuPlayerDriver: notifyListener_l(0xc7c16240), (8, 0, 0, -1), loop setting(0, 0)
04-25 17:52:31.043 31900  6100 D NuPlayerDriver: notifyResetComplete(0xc7c16240)
04-25 17:52:31.044 31900  1136 D NuPlayerDriver: reset(0xc7c16240) at state 0
04-25 17:52:31.053 31900 32340 D NuPlayerDriver: NuPlayerDriver(0xc7c13900) created, clientPid(5298)
04-25 17:52:31.062 31900  6114 D GenericSource: FileSource remote
04-25 17:52:31.066 31900  6114 E GenericSource: initFromDataSource, cannot create extractor!
04-25 17:52:31.066 31900  6114 E GenericSource: Failed to init from data source!
04-25 17:52:31.067 31900  6113 D NuPlayerDriver: notifyListener_l(0xc7c13900), (100, 1, -2147483648, -1), loop setting(0, 0)
04-25 17:52:31.067  5298  5344 I chatty  : uid=10073(com.android.mediacenter) expire 1 line
04-25 17:52:31.082  5298  5298 I chatty  : uid=10073(com.android.mediacenter) expire 207 lines
04-25 17:52:31.083  5298  5350 I chatty  : uid=10073(com.android.mediacenter) expire 27 lines
04-25 17:52:31.105  5298  6016 I chatty  : uid=10073(com.android.mediacenter) expire 2 lines
04-25 17:52:31.111  5298  5355 I chatty  : uid=10073(com.android.mediacenter) expire 3 lines
04-25 17:52:31.140  5298  6107 I chatty  : uid=10073(com.android.mediacenter) expire 6 lines
04-25 17:52:31.250  5298  6115 I chatty  : uid=10073(com.android.mediacenter) expire 1 line
04-25 17:52:31.253  5298  6102 I chatty  : uid=10073(com.android.mediacenter) expire 6 lines
04-25 17:52:31.297  5298  5329 I chatty  : uid=10073(com.android.mediacenter) expire 1 line
04-25 17:52:31.309 31964 32345 W NotificationService: Toast already killed. pkg=com.android.mediacenter callback=android.app.ITransientNotification$Stub$Proxy@7082314
04-25 17:52:31.310 31964 32345 I NotificationService: cancelToast pkg=com.android.mediacenter callback=android.app.ITransientNotification$Stub$Proxy@e9f37bd
04-25 17:52:31.310 31964 32345 W NotificationService: Toast already cancelled. pkg=com.android.mediacenter callback=android.app.ITransientNotification$Stub$Proxy@e9f37bd
04-25 17:52:31.334  5298  6116 I chatty  : uid=10073(com.android.mediacenter) expire 1 line
04-25 17:52:31.412   657   657 D QCOM PowerHAL: LAUNCH HINT: OFF
04-25 17:52:31.489  5298  5328 I chatty  : uid=10073(com.android.mediacenter) expire 1 line
04-25 17:52:31.494   497   535 D SurfaceFlinger: duplicate layer name: changing Toast to Toast#1
04-25 17:52:31.956   497  1220 W SurfaceFlinger: Attempting to set client state on removed layer: Splash Screen com.android.mediacenter#0
04-25 17:52:31.956   497  1220 W SurfaceFlinger: Attempting to destroy on removed layer: Splash Screen com.android.mediacenter#0
04-25 17:52:32.024  5298  5298 I chatty  : uid=10073(com.android.mediacenter) expire 168 lines
04-25 17:52:32.030   497   545 W SurfaceFlinger: Attempting to destroy on removed layer: AppWindowToken{ab0a884 token=Token{e3f4e97 ActivityRecord{5b54516 u0 com.android.mediacenter/.ui.player.MediaPlayBackActivity t81}}}#0
04-25 17:52:32.074 31964  1845 I OpenGLRenderer: Initialized EGL, version 1.4
04-25 17:52:32.074 31964  1845 D OpenGLRenderer: Swap behavior 1
04-25 17:52:32.406 31964  6049 I ActivityManager: START u0 {act=android.intent.action.VIEW dat=content://com.estrongs.files/storage/emulated/0/Music/ape/11.ape typ=audio/x-ape flg=0x4000003 cmp=com.android.mediacenter/.ui.player.oneshot.MediaPlaybackActivityStarter (has extras)} from uid 10074
04-25 17:52:32.410   657   657 D QCOM PowerHAL: LAUNCH HINT: ON
04-25 17:52:32.414   657   657 D QCOM PowerHAL: Activity launch hint handled
04-25 17:52:32.506  5298  5350 I chatty  : uid=10073(com.android.mediacenter) expire 88 lines
04-25 17:52:32.507 31964  6049 I ActivityManager: START u0 {flg=0x10020000 cmp=com.android.mediacenter/.ui.player.MediaPlayBackActivity (has extras)} from uid 10073
04-25 17:52:32.508 31964  6049 W ActivityManager: Activity is launching as a new task, so cancelling activity result.
04-25 17:52:32.515   657   657 D QCOM PowerHAL: LAUNCH HINT: ON
04-25 17:52:32.549 32545  5608 W droid.launcher: resources.arsc in APK '/data/app/com.estrongs.android.pop-V3EW63qJpeCRINkGufKBQw==/base.apk' is compressed.
04-25 17:52:32.685 31900 32340 D NuPlayerDriver: reset(0xc7c13900) at state 2
04-25 17:52:32.687 31900 32340 D NuPlayerDriver: notifyListener_l(0xc7c13900), (8, 0, 0, -1), loop setting(0, 0)
04-25 17:52:32.689 31900  6113 D NuPlayerDriver: notifyResetComplete(0xc7c13900)
04-25 17:52:32.690 31900 32340 D NuPlayerDriver: reset(0xc7c13900) at state 0
04-25 17:52:32.698 31900 32340 D NuPlayerDriver: NuPlayerDriver(0xc7c13480) created, clientPid(5298)
04-25 17:52:32.717 31900  6124 D GenericSource: FileSource remote
04-25 17:52:32.723 31900  6124 E GenericSource: initFromDataSource, cannot create extractor!
04-25 17:52:32.723 31900  6124 E GenericSource: Failed to init from data source!
04-25 17:52:32.724 31900  6123 D NuPlayerDriver: notifyListener_l(0xc7c13480), (100, 1, -2147483648, -1), loop setting(0, 0)
04-25 17:52:32.724  5298  6108 I chatty  : uid=10073(com.android.mediacenter) expire 1 line
04-25 17:52:32.780  5298  6016 I chatty  : uid=10073(com.android.mediacenter) expire 2 lines
04-25 17:52:32.781  5298  5350 I chatty  : uid=10073(com.android.mediacenter) expire 10 lines
04-25 17:52:32.781  5298  5330 I chatty  : uid=10073(com.android.mediacenter) expire 3 lines
04-25 17:52:32.793  5298  5309 I chatty  : uid=10073(com.android.mediacenter) expire 1 line
04-25 17:52:32.798  5298  5298 I chatty  : uid=10073(com.android.mediacenter) expire 225 lines
04-25 17:52:32.821  5298  6099 I chatty  : uid=10073(com.android.mediacenter) expire 6 lines
04-25 17:52:32.920 31964 31987 W WindowManager: Unable to start animation, surface is null or no children.
04-25 17:52:32.926  5298  6107 I chatty  : uid=10073(com.android.mediacenter) expire 6 lines
04-25 17:52:32.932  5298  6125 I chatty  : uid=10073(com.android.mediacenter) expire 1 line
04-25 17:52:32.948  5298  5328 I chatty  : uid=10073(com.android.mediacenter) expire 1 line
04-25 17:52:32.956 31964 32452 W NotificationService: Toast already killed. pkg=com.android.mediacenter callback=android.app.ITransientNotification$Stub$Proxy@6dd19e9
04-25 17:52:32.956 31964 32452 I NotificationService: cancelToast pkg=com.android.mediacenter callback=android.app.ITransientNotification$Stub$Proxy@d3f366e
04-25 17:52:32.957 31964 32452 W NotificationService: Toast already cancelled. pkg=com.android.mediacenter callback=android.app.ITransientNotification$Stub$Proxy@d3f366e
04-25 17:52:33.015  5298  6126 I chatty  : uid=10073(com.android.mediacenter) expire 1 line
04-25 17:52:33.076   657   657 D QCOM PowerHAL: LAUNCH HINT: OFF
04-25 17:52:33.159  5298  5329 I chatty  : uid=10073(com.android.mediacenter) expire 1 line
04-25 17:52:33.609   497  1942 W SurfaceFlinger: Attempting to set client state on removed layer: Splash Screen com.android.mediacenter#0
04-25 17:52:33.609   497  1942 W SurfaceFlinger: Attempting to destroy on removed layer: Splash Screen com.android.mediacenter#0
04-25 17:52:33.678   497   545 W SurfaceFlinger: Attempting to destroy on removed layer: AppWindowToken{47e050c token=Token{e7da83f ActivityRecord{503dc5e u0 com.android.mediacenter/.ui.player.MediaPlayBackActivity t82}}}#0
04-25 17:52:33.711 31964  1845 I OpenGLRenderer: Initialized EGL, version 1.4
04-25 17:52:33.711 31964  1845 D OpenGLRenderer: Swap behavior 1
04-25 17:52:33.868 31964  6049 I ActivityManager: START u0 {act=android.intent.action.VIEW dat=content://com.estrongs.files/storage/emulated/0/Music/ape/10.ape typ=audio/x-ape flg=0x4000003 cmp=com.android.mediacenter/.ui.player.oneshot.MediaPlaybackActivityStarter (has extras)} from uid 10074
04-25 17:52:33.876   657   657 D QCOM PowerHAL: LAUNCH HINT: ON
04-25 17:52:33.876   657   657 D QCOM PowerHAL: Activity launch hint handled
04-25 17:52:33.880 31964 31974 I system_server: NativeAlloc concurrent copying GC freed 17934(1057KB) AllocSpace objects, 4(144KB) LOS objects, 42% free, 8MB/15MB, paused 163us total 104.967ms
04-25 17:52:33.975 31964 32345 I ActivityManager: START u0 {flg=0x10020000 cmp=com.android.mediacenter/.ui.player.MediaPlayBackActivity (has extras)} from uid 10073
04-25 17:52:33.976 31964 32345 W ActivityManager: Activity is launching as a new task, so cancelling activity result.
04-25 17:52:33.986   657   657 D QCOM PowerHAL: LAUNCH HINT: ON
04-25 17:52:34.045 32545  5608 W droid.launcher: resources.arsc in APK '/data/app/com.estrongs.android.pop-V3EW63qJpeCRINkGufKBQw==/base.apk' is compressed.
04-25 17:52:34.151  5298  5350 I chatty  : uid=10073(com.android.mediacenter) expire 81 lines
04-25 17:52:34.155 31900 32340 D NuPlayerDriver: reset(0xc7c13480) at state 2
04-25 17:52:34.157  5298  5298 I chatty  : uid=10073(com.android.mediacenter) expire 168 lines
04-25 17:52:34.159 31900 32340 D NuPlayerDriver: notifyListener_l(0xc7c13480), (8, 0, 0, -1), loop setting(0, 0)
04-25 17:52:34.160 31900  6123 D NuPlayerDriver: notifyResetComplete(0xc7c13480)
04-25 17:52:34.160 31900 32340 D NuPlayerDriver: reset(0xc7c13480) at state 0
04-25 17:52:34.172 31900 32340 D NuPlayerDriver: NuPlayerDriver(0xc7c13000) created, clientPid(5298)
04-25 17:52:34.185 31900  6134 D GenericSource: FileSource remote
04-25 17:52:34.191 31900  6134 E GenericSource: initFromDataSource, cannot create extractor!
04-25 17:52:34.191 31900  6134 E GenericSource: Failed to init from data source!
04-25 17:52:34.192 31900  6133 D NuPlayerDriver: notifyListener_l(0xc7c13000), (100, 1, -2147483648, -1), loop setting(0, 0)
04-25 17:52:34.192  5298  6108 I chatty  : uid=10073(com.android.mediacenter) expire 1 line
04-25 17:52:34.231  5298  5328 I chatty  : uid=10073(com.android.mediacenter) expire 2 lines
04-25 17:52:34.273  5298  6016 I chatty  : uid=10073(com.android.mediacenter) expire 2 lines
04-25 17:52:34.316  5298  6102 I chatty  : uid=10073(com.android.mediacenter) expire 6 lines
04-25 17:52:34.382  5298  5298 I chatty  : uid=10073(com.android.mediacenter) expire 108 lines
04-25 17:52:34.420  5298  5350 I chatty  : uid=10073(com.android.mediacenter) expire 20 lines
04-25 17:52:34.424  5298  6099 I chatty  : uid=10073(com.android.mediacenter) expire 6 lines
04-25 17:52:34.428  5298  6135 I chatty  : uid=10073(com.android.mediacenter) expire 1 line
04-25 17:52:34.438  5298  5329 I chatty  : uid=10073(com.android.mediacenter) expire 1 line
04-25 17:52:34.455 31964  1831 W NotificationService: Toast already killed. pkg=com.android.mediacenter callback=android.app.ITransientNotification$Stub$Proxy@befb651
04-25 17:52:34.458 31964  1831 I NotificationService: cancelToast pkg=com.android.mediacenter callback=android.app.ITransientNotification$Stub$Proxy@2437eb6
04-25 17:52:34.458 31964  1831 W NotificationService: Toast already cancelled. pkg=com.android.mediacenter callback=android.app.ITransientNotification$Stub$Proxy@2437eb6
04-25 17:52:34.514  5298  6136 I chatty  : uid=10073(com.android.mediacenter) expire 1 line
04-25 17:52:34.570   657   657 D QCOM PowerHAL: LAUNCH HINT: OFF
04-25 17:52:34.621  5298  5355 I chatty  : uid=10073(com.android.mediacenter) expire 1 line
04-25 17:52:34.623  5298  5330 I chatty  : uid=10073(com.android.mediacenter) expire 1 line
04-25 17:52:34.633   497  1942 D SurfaceFlinger: duplicate layer name: changing Toast to Toast#1
04-25 17:52:34.819 31964 31987 W WindowManager: Unable to start animation, surface is null or no children.
04-25 17:52:35.107   497  1942 W SurfaceFlinger: Attempting to set client state on removed layer: Splash Screen com.android.mediacenter#0
04-25 17:52:35.107   497  1942 W SurfaceFlinger: Attempting to destroy on removed layer: Splash Screen com.android.mediacenter#0
04-25 17:52:35.183   497   545 W SurfaceFlinger: Attempting to destroy on removed layer: AppWindowToken{a43c001 token=Token{92c51e8 ActivityRecord{acbef0b u0 com.android.mediacenter/.ui.player.MediaPlayBackActivity t83}}}#0
04-25 17:52:35.205 31964  1845 I OpenGLRenderer: Initialized EGL, version 1.4
04-25 17:52:35.206 31964  1845 D OpenGLRenderer: Swap behavior 1
04-25 17:52:35.799   472   472 W hwservicemanager: getTransport: Cannot find entry android.hardware.vibrator@1.2::IVibrator/default in either framework or device manifest.
04-25 17:52:35.800 31964  1831 W VibratorService: Failed to perform effect (5)
04-25 17:52:35.809 32624 32624 E ViewDragHelper: Ignoring pointerId=0 because ACTION_DOWN was not received for this pointer before ACTION_MOVE. It likely happened because  ViewDragHelper did not receive all the events in the event stream.
04-25 17:52:35.809 32624 32624 I chatty  : uid=10074(com.estrongs.android.pop) identical 48 lines
04-25 17:52:35.809 32624 32624 E ViewDragHelper: Ignoring pointerId=0 because ACTION_DOWN was not received for this pointer before ACTION_MOVE. It likely happened because  ViewDragHelper did not receive all the events in the event stream.
04-25 17:52:35.824   665   665 E VibratorService: Setting amplitude  to: 3596
04-25 17:52:35.847 32624 32624 E ViewDragHelper: Ignoring pointerId=0 because ACTION_DOWN was not received for this pointer before ACTION_MOVE. It likely happened because  ViewDragHelper did not receive all the events in the event stream.
04-25 17:52:36.096 32624 32624 E ViewDragHelper: Ignoring pointerId=0 because ACTION_DOWN was not received for this pointer before ACTION_MOVE. It likely happened because  ViewDragHelper did not receive all the events in the event stream.
04-25 17:52:36.422 31964  1831 W NotificationService: Toast already killed. pkg=com.android.mediacenter callback=android.app.ITransientNotification$Stub$Proxy@75889d8
04-25 17:52:36.461 31964 31987 W WindowManager: Unable to start animation, surface is null or no children.
04-25 17:52:36.957   497  1942 W SurfaceFlinger: Attempting to destroy on removed layer: 6f08b24 Toast#0
04-25 17:52:37.964 31964 31987 W WindowManager: Unable to start animation, surface is null or no children.
04-25 17:52:38.899   497  1220 D SurfaceFlinger: duplicate layer name: changing com.estrongs.android.pop/com.estrongs.android.pop.view.FileExplorerActivity to com.estrongs.android.pop/com.estrongs.android.pop.view.FileExplorerActivity#1
04-25 17:52:42.016   497  1220 D SurfaceFlinger: duplicate layer name: changing com.estrongs.android.pop/com.estrongs.android.pop.view.FileExplorerActivity to com.estrongs.android.pop/com.estrongs.android.pop.view.FileExplorerActivity#2
04-25 17:52:42.059 31964  6049 I ActivityManager: START u0 {cmp=com.estrongs.android.pop/.app.PopAudioPlayer (has extras)} from uid 10074
04-25 17:52:42.065   657   657 D QCOM PowerHAL: LAUNCH HINT: ON
04-25 17:52:42.068   657   657 D QCOM PowerHAL: Activity launch hint handled
04-25 17:52:42.100 32624 32624 W ActivityThread: handleWindowVisibility: no activity for token android.os.BinderProxy@4a82339
04-25 17:52:42.204 32624  6145 W System.err: java.io.FileNotFoundException: http://www.estrongs.com/console/service/sample/index.php?source=ESF&country=cn&unique_id=9JuYzK%2BpMCmX6xWOlxFeyA==
04-25 17:52:42.205 32624  6145 W System.err: 	at com.android.okhttp.internal.huc.HttpURLConnectionImpl.getInputStream(HttpURLConnectionImpl.java:251)
04-25 17:52:42.205 32624  6145 W System.err: 	at com.estrongs.android.util.aa.l(HttpDownloader.java:300)
04-25 17:52:42.205 32624  6145 W System.err: 	at com.estrongs.android.util.aa.a(HttpDownloader.java:22)
04-25 17:52:42.205 32624  6145 W System.err: 	at com.estrongs.android.util.aa$1.run(HttpDownloader.java:121)
04-25 17:52:42.474 31964 31987 I ActivityManager: Displayed com.estrongs.android.pop/.app.PopAudioPlayer: +378ms (total +13s668ms)
04-25 17:52:42.661 31900 32340 D NuPlayerDriver: NuPlayerDriver(0xc7c12d00) created, clientPid(32624)
04-25 17:52:42.680 31900  6157 D GenericSource: FileSource remote
04-25 17:52:42.684 31900  6157 E GenericSource: initFromDataSource, cannot create extractor!
04-25 17:52:42.684 31900  6157 E GenericSource: Failed to init from data source!
04-25 17:52:42.685 31900  6156 D NuPlayerDriver: notifyListener_l(0xc7c12d00), (100, 1, -2147483648, -1), loop setting(0, 0)
04-25 17:52:42.685 32624 32637 E MediaPlayerNative: error (1, -2147483648)
04-25 17:52:42.685 32624  6154 E MediaPlayerNative: stop called in state 0, mPlayer(0x33001169c0)
04-25 17:52:42.685 32624  6154 E MediaPlayerNative: error (-38, 0)
04-25 17:52:42.687 32624  6154 V MediaPlayer: resetDrmState:  mDrmInfo=null mDrmProvisioningThread=null mPrepareDrmInProgress=false mActiveDrmScheme=false
04-25 17:52:42.687 32624  6154 V MediaPlayer: cleanDrmObj: mDrmObj=null mDrmSessionId=null
04-25 17:52:42.688 31900 32340 D NuPlayerDriver: reset(0xc7c12d00) at state 2
04-25 17:52:42.690 31900 32340 D NuPlayerDriver: notifyListener_l(0xc7c12d00), (8, 0, 0, -1), loop setting(0, 0)
04-25 17:52:42.691 31900  6156 D NuPlayerDriver: notifyResetComplete(0xc7c12d00)
04-25 17:52:42.741 32624 32624 W Bitmap  : Called hasAlpha() on a recycle()'d bitmap! This is undefined behavior!
04-25 17:52:42.742 32624 32624 W Bitmap  : Called hasAlpha() on a recycle()'d bitmap! This is undefined behavior!
04-25 17:52:42.754 32624 32624 W MediaPlayer: mediaplayer went away with unhandled events
04-25 17:52:42.770   657   657 D QCOM PowerHAL: LAUNCH HINT: OFF
04-25 17:52:43.056 32624  6146 W System.err: java.io.FileNotFoundException: http://conf.international.baidu.com/index.php/Sample/getConf?source=ESF&country=cn&unique_id=9JuYzK%2BpMCmX6xWOlxFeyA==
04-25 17:52:43.056 32624  6146 W System.err: 	at com.android.okhttp.internal.huc.HttpURLConnectionImpl.getInputStream(HttpURLConnectionImpl.java:251)
04-25 17:52:43.056 32624  6146 W System.err: 	at com.estrongs.android.util.aa.l(HttpDownloader.java:300)
04-25 17:52:43.056 32624  6146 W System.err: 	at com.estrongs.android.util.aa.a(HttpDownloader.java:22)
04-25 17:52:43.056 32624  6146 W System.err: 	at com.estrongs.android.util.aa$1.run(HttpDownloader.java:121)
04-25 17:52:43.693 32624  6154 W System.err: java.io.IOException: Prepare failed.: status=0x1
04-25 17:52:43.693 32624  6154 W System.err: 	at android.media.MediaPlayer._prepare(Native Method)
04-25 17:52:43.693 32624  6154 W System.err: 	at android.media.MediaPlayer.prepare(MediaPlayer.java:1282)
04-25 17:52:43.693 32624  6154 W System.err: 	at com.estrongs.android.pop.app.AudioPlayerService.d(AudioPlayerService.java:533)
04-25 17:52:43.694 32624  6154 W System.err: 	at com.estrongs.android.pop.app.AudioPlayerService.f(AudioPlayerService.java:823)
04-25 17:52:43.694 32624  6154 W System.err: 	at com.estrongs.android.pop.app.j$a.a(PopAudioPlayerWrapper.java:212)
04-25 17:52:43.694 32624  6154 W System.err: 	at com.estrongs.android.pop.app.PopAudioPlayer$26$2.run(PopAudioPlayer.java:2201)
04-25 17:52:44.554 31900 32340 D NuPlayerDriver: NuPlayerDriver(0xc7c12940) created, clientPid(32624)
04-25 17:52:44.568 31900  6161 D GenericSource: FileSource remote
04-25 17:52:44.573 31900  6161 E GenericSource: initFromDataSource, cannot create extractor!
04-25 17:52:44.573 31900  6161 E GenericSource: Failed to init from data source!
04-25 17:52:44.574 31900  6160 D NuPlayerDriver: notifyListener_l(0xc7c12940), (100, 1, -2147483648, -1), loop setting(0, 0)
04-25 17:52:44.574 32624 32637 E MediaPlayerNative: error (1, -2147483648)
04-25 17:52:44.575 32624 32624 E MediaPlayerNative: stop called in state 0, mPlayer(0x33001855a0)
04-25 17:52:44.575 32624 32624 E MediaPlayerNative: error (-38, 0)
04-25 17:52:44.576 32624 32624 V MediaPlayer: resetDrmState:  mDrmInfo=null mDrmProvisioningThread=null mPrepareDrmInProgress=false mActiveDrmScheme=false
04-25 17:52:44.576 32624 32624 V MediaPlayer: cleanDrmObj: mDrmObj=null mDrmSessionId=null
04-25 17:52:44.577 31900 32340 D NuPlayerDriver: reset(0xc7c12940) at state 2
04-25 17:52:44.581 31900 32340 D NuPlayerDriver: notifyListener_l(0xc7c12940), (8, 0, 0, -1), loop setting(0, 0)
04-25 17:52:44.581 31900  6160 D NuPlayerDriver: notifyResetComplete(0xc7c12940)
04-25 17:52:45.583 32624 32624 W System.err: java.io.IOException: Prepare failed.: status=0x1
04-25 17:52:45.584 32624 32624 W System.err: 	at android.media.MediaPlayer._prepare(Native Method)
04-25 17:52:45.584 32624 32624 W System.err: 	at android.media.MediaPlayer.prepare(MediaPlayer.java:1282)
04-25 17:52:45.584 32624 32624 W System.err: 	at com.estrongs.android.pop.app.AudioPlayerService.d(AudioPlayerService.java:533)
04-25 17:52:45.584 32624 32624 W System.err: 	at com.estrongs.android.pop.app.AudioPlayerService.r(AudioPlayerService.java:572)
04-25 17:52:45.584 32624 32624 W System.err: 	at com.estrongs.android.pop.app.j$a.x(PopAudioPlayerWrapper.java:292)
04-25 17:52:45.584 32624 32624 W System.err: 	at com.estrongs.android.pop.app.PopAudioPlayer.s(PopAudioPlayer.java:2029)
04-25 17:52:45.584 32624 32624 W System.err: 	at com.estrongs.android.pop.app.PopAudioPlayer$28.onClick(PopAudioPlayer.java:2870)
04-25 17:52:45.584 32624 32624 W System.err: 	at android.view.View.performClick(View.java:6597)
04-25 17:52:45.584 32624 32624 W System.err: 	at android.view.View.performClickInternal(View.java:6574)
04-25 17:52:45.584 32624 32624 W System.err: 	at android.view.View.access$3100(View.java:778)
04-25 17:52:45.584 32624 32624 W System.err: 	at android.view.View$PerformClick.run(View.java:25885)
04-25 17:52:45.584 32624 32624 W System.err: 	at android.os.Handler.handleCallback(Handler.java:873)
04-25 17:52:45.585 32624 32624 W System.err: 	at android.os.Handler.dispatchMessage(Handler.java:99)
04-25 17:52:45.585 32624 32624 W System.err: 	at android.os.Looper.loop(Looper.java:193)
04-25 17:52:45.585 32624 32624 W System.err: 	at android.app.ActivityThread.main(ActivityThread.java:6680)
04-25 17:52:45.585 32624 32624 W System.err: 	at java.lang.reflect.Method.invoke(Native Method)
04-25 17:52:45.585 32624 32624 W System.err: 	at com.android.internal.os.RuntimeInit$MethodAndArgsCaller.run(RuntimeInit.java:493)
04-25 17:52:45.585 32624 32624 W System.err: 	at com.android.internal.os.ZygoteInit.main(ZygoteInit.java:858)
04-25 17:52:45.692 32624 32624 W Bitmap  : Called hasAlpha() on a recycle()'d bitmap! This is undefined behavior!
04-25 17:52:45.692 32624 32624 W Bitmap  : Called hasAlpha() on a recycle()'d bitmap! This is undefined behavior!
04-25 17:52:45.692 32624 32624 I Choreographer: Skipped 68 frames!  The application may be doing too much work on its main thread.
04-25 17:52:45.700 32624 32624 W MediaPlayer: mediaplayer went away with unhandled events
04-25 17:52:45.705 31900 32340 D NuPlayerDriver: NuPlayerDriver(0xc7c12580) created, clientPid(32624)
04-25 17:52:45.710 32624  5212 I OpenGLRenderer: Davey! duration=1163ms; Flags=0, IntendedVsync=446129197012304, Vsync=446130330345592, OldestInputEvent=9223372036854775807, NewestInputEvent=0, HandleInputStart=446130343455750, AnimationStart=446130343492573, PerformTraversalsStart=446130343493510, DrawStart=446130346004136, SyncQueued=446130347449448, SyncStart=446130347613667, IssueDrawCommandsStart=446130350599917, SwapBuffers=446130356934918, FrameCompleted=446130360981741, DequeueBufferDuration=417000, QueueBufferDuration=596000, 
04-25 17:52:45.715 31900  6164 D GenericSource: FileSource remote
04-25 17:52:45.719 31900  6164 E GenericSource: initFromDataSource, cannot create extractor!
04-25 17:52:45.720 31900  6164 E GenericSource: Failed to init from data source!
04-25 17:52:45.720 31900  6163 D NuPlayerDriver: notifyListener_l(0xc7c12580), (100, 1, -2147483648, -1), loop setting(0, 0)
04-25 17:52:45.720 32624 32637 E MediaPlayerNative: error (1, -2147483648)
04-25 17:52:45.721 32624 32624 E MediaPlayerNative: stop called in state 0, mPlayer(0x330019d4e0)
04-25 17:52:45.721 32624 32624 E MediaPlayerNative: error (-38, 0)
04-25 17:52:45.722 32624 32624 V MediaPlayer: resetDrmState:  mDrmInfo=null mDrmProvisioningThread=null mPrepareDrmInProgress=false mActiveDrmScheme=false
04-25 17:52:45.722 32624 32624 V MediaPlayer: cleanDrmObj: mDrmObj=null mDrmSessionId=null
04-25 17:52:45.723 31900  1136 D NuPlayerDriver: reset(0xc7c12580) at state 2
04-25 17:52:45.726 31900  1136 D NuPlayerDriver: notifyListener_l(0xc7c12580), (8, 0, 0, -1), loop setting(0, 0)
04-25 17:52:45.726 31900  6163 D NuPlayerDriver: notifyResetComplete(0xc7c12580)
04-25 17:52:46.445 31964 32452 D WificondControl: Scan result ready event
04-25 17:52:46.490 31964 32055 D WificondScannerImpl: Filtering out 19 scan results.
04-25 17:52:46.729 32624 32624 W System.err: java.io.IOException: Prepare failed.: status=0x1
04-25 17:52:46.730 32624 32624 W System.err: 	at android.media.MediaPlayer._prepare(Native Method)
04-25 17:52:46.730 32624 32624 W System.err: 	at android.media.MediaPlayer.prepare(MediaPlayer.java:1282)
04-25 17:52:46.730 32624 32624 W System.err: 	at com.estrongs.android.pop.app.AudioPlayerService.d(AudioPlayerService.java:533)
04-25 17:52:46.730 32624 32624 W System.err: 	at com.estrongs.android.pop.app.AudioPlayerService.r(AudioPlayerService.java:572)
04-25 17:52:46.730 32624 32624 W System.err: 	at com.estrongs.android.pop.app.j$a.x(PopAudioPlayerWrapper.java:292)
04-25 17:52:46.730 32624 32624 W System.err: 	at com.estrongs.android.pop.app.PopAudioPlayer.s(PopAudioPlayer.java:2029)
04-25 17:52:46.730 32624 32624 W System.err: 	at com.estrongs.android.pop.app.PopAudioPlayer$28.onClick(PopAudioPlayer.java:2870)
04-25 17:52:46.730 32624 32624 W System.err: 	at android.view.View.performClick(View.java:6597)
04-25 17:52:46.730 32624 32624 W System.err: 	at android.view.View.performClickInternal(View.java:6574)
04-25 17:52:46.730 32624 32624 W System.err: 	at android.view.View.access$3100(View.java:778)
04-25 17:52:46.730 32624 32624 W System.err: 	at android.view.View$PerformClick.run(View.java:25885)
04-25 17:52:46.730 32624 32624 W System.err: 	at android.os.Handler.handleCallback(Handler.java:873)
04-25 17:52:46.730 32624 32624 W System.err: 	at android.os.Handler.dispatchMessage(Handler.java:99)
04-25 17:52:46.730 32624 32624 W System.err: 	at android.os.Looper.loop(Looper.java:193)
04-25 17:52:46.730 32624 32624 W System.err: 	at android.app.ActivityThread.main(ActivityThread.java:6680)
04-25 17:52:46.731 32624 32624 W System.err: 	at java.lang.reflect.Method.invoke(Native Method)
04-25 17:52:46.731 32624 32624 W System.err: 	at com.android.internal.os.RuntimeInit$MethodAndArgsCaller.run(RuntimeInit.java:493)
04-25 17:52:46.731 32624 32624 W System.err: 	at com.android.internal.os.ZygoteInit.main(ZygoteInit.java:858)
04-25 17:52:46.737 32624 32624 I Choreographer: Skipped 61 frames!  The application may be doing too much work on its main thread.
04-25 17:52:46.754 32624  5212 I OpenGLRenderer: Davey! duration=1046ms; Flags=0, IntendedVsync=446130358317205, Vsync=446131374983831, OldestInputEvent=9223372036854775807, NewestInputEvent=0, HandleInputStart=446131388402260, AnimationStart=446131388426062, PerformTraversalsStart=446131388427208, DrawStart=446131391910802, SyncQueued=446131394039552, SyncStart=446131394338928, IssueDrawCommandsStart=446131394932625, SwapBuffers=446131399662678, FrameCompleted=446131404621741, DequeueBufferDuration=609000, QueueBufferDuration=745000, 
04-25 17:52:46.860 32624 32624 W Bitmap  : Called hasAlpha() on a recycle()'d bitmap! This is undefined behavior!
04-25 17:52:46.861 32624 32624 W Bitmap  : Called hasAlpha() on a recycle()'d bitmap! This is undefined behavior!
04-25 17:52:46.862 32624 32624 W MediaPlayer: mediaplayer went away with unhandled events
04-25 17:52:46.867 31900  1136 D NuPlayerDriver: NuPlayerDriver(0xc7c15d00) created, clientPid(32624)
04-25 17:52:46.876 31900  6167 D GenericSource: FileSource remote
04-25 17:52:46.880 31900  6167 E GenericSource: initFromDataSource, cannot create extractor!
04-25 17:52:46.880 31900  6167 E GenericSource: Failed to init from data source!
04-25 17:52:46.880 31900  6166 D NuPlayerDriver: notifyListener_l(0xc7c15d00), (100, 1, -2147483648, -1), loop setting(0, 0)
04-25 17:52:46.881 32624 32637 E MediaPlayerNative: error (1, -2147483648)
04-25 17:52:46.881 32624 32624 E MediaPlayerNative: stop called in state 0, mPlayer(0x3300175280)
04-25 17:52:46.881 32624 32624 E MediaPlayerNative: error (-38, 0)
04-25 17:52:46.882 32624 32624 V MediaPlayer: resetDrmState:  mDrmInfo=null mDrmProvisioningThread=null mPrepareDrmInProgress=false mActiveDrmScheme=false
04-25 17:52:46.883 32624 32624 V MediaPlayer: cleanDrmObj: mDrmObj=null mDrmSessionId=null
04-25 17:52:46.883 31900  1136 D NuPlayerDriver: reset(0xc7c15d00) at state 2
04-25 17:52:46.886 31900  1136 D NuPlayerDriver: notifyListener_l(0xc7c15d00), (8, 0, 0, -1), loop setting(0, 0)
04-25 17:52:46.886 31900  6166 D NuPlayerDriver: notifyResetComplete(0xc7c15d00)
04-25 17:52:46.890 32624 32635 I ngs.android.po: Background concurrent copying GC freed 9421(591KB) AllocSpace objects, 17(22MB) LOS objects, 50% free, 15MB/31MB, paused 8.757ms total 99.534ms
04-25 17:52:47.416 31964 31964 W WindowManager: removeWindowToken: Attempted to remove non-existing token: android.os.Binder@51da6de
04-25 17:52:47.888 32624 32624 W System.err: java.io.IOException: Prepare failed.: status=0x1
04-25 17:52:47.889 32624 32624 W System.err: 	at android.media.MediaPlayer._prepare(Native Method)
04-25 17:52:47.889 32624 32624 W System.err: 	at android.media.MediaPlayer.prepare(MediaPlayer.java:1282)
04-25 17:52:47.889 32624 32624 W System.err: 	at com.estrongs.android.pop.app.AudioPlayerService.d(AudioPlayerService.java:533)
04-25 17:52:47.889 32624 32624 W System.err: 	at com.estrongs.android.pop.app.AudioPlayerService.r(AudioPlayerService.java:572)
04-25 17:52:47.889 32624 32624 W System.err: 	at com.estrongs.android.pop.app.j$a.x(PopAudioPlayerWrapper.java:292)
04-25 17:52:47.889 32624 32624 W System.err: 	at com.estrongs.android.pop.app.PopAudioPlayer.s(PopAudioPlayer.java:2029)
04-25 17:52:47.889 32624 32624 W System.err: 	at com.estrongs.android.pop.app.PopAudioPlayer$28.onClick(PopAudioPlayer.java:2870)
04-25 17:52:47.889 32624 32624 W System.err: 	at android.view.View.performClick(View.java:6597)
04-25 17:52:47.889 32624 32624 W System.err: 	at android.view.View.performClickInternal(View.java:6574)
04-25 17:52:47.889 32624 32624 W System.err: 	at android.view.View.access$3100(View.java:778)
04-25 17:52:47.889 32624 32624 W System.err: 	at android.view.View$PerformClick.run(View.java:25885)
04-25 17:52:47.889 32624 32624 W System.err: 	at android.os.Handler.handleCallback(Handler.java:873)
04-25 17:52:47.890 32624 32624 W System.err: 	at android.os.Handler.dispatchMessage(Handler.java:99)
04-25 17:52:47.890 32624 32624 W System.err: 	at android.os.Looper.loop(Looper.java:193)
04-25 17:52:47.890 32624 32624 W System.err: 	at android.app.ActivityThread.main(ActivityThread.java:6680)
04-25 17:52:47.890 32624 32624 W System.err: 	at java.lang.reflect.Method.invoke(Native Method)
04-25 17:52:47.890 32624 32624 W System.err: 	at com.android.internal.os.RuntimeInit$MethodAndArgsCaller.run(RuntimeInit.java:493)
04-25 17:52:47.890 32624 32624 W System.err: 	at com.android.internal.os.ZygoteInit.main(ZygoteInit.java:858)
04-25 17:52:47.901 31900  1136 D NuPlayerDriver: NuPlayerDriver(0xc7c15940) created, clientPid(32624)
04-25 17:52:47.913 31900  6170 D GenericSource: FileSource remote
04-25 17:52:47.918 31900  6170 E GenericSource: initFromDataSource, cannot create extractor!
04-25 17:52:47.918 31900  6170 E GenericSource: Failed to init from data source!
04-25 17:52:47.919 31900  6169 D NuPlayerDriver: notifyListener_l(0xc7c15940), (100, 1, -2147483648, -1), loop setting(0, 0)
04-25 17:52:47.919 32624 32637 E MediaPlayerNative: error (1, -2147483648)
04-25 17:52:47.920 32624 32624 E MediaPlayerNative: stop called in state 0, mPlayer(0x33001072a0)
04-25 17:52:47.920 32624 32624 E MediaPlayerNative: error (-38, 0)
04-25 17:52:47.922 32624 32624 V MediaPlayer: resetDrmState:  mDrmInfo=null mDrmProvisioningThread=null mPrepareDrmInProgress=false mActiveDrmScheme=false
04-25 17:52:47.922 32624 32624 V MediaPlayer: cleanDrmObj: mDrmObj=null mDrmSessionId=null
04-25 17:52:47.922 31900  1136 D NuPlayerDriver: reset(0xc7c15940) at state 2
04-25 17:52:47.926 31900  1136 D NuPlayerDriver: notifyListener_l(0xc7c15940), (8, 0, 0, -1), loop setting(0, 0)
04-25 17:52:47.926 31900  6169 D NuPlayerDriver: notifyResetComplete(0xc7c15940)
04-25 17:52:48.592 31964 32043 I InputDispatcher: Dropped event because the current application is not responding and the user has started interacting with a different application.
04-25 17:52:48.593 31964 32043 I chatty  : uid=1000(system) InputDispatcher identical 3 lines
04-25 17:52:48.593 31964 32043 I InputDispatcher: Dropped event because the current application is not responding and the user has started interacting with a different application.
04-25 17:52:48.608   665   665 E VibratorService: Setting amplitude  to: 1856
04-25 17:52:48.623 31964 31985 D AutofillManagerService: Close system dialogs
04-25 17:52:48.627 31964 32043 I ActivityManager: START u0 {act=android.intent.action.MAIN cat=[android.intent.category.HOME] flg=0x10200000 cmp=com.android.launcher3/.Launcher (has extras)} from uid 1000
04-25 17:52:48.630   657   657 D QCOM PowerHAL: LAUNCH HINT: ON
04-25 17:52:48.633   657   657 D QCOM PowerHAL: Activity launch hint handled
04-25 17:52:48.643 32137 32137 V StatusBar: mStatusBarWindow: com.android.systemui.statusbar.phone.StatusBarWindowView{1cc6646 V.ED..... ........ 0,0-1080,63} canPanelBeCollapsed(): false
04-25 17:52:48.644 32137 32137 I vol.Events: writeEvent dismiss_dialog volume_controller
04-25 17:52:48.699   657   657 D QCOM PowerHAL: LAUNCH HINT: OFF
04-25 17:52:48.930 32624 32624 W System.err: java.io.IOException: Prepare failed.: status=0x1
04-25 17:52:48.930 32624 32624 W System.err: 	at android.media.MediaPlayer._prepare(Native Method)
04-25 17:52:48.930 32624 32624 W System.err: 	at android.media.MediaPlayer.prepare(MediaPlayer.java:1282)
04-25 17:52:48.930 32624 32624 W System.err: 	at com.estrongs.android.pop.app.AudioPlayerService.d(AudioPlayerService.java:533)
04-25 17:52:48.930 32624 32624 W System.err: 	at com.estrongs.android.pop.app.AudioPlayerService.r(AudioPlayerService.java:572)
04-25 17:52:48.930 32624 32624 W System.err: 	at com.estrongs.android.pop.app.j$a.x(PopAudioPlayerWrapper.java:292)
04-25 17:52:48.930 32624 32624 W System.err: 	at com.estrongs.android.pop.app.PopAudioPlayer.s(PopAudioPlayer.java:2029)
04-25 17:52:48.930 32624 32624 W System.err: 	at com.estrongs.android.pop.app.PopAudioPlayer$28.onClick(PopAudioPlayer.java:2870)
04-25 17:52:48.930 32624 32624 W System.err: 	at android.view.View.performClick(View.java:6597)
04-25 17:52:48.931 32624 32624 W System.err: 	at android.view.View.performClickInternal(View.java:6574)
04-25 17:52:48.931 32624 32624 W System.err: 	at android.view.View.access$3100(View.java:778)
04-25 17:52:48.931 32624 32624 W System.err: 	at android.view.View$PerformClick.run(View.java:25885)
04-25 17:52:48.931 32624 32624 W System.err: 	at android.os.Handler.handleCallback(Handler.java:873)
04-25 17:52:48.931 32624 32624 W System.err: 	at android.os.Handler.dispatchMessage(Handler.java:99)
04-25 17:52:48.931 32624 32624 W System.err: 	at android.os.Looper.loop(Looper.java:193)
04-25 17:52:48.931 32624 32624 W System.err: 	at android.app.ActivityThread.main(ActivityThread.java:6680)
04-25 17:52:48.931 32624 32624 W System.err: 	at java.lang.reflect.Method.invoke(Native Method)
04-25 17:52:48.931 32624 32624 W System.err: 	at com.android.internal.os.RuntimeInit$MethodAndArgsCaller.run(RuntimeInit.java:493)
04-25 17:52:48.931 32624 32624 W System.err: 	at com.android.internal.os.ZygoteInit.main(ZygoteInit.java:858)
04-25 17:52:48.934 32624 32624 I Choreographer: Skipped 131 frames!  The application may be doing too much work on its main thread.
04-25 17:52:48.957 32624  5212 I OpenGLRenderer: Davey! duration=2206ms; Flags=0, IntendedVsync=446131401485621, Vsync=446133584818867, OldestInputEvent=9223372036854775807, NewestInputEvent=0, HandleInputStart=446133585330656, AnimationStart=446133585354146, PerformTraversalsStart=446133586470135, DrawStart=446133589769094, SyncQueued=446133591959094, SyncStart=446133592141438, IssueDrawCommandsStart=446133600736179, SwapBuffers=446133606551440, FrameCompleted=446133608538367, DequeueBufferDuration=455000, QueueBufferDuration=534000, 
04-25 17:52:48.965 31900  1136 D NuPlayerDriver: NuPlayerDriver(0xc7c15580) created, clientPid(32624)
04-25 17:52:48.974 31900  6174 D GenericSource: FileSource remote
04-25 17:52:48.978 31900  6174 E GenericSource: initFromDataSource, cannot create extractor!
04-25 17:52:48.979 31900  6174 E GenericSource: Failed to init from data source!
04-25 17:52:48.979 31900  6173 D NuPlayerDriver: notifyListener_l(0xc7c15580), (100, 1, -2147483648, -1), loop setting(0, 0)
04-25 17:52:48.980 32624 32636 E MediaPlayerNative: error (1, -2147483648)
04-25 17:52:48.980 32624 32624 E MediaPlayerNative: stop called in state 0, mPlayer(0x330006c080)
04-25 17:52:48.980 32624 32624 E MediaPlayerNative: error (-38, 0)
04-25 17:52:48.982 32624 32624 V MediaPlayer: resetDrmState:  mDrmInfo=null mDrmProvisioningThread=null mPrepareDrmInProgress=false mActiveDrmScheme=false
04-25 17:52:48.982 32624 32624 V MediaPlayer: cleanDrmObj: mDrmObj=null mDrmSessionId=null
04-25 17:52:48.982 31900  1136 D NuPlayerDriver: reset(0xc7c15580) at state 2
04-25 17:52:48.986 31900  1136 D NuPlayerDriver: notifyListener_l(0xc7c15580), (8, 0, 0, -1), loop setting(0, 0)
04-25 17:52:48.986 31900  6173 D NuPlayerDriver: notifyResetComplete(0xc7c15580)
04-25 17:52:49.142 31964 31979 W ActivityManager: Activity pause timeout for ActivityRecord{3ecdf25 u0 com.estrongs.android.pop/.app.PopAudioPlayer t73}
04-25 17:52:49.260 32545  5608 W droid.launcher: resources.arsc in APK '/data/app/com.estrongs.android.pop-V3EW63qJpeCRINkGufKBQw==/base.apk' is compressed.
04-25 17:52:49.309   665   665 E VibratorService: Setting amplitude  to: 1856
04-25 17:52:49.333 31964 31974 I system_server: NativeAlloc concurrent copying GC freed 30253(1561KB) AllocSpace objects, 12(560KB) LOS objects, 42% free, 8MB/15MB, paused 171us total 111.298ms
04-25 17:52:49.386 31964 31985 D AutofillManagerService: Close system dialogs
04-25 17:52:49.394 32137 32137 I vol.Events: writeEvent dismiss_dialog volume_controller
04-25 17:52:49.395 32137 32137 V StatusBar: mStatusBarWindow: com.android.systemui.statusbar.phone.StatusBarWindowView{1cc6646 V.ED..... ........ 0,0-1080,63} canPanelBeCollapsed(): false
04-25 17:52:49.411 31964 32345 W ActivityManager: getTaskSnapshot: taskId=80 not found
04-25 17:52:49.420 31964 32452 W ActivityManager: getTaskSnapshot: taskId=80 not found
04-25 17:52:49.988 32624 32624 W System.err: java.io.IOException: Prepare failed.: status=0x1
04-25 17:52:49.989 32624 32624 W System.err: 	at android.media.MediaPlayer._prepare(Native Method)
04-25 17:52:49.989 32624 32624 W System.err: 	at android.media.MediaPlayer.prepare(MediaPlayer.java:1282)
04-25 17:52:49.989 32624 32624 W System.err: 	at com.estrongs.android.pop.app.AudioPlayerService.d(AudioPlayerService.java:533)
04-25 17:52:49.989 32624 32624 W System.err: 	at com.estrongs.android.pop.app.AudioPlayerService.r(AudioPlayerService.java:572)
04-25 17:52:49.989 32624 32624 W System.err: 	at com.estrongs.android.pop.app.j$a.x(PopAudioPlayerWrapper.java:292)
04-25 17:52:49.990 32624 32624 W System.err: 	at com.estrongs.android.pop.app.PopAudioPlayer.s(PopAudioPlayer.java:2029)
04-25 17:52:49.990 32624 32624 W System.err: 	at com.estrongs.android.pop.app.PopAudioPlayer$28.onClick(PopAudioPlayer.java:2870)
04-25 17:52:49.990 32624 32624 W System.err: 	at android.view.View.performClick(View.java:6597)
04-25 17:52:49.990 32624 32624 W System.err: 	at android.view.View.performClickInternal(View.java:6574)
04-25 17:52:49.990 32624 32624 W System.err: 	at android.view.View.access$3100(View.java:778)
04-25 17:52:49.990 32624 32624 W System.err: 	at android.view.View$PerformClick.run(View.java:25885)
04-25 17:52:49.990 32624 32624 W System.err: 	at android.os.Handler.handleCallback(Handler.java:873)
04-25 17:52:49.990 32624 32624 W System.err: 	at android.os.Handler.dispatchMessage(Handler.java:99)
04-25 17:52:49.990 32624 32624 W System.err: 	at android.os.Looper.loop(Looper.java:193)
04-25 17:52:49.990 32624 32624 W System.err: 	at android.app.ActivityThread.main(ActivityThread.java:6680)
04-25 17:52:49.990 32624 32624 W System.err: 	at java.lang.reflect.Method.invoke(Native Method)
04-25 17:52:49.990 32624 32624 W System.err: 	at com.android.internal.os.RuntimeInit$MethodAndArgsCaller.run(RuntimeInit.java:493)
04-25 17:52:49.991 32624 32624 W System.err: 	at com.android.internal.os.ZygoteInit.main(ZygoteInit.java:858)
04-25 17:52:50.090   657   657 D QCOM PowerHAL: LAUNCH HINT: ON
04-25 17:52:50.091   657   657 D QCOM PowerHAL: Activity launch hint handled
04-25 17:52:50.170 32624 32624 W Bitmap  : Called hasAlpha() on a recycle()'d bitmap! This is undefined behavior!
04-25 17:52:50.170 32624 32624 W Bitmap  : Called hasAlpha() on a recycle()'d bitmap! This is undefined behavior!
04-25 17:52:50.170 32624 32624 W MediaPlayer: mediaplayer went away with unhandled events
04-25 17:52:50.180 32624 32635 I ngs.android.po: NativeAlloc concurrent copying GC freed 3680(305KB) AllocSpace objects, 5(7MB) LOS objects, 49% free, 15MB/31MB, paused 228us total 182.392ms
04-25 17:52:50.182 31964 31976 W ActivityManager: Duplicate finish request for ActivityRecord{3ecdf25 u0 com.estrongs.android.pop/.app.PopAudioPlayer t73 f}
04-25 17:52:50.271 32624 32624 W Bitmap  : Called hasAlpha() on a recycle()'d bitmap! This is undefined behavior!
04-25 17:52:50.271 32624 32624 W Bitmap  : Called hasAlpha() on a recycle()'d bitmap! This is undefined behavior!
04-25 17:52:50.272 32624 32624 W MediaPlayer: mediaplayer went away with unhandled events
04-25 17:52:50.280 32624 32624 I Choreographer: Skipped 80 frames!  The application may be doing too much work on its main thread.
04-25 17:52:50.295 32624  5212 I OpenGLRenderer: Davey! duration=1356ms; Flags=0, IntendedVsync=446133588881117, Vsync=446134922214397, OldestInputEvent=9223372036854775807, NewestInputEvent=0, HandleInputStart=446134931676936, AnimationStart=446134931715113, PerformTraversalsStart=446134931763290, DrawStart=446134933812561, SyncQueued=446134935157874, SyncStart=446134935244593, IssueDrawCommandsStart=446134936904541, SwapBuffers=446134942322302, FrameCompleted=446134945884073, DequeueBufferDuration=342000, QueueBufferDuration=551000, 
04-25 17:52:50.309   497   543 W SurfaceFlinger: Attempting to set client state on removed layer: SnapshotStartingWindow for taskId=73#0
04-25 17:52:50.310   497   543 W SurfaceFlinger: Attempting to destroy on removed layer: SnapshotStartingWindow for taskId=73#0
04-25 17:52:50.360 32624 32624 W Bitmap  : Called hasAlpha() on a recycle()'d bitmap! This is undefined behavior!
04-25 17:52:50.360 32624 32624 W Bitmap  : Called hasAlpha() on a recycle()'d bitmap! This is undefined behavior!
04-25 17:52:50.360 32624 32624 W MediaPlayer: mediaplayer went away with unhandled events
04-25 17:52:50.433   657   657 D QCOM PowerHAL: LAUNCH HINT: OFF
04-25 17:52:50.815 31964 32452 I ActivityManager: START u0 {act=android.intent.action.VIEW dat=content://com.estrongs.files/storage/emulated/0/Music/ape/05.ape typ=audio/x-ape flg=0x4000003 cmp=com.android.mediacenter/.ui.player.oneshot.MediaPlaybackActivityStarter (has extras)} from uid 10074
04-25 17:52:50.819   657   657 D QCOM PowerHAL: LAUNCH HINT: ON
04-25 17:52:50.822   657   657 D QCOM PowerHAL: Activity launch hint handled
04-25 17:52:50.836  5298  5298 I chatty  : uid=10073(com.android.mediacenter) expire 74 lines
04-25 17:52:50.898   497   545 W SurfaceFlinger: Attempting to set client state on removed layer: com.estrongs.android.pop/com.estrongs.android.pop.app.PopAudioPlayer#0
04-25 17:52:50.898   497   545 W SurfaceFlinger: Attempting to destroy on removed layer: com.estrongs.android.pop/com.estrongs.android.pop.app.PopAudioPlayer#0
04-25 17:52:50.917 31964 31976 I ActivityManager: START u0 {flg=0x10020000 cmp=com.android.mediacenter/.ui.player.MediaPlayBackActivity (has extras)} from uid 10073
04-25 17:52:50.917 31964 31976 W ActivityManager: Activity is launching as a new task, so cancelling activity result.
04-25 17:52:50.926   657   657 D QCOM PowerHAL: LAUNCH HINT: ON
04-25 17:52:51.108 31900  1136 D NuPlayerDriver: reset(0xc7c13000) at state 2
04-25 17:52:51.110 31900  1136 D NuPlayerDriver: notifyListener_l(0xc7c13000), (8, 0, 0, -1), loop setting(0, 0)
04-25 17:52:51.111 31900  6133 D NuPlayerDriver: notifyResetComplete(0xc7c13000)
04-25 17:52:51.111 31900  1136 D NuPlayerDriver: reset(0xc7c13000) at state 0
04-25 17:52:51.112  5298  5350 I chatty  : uid=10073(com.android.mediacenter) expire 41 lines
04-25 17:52:51.119 31900  1136 D NuPlayerDriver: NuPlayerDriver(0xc7c15040) created, clientPid(5298)
04-25 17:52:51.130 31900  6188 D GenericSource: FileSource remote
04-25 17:52:51.133 31900  6188 E GenericSource: initFromDataSource, cannot create extractor!
04-25 17:52:51.133 31900  6188 E GenericSource: Failed to init from data source!
04-25 17:52:51.134 31900  6187 D NuPlayerDriver: notifyListener_l(0xc7c15040), (100, 1, -2147483648, -1), loop setting(0, 0)
04-25 17:52:51.134  5298  5312 I chatty  : uid=10073(com.android.mediacenter) expire 1 line
04-25 17:52:51.143  5298  5298 I chatty  : uid=10073(com.android.mediacenter) expire 206 lines
