04-25 17:56:43.371 31964 32351 W NotificationService: Toast already killed. pkg=com.android.mediacenter callback=android.app.ITransientNotification$Stub$Proxy@c6c7d26
04-25 17:56:43.517   657   657 D QCOM PowerHAL: LAUNCH HINT: ON
04-25 17:56:43.521   657   657 D QCOM PowerHAL: Activity launch hint handled
04-25 17:56:43.526  6226  6260 W System.err: android.content.pm.PackageManager$NameNotFoundException: SDCards
04-25 17:56:43.527  6226  6260 W System.err: 	at android.app.ApplicationPackageManager.getPackageInfoAsUser(ApplicationPackageManager.java:181)
04-25 17:56:43.527  6226  6260 W System.err: 	at android.app.ApplicationPackageManager.getPackageInfo(ApplicationPackageManager.java:152)
04-25 17:56:43.527  6226  6260 W System.err: 	at es.wo.c(LoggerLandingSceneManager.java:153)
04-25 17:56:43.527  6226  6260 W System.err: 	at es.wo.a(LoggerLandingSceneManager.java:66)
04-25 17:56:43.527  6226  6260 W System.err: 	at es.abx$1.a(SceneWhenNewFile.java:77)
04-25 17:56:43.527  6226  6260 W System.err: 	at es.aeb$a$1.run(NotifyHandler.java:68)
04-25 17:56:43.527  6226  6260 W System.err: 	at com.estrongs.android.util.p$a.run(ESThreadPoolImpl.java:95)
04-25 17:56:43.527  6226  6260 W System.err: 	at java.lang.Thread.run(Thread.java:764)
04-25 17:56:43.623   657   657 D QCOM PowerHAL: LAUNCH HINT: OFF
04-25 17:56:43.628  6226  6886 W System.err: android.content.pm.PackageManager$NameNotFoundException: Music
04-25 17:56:43.628  6226  6886 W System.err: 	at android.app.ApplicationPackageManager.getPackageInfoAsUser(ApplicationPackageManager.java:181)
04-25 17:56:43.628  6226  6886 W System.err: 	at android.app.ApplicationPackageManager.getPackageInfo(ApplicationPackageManager.java:152)
04-25 17:56:43.628  6226  6886 W System.err: 	at es.wo.c(LoggerLandingSceneManager.java:153)
04-25 17:56:43.628  6226  6886 W System.err: 	at es.wo.a(LoggerLandingSceneManager.java:66)
04-25 17:56:43.628  6226  6886 W System.err: 	at es.abx$1.a(SceneWhenNewFile.java:77)
04-25 17:56:43.628  6226  6886 W System.err: 	at es.aeb$a$1.run(NotifyHandler.java:68)
04-25 17:56:43.628  6226  6886 W System.err: 	at com.estrongs.android.util.p$a.run(ESThreadPoolImpl.java:95)
04-25 17:56:43.628  6226  6886 W System.err: 	at java.lang.Thread.run(Thread.java:764)
04-25 17:56:43.629  6226  6260 W System.err: android.content.pm.PackageManager$NameNotFoundException: Music
04-25 17:56:43.629  6226  6260 W System.err: 	at android.app.ApplicationPackageManager.getPackageInfoAsUser(ApplicationPackageManager.java:181)
04-25 17:56:43.629  6226  6260 W System.err: 	at android.app.ApplicationPackageManager.getPackageInfo(ApplicationPackageManager.java:152)
04-25 17:56:43.629  6226  6260 W System.err: 	at es.wo.c(LoggerLandingSceneManager.java:153)
04-25 17:56:43.629  6226  6260 W System.err: 	at es.wo.a(LoggerLandingSceneManager.java:66)
04-25 17:56:43.629  6226  6260 W System.err: 	at es.abx$1.a(SceneWhenNewFile.java:77)
04-25 17:56:43.629  6226  6260 W System.err: 	at es.aeb$a$1.run(NotifyHandler.java:68)
04-25 17:56:43.630  6226  6260 W System.err: 	at com.estrongs.android.util.p$a.run(ESThreadPoolImpl.java:95)
04-25 17:56:43.631  6226  6260 W System.err: 	at java.lang.Thread.run(Thread.java:764)
04-25 17:56:43.636  6226  6887 W System.err: android.content.pm.PackageManager$NameNotFoundException: Music
04-25 17:56:43.636  6226  6887 W System.err: 	at android.app.ApplicationPackageManager.getPackageInfoAsUser(ApplicationPackageManager.java:181)
04-25 17:56:43.637  6226  6887 W System.err: 	at android.app.ApplicationPackageManager.getPackageInfo(ApplicationPackageManager.java:152)
04-25 17:56:43.637  6226  6887 W System.err: 	at es.wo.c(LoggerLandingSceneManager.java:153)
04-25 17:56:43.637  6226  6887 W System.err: 	at es.wo.a(LoggerLandingSceneManager.java:66)
04-25 17:56:43.637  6226  6887 W System.err: 	at es.abx$1.a(SceneWhenNewFile.java:77)
04-25 17:56:43.638  6226  6887 W System.err: 	at es.aeb$a$1.run(NotifyHandler.java:68)
04-25 17:56:43.638  6226  6887 W System.err: 	at com.estrongs.android.util.p$a.run(ESThreadPoolImpl.java:95)
04-25 17:56:43.640  6226  6887 W System.err: 	at java.lang.Thread.run(Thread.java:764)
04-25 17:56:43.641  6226  6322 W System.err: android.content.pm.PackageManager$NameNotFoundException: Music
04-25 17:56:43.642  6226  6322 W System.err: 	at android.app.ApplicationPackageManager.getPackageInfoAsUser(ApplicationPackageManager.java:181)
04-25 17:56:43.642  6226  6322 W System.err: 	at android.app.ApplicationPackageManager.getPackageInfo(ApplicationPackageManager.java:152)
04-25 17:56:43.642  6226  6322 W System.err: 	at es.wo.c(LoggerLandingSceneManager.java:153)
04-25 17:56:43.642  6226  6322 W System.err: 	at es.wo.a(LoggerLandingSceneManager.java:66)
04-25 17:56:43.642  6226  6322 W System.err: 	at es.abx$1.a(SceneWhenNewFile.java:77)
04-25 17:56:43.642  6226  6322 W System.err: 	at es.aeb$a$1.run(NotifyHandler.java:68)
04-25 17:56:43.642  6226  6322 W System.err: 	at com.estrongs.android.util.p$a.run(ESThreadPoolImpl.java:95)
04-25 17:56:43.642  6226  6322 W System.err: 	at java.lang.Thread.run(Thread.java:764)
04-25 17:56:43.643  6226  6888 W System.err: android.content.pm.PackageManager$NameNotFoundException: Music
04-25 17:56:43.643  6226  6888 W System.err: 	at android.app.ApplicationPackageManager.getPackageInfoAsUser(ApplicationPackageManager.java:181)
04-25 17:56:43.643  6226  6888 W System.err: 	at android.app.ApplicationPackageManager.getPackageInfo(ApplicationPackageManager.java:152)
04-25 17:56:43.643  6226  6888 W System.err: 	at es.wo.c(LoggerLandingSceneManager.java:153)
04-25 17:56:43.643  6226  6888 W System.err: 	at es.wo.a(LoggerLandingSceneManager.java:66)
04-25 17:56:43.643  6226  6888 W System.err: 	at es.abx$1.a(SceneWhenNewFile.java:77)
04-25 17:56:43.643  6226  6888 W System.err: 	at es.aeb$a$1.run(NotifyHandler.java:68)
04-25 17:56:43.643  6226  6888 W System.err: 	at com.estrongs.android.util.p$a.run(ESThreadPoolImpl.java:95)
04-25 17:56:43.643  6226  6888 W System.err: 	at java.lang.Thread.run(Thread.java:764)
04-25 17:56:43.649  6226  6886 W System.err: android.content.pm.PackageManager$NameNotFoundException: Music
04-25 17:56:43.649  6226  6886 W System.err: 	at android.app.ApplicationPackageManager.getPackageInfoAsUser(ApplicationPackageManager.java:181)
04-25 17:56:43.649  6226  6886 W System.err: 	at android.app.ApplicationPackageManager.getPackageInfo(ApplicationPackageManager.java:152)
04-25 17:56:43.649  6226  6886 W System.err: 	at es.wo.c(LoggerLandingSceneManager.java:153)
04-25 17:56:43.649  6226  6886 W System.err: 	at es.wo.a(LoggerLandingSceneManager.java:66)
04-25 17:56:43.649  6226  6886 W System.err: 	at es.abx$1.a(SceneWhenNewFile.java:77)
04-25 17:56:43.649  6226  6886 W System.err: 	at es.aeb$a$1.run(NotifyHandler.java:68)
04-25 17:56:43.649  6226  6886 W System.err: 	at com.estrongs.android.util.p$a.run(ESThreadPoolImpl.java:95)
04-25 17:56:43.649  6226  6886 W System.err: 	at java.lang.Thread.run(Thread.java:764)
04-25 17:56:43.653  6226  6890 W System.err: android.content.pm.PackageManager$NameNotFoundException: Music
04-25 17:56:43.653  6226  6890 W System.err: 	at android.app.ApplicationPackageManager.getPackageInfoAsUser(ApplicationPackageManager.java:181)
04-25 17:56:43.653  6226  6890 W System.err: 	at android.app.ApplicationPackageManager.getPackageInfo(ApplicationPackageManager.java:152)
04-25 17:56:43.653  6226  6890 W System.err: 	at es.wo.c(LoggerLandingSceneManager.java:153)
04-25 17:56:43.653  6226  6890 W System.err: 	at es.wo.a(LoggerLandingSceneManager.java:66)
04-25 17:56:43.653  6226  6890 W System.err: 	at es.abx$1.a(SceneWhenNewFile.java:77)
04-25 17:56:43.653  6226  6890 W System.err: 	at es.aeb$a$1.run(NotifyHandler.java:68)
04-25 17:56:43.653  6226  6890 W System.err: 	at com.estrongs.android.util.p$a.run(ESThreadPoolImpl.java:95)
04-25 17:56:43.653  6226  6890 W System.err: 	at java.lang.Thread.run(Thread.java:764)
04-25 17:56:43.654  6226  6889 W System.err: android.content.pm.PackageManager$NameNotFoundException: Music
04-25 17:56:43.654  6226  6889 W System.err: 	at android.app.ApplicationPackageManager.getPackageInfoAsUser(ApplicationPackageManager.java:181)
04-25 17:56:43.654  6226  6889 W System.err: 	at android.app.ApplicationPackageManager.getPackageInfo(ApplicationPackageManager.java:152)
04-25 17:56:43.654  6226  6889 W System.err: 	at es.wo.c(LoggerLandingSceneManager.java:153)
04-25 17:56:43.654  6226  6889 W System.err: 	at es.wo.a(LoggerLandingSceneManager.java:66)
04-25 17:56:43.654  6226  6889 W System.err: 	at es.abx$1.a(SceneWhenNewFile.java:77)
04-25 17:56:43.654  6226  6889 W System.err: 	at es.aeb$a$1.run(NotifyHandler.java:68)
04-25 17:56:43.654  6226  6889 W System.err: 	at com.estrongs.android.util.p$a.run(ESThreadPoolImpl.java:95)
04-25 17:56:43.654  6226  6889 W System.err: 	at java.lang.Thread.run(Thread.java:764)
04-25 17:56:43.657  6226  6260 W System.err: android.content.pm.PackageManager$NameNotFoundException: Music
04-25 17:56:43.659  6226  6260 W System.err: 	at android.app.ApplicationPackageManager.getPackageInfoAsUser(ApplicationPackageManager.java:181)
04-25 17:56:43.659  6226  6260 W System.err: 	at android.app.ApplicationPackageManager.getPackageInfo(ApplicationPackageManager.java:152)
04-25 17:56:43.659  6226  6260 W System.err: 	at es.wo.c(LoggerLandingSceneManager.java:153)
04-25 17:56:43.659  6226  6260 W System.err: 	at es.wo.a(LoggerLandingSceneManager.java:66)
04-25 17:56:43.659  6226  6260 W System.err: 	at es.abx$1.a(SceneWhenNewFile.java:77)
04-25 17:56:43.659  6226  6260 W System.err: 	at es.aeb$a$1.run(NotifyHandler.java:68)
04-25 17:56:43.659  6226  6260 W System.err: 	at com.estrongs.android.util.p$a.run(ESThreadPoolImpl.java:95)
04-25 17:56:43.659  6226  6260 W System.err: 	at java.lang.Thread.run(Thread.java:764)
04-25 17:56:43.660  6226  6887 W System.err: android.content.pm.PackageManager$NameNotFoundException: Music
04-25 17:56:43.661  6226  6887 W System.err: 	at android.app.ApplicationPackageManager.getPackageInfoAsUser(ApplicationPackageManager.java:181)
04-25 17:56:43.661  6226  6887 W System.err: 	at android.app.ApplicationPackageManager.getPackageInfo(ApplicationPackageManager.java:152)
04-25 17:56:43.661  6226  6887 W System.err: 	at es.wo.c(LoggerLandingSceneManager.java:153)
04-25 17:56:43.661  6226  6887 W System.err: 	at es.wo.a(LoggerLandingSceneManager.java:66)
04-25 17:56:43.662  6226  6887 W System.err: 	at es.abx$1.a(SceneWhenNewFile.java:77)
04-25 17:56:43.662  6226  6887 W System.err: 	at es.aeb$a$1.run(NotifyHandler.java:68)
04-25 17:56:43.662  6226  6887 W System.err: 	at com.estrongs.android.util.p$a.run(ESThreadPoolImpl.java:95)
04-25 17:56:43.662  6226  6887 W System.err: 	at java.lang.Thread.run(Thread.java:764)
04-25 17:56:43.662  6226  6888 W System.err: android.content.pm.PackageManager$NameNotFoundException: Music
04-25 17:56:43.662  6226  6888 W System.err: 	at android.app.ApplicationPackageManager.getPackageInfoAsUser(ApplicationPackageManager.java:181)
04-25 17:56:43.662  6226  6888 W System.err: 	at android.app.ApplicationPackageManager.getPackageInfo(ApplicationPackageManager.java:152)
04-25 17:56:43.662  6226  6888 W System.err: 	at es.wo.c(LoggerLandingSceneManager.java:153)
04-25 17:56:43.662  6226  6888 W System.err: 	at es.wo.a(LoggerLandingSceneManager.java:66)
04-25 17:56:43.662  6226  6888 W System.err: 	at es.abx$1.a(SceneWhenNewFile.java:77)
04-25 17:56:43.662  6226  6888 W System.err: 	at es.aeb$a$1.run(NotifyHandler.java:68)
04-25 17:56:43.662  6226  6888 W System.err: 	at com.estrongs.android.util.p$a.run(ESThreadPoolImpl.java:95)
04-25 17:56:43.662  6226  6888 W System.err: 	at java.lang.Thread.run(Thread.java:764)
04-25 17:56:43.667  6226  6886 W System.err: android.content.pm.PackageManager$NameNotFoundException: Music
04-25 17:56:43.667  6226  6886 W System.err: 	at android.app.ApplicationPackageManager.getPackageInfoAsUser(ApplicationPackageManager.java:181)
04-25 17:56:43.667  6226  6886 W System.err: 	at android.app.ApplicationPackageManager.getPackageInfo(ApplicationPackageManager.java:152)
04-25 17:56:43.667  6226  6886 W System.err: 	at es.wo.c(LoggerLandingSceneManager.java:153)
04-25 17:56:43.667  6226  6886 W System.err: 	at es.wo.a(LoggerLandingSceneManager.java:66)
04-25 17:56:43.668  6226  6886 W System.err: 	at es.abx$1.a(SceneWhenNewFile.java:77)
04-25 17:56:43.668  6226  6886 W System.err: 	at es.aeb$a$1.run(NotifyHandler.java:68)
04-25 17:56:43.668  6226  6886 W System.err: 	at com.estrongs.android.util.p$a.run(ESThreadPoolImpl.java:95)
04-25 17:56:43.668  6226  6886 W System.err: 	at java.lang.Thread.run(Thread.java:764)
04-25 17:56:43.674  6226  6890 W System.err: android.content.pm.PackageManager$NameNotFoundException: Music
04-25 17:56:43.674  6226  6890 W System.err: 	at android.app.ApplicationPackageManager.getPackageInfoAsUser(ApplicationPackageManager.java:181)
04-25 17:56:43.674  6226  6890 W System.err: 	at android.app.ApplicationPackageManager.getPackageInfo(ApplicationPackageManager.java:152)
04-25 17:56:43.674  6226  6890 W System.err: 	at es.wo.c(LoggerLandingSceneManager.java:153)
04-25 17:56:43.674  6226  6890 W System.err: 	at es.wo.a(LoggerLandingSceneManager.java:66)
04-25 17:56:43.674  6226  6890 W System.err: 	at es.abx$1.a(SceneWhenNewFile.java:77)
04-25 17:56:43.674  6226  6890 W System.err: 	at es.aeb$a$1.run(NotifyHandler.java:68)
04-25 17:56:43.674  6226  6890 W System.err: 	at com.estrongs.android.util.p$a.run(ESThreadPoolImpl.java:95)
04-25 17:56:43.674  6226  6890 W System.err: 	at java.lang.Thread.run(Thread.java:764)
04-25 17:56:43.674  6226  6322 W System.err: android.content.pm.PackageManager$NameNotFoundException: Music
04-25 17:56:43.674  6226  6322 W System.err: 	at android.app.ApplicationPackageManager.getPackageInfoAsUser(ApplicationPackageManager.java:181)
04-25 17:56:43.674  6226  6322 W System.err: 	at android.app.ApplicationPackageManager.getPackageInfo(ApplicationPackageManager.java:152)
04-25 17:56:43.674  6226  6322 W System.err: 	at es.wo.c(LoggerLandingSceneManager.java:153)
04-25 17:56:43.674  6226  6322 W System.err: 	at es.wo.a(LoggerLandingSceneManager.java:66)
04-25 17:56:43.674  6226  6322 W System.err: 	at es.abx$1.a(SceneWhenNewFile.java:77)
04-25 17:56:43.674  6226  6322 W System.err: 	at es.aeb$a$1.run(NotifyHandler.java:68)
04-25 17:56:43.674  6226  6322 W System.err: 	at com.estrongs.android.util.p$a.run(ESThreadPoolImpl.java:95)
04-25 17:56:43.675  6226  6322 W System.err: 	at java.lang.Thread.run(Thread.java:764)
04-25 17:56:44.631 31964 32090 I ActivityManager: START u0 {act=android.intent.action.VIEW dat=content://com.estrongs.files/storage/emulated/0/Music/ape/12.ape typ=audio/x-ape flg=0x4000003 cmp=com.android.mediacenter/.ui.player.oneshot.MediaPlaybackActivityStarter (has extras)} from uid 10074
04-25 17:56:44.635   657   657 D QCOM PowerHAL: LAUNCH HINT: ON
04-25 17:56:44.638   657   657 D QCOM PowerHAL: Activity launch hint handled
04-25 17:56:44.704  6421  6472 I chatty  : uid=10073(com.android.mediacenter) expire 92 lines
04-25 17:56:44.707 31964 32090 I ActivityManager: START u0 {flg=0x10020000 cmp=com.android.mediacenter/.ui.player.MediaPlayBackActivity (has extras)} from uid 10073
04-25 17:56:44.707 31964 32090 W ActivityManager: Activity is launching as a new task, so cancelling activity result.
04-25 17:56:44.861 32545 32574 W droid.launcher: resources.arsc in APK '/data/app/com.estrongs.android.pop-V3EW63qJpeCRINkGufKBQw==/base.apk' is compressed.
04-25 17:56:44.862  6421  6421 I chatty  : uid=10073(com.android.mediacenter) expire 163 lines
04-25 17:56:44.873 31900  1136 D NuPlayerDriver: reset(0xc7c28480) at state 2
04-25 17:56:44.875 31900  1136 D NuPlayerDriver: notifyListener_l(0xc7c28480), (8, 0, 0, -1), loop setting(0, 0)
04-25 17:56:44.876 31900  6878 D NuPlayerDriver: notifyResetComplete(0xc7c28480)
04-25 17:56:44.877 31900  1136 D NuPlayerDriver: reset(0xc7c28480) at state 0
04-25 17:56:44.880  6421  6802 I chatty  : uid=10073(com.android.mediacenter) expire 2 lines
04-25 17:56:44.885 31900  1136 D NuPlayerDriver: NuPlayerDriver(0xc7c2ad00) created, clientPid(6421)
04-25 17:56:44.896 31900  6899 D GenericSource: FileSource remote
04-25 17:56:44.899 31900  6899 E GenericSource: initFromDataSource, cannot create extractor!
04-25 17:56:44.899 31900  6899 E GenericSource: Failed to init from data source!
04-25 17:56:44.900 31900  6898 D NuPlayerDriver: notifyListener_l(0xc7c2ad00), (100, 1, -2147483648, -1), loop setting(0, 0)
04-25 17:56:44.900  6421  6608 I chatty  : uid=10073(com.android.mediacenter) expire 1 line
04-25 17:56:44.935  6421  6729 I chatty  : uid=10073(com.android.mediacenter) expire 6 lines
04-25 17:56:44.941  6421  6452 I chatty  : uid=10073(com.android.mediacenter) expire 2 lines
04-25 17:56:45.016  6421  6900 I chatty  : uid=10073(com.android.mediacenter) expire 3 lines
04-25 17:56:45.046  6421  6421 I chatty  : uid=10073(com.android.mediacenter) expire 195 lines
04-25 17:56:45.076  6421  6482 I chatty  : uid=10073(com.android.mediacenter) expire 9 lines
04-25 17:56:45.095  6421  6486 I chatty  : uid=10073(com.android.mediacenter) expire 8 lines
04-25 17:56:45.096  6421  6728 I chatty  : uid=10073(com.android.mediacenter) expire 6 lines
04-25 17:56:45.103   497  1220 D SurfaceFlinger: duplicate layer name: changing SnapshotStartingWindow for taskId=101 to SnapshotStartingWindow for taskId=101#1
04-25 17:56:45.124  6421  6901 I chatty  : uid=10073(com.android.mediacenter) expire 1 line
04-25 17:56:45.139  6421  6475 I chatty  : uid=10073(com.android.mediacenter) expire 3 lines
04-25 17:56:45.140  6421  6453 I chatty  : uid=10073(com.android.mediacenter) expire 3 lines
04-25 17:56:45.140  6421  6451 I chatty  : uid=10073(com.android.mediacenter) expire 1 line
04-25 17:56:45.140 31964 32351 I NotificationService: cancelToast pkg=com.android.mediacenter callback=android.app.ITransientNotification$Stub$Proxy@5b4bd7d
04-25 17:56:45.140 31964 32351 W NotificationService: Toast already cancelled. pkg=com.android.mediacenter callback=android.app.ITransientNotification$Stub$Proxy@5b4bd7d
04-25 17:56:45.141  6421  6452 I chatty  : uid=10073(com.android.mediacenter) expire 2 lines
04-25 17:56:45.270  6421  6829 I chatty  : uid=10073(com.android.mediacenter) expire 10 lines
04-25 17:56:45.275  6421  6802 I chatty  : uid=10073(com.android.mediacenter) expire 11 lines
04-25 17:56:45.380  6421  6905 I chatty  : uid=10073(com.android.mediacenter) expire 3 lines
04-25 17:56:45.381  6421  6821 I chatty  : uid=10073(com.android.mediacenter) expire 2 lines
04-25 17:56:45.449   657   657 D QCOM PowerHAL: LAUNCH HINT: OFF
04-25 17:56:45.510  6421  6421 I chatty  : uid=10073(com.android.mediacenter) expire 172 lines
04-25 17:56:45.573   497   535 W SurfaceFlinger: Attempting to set client state on removed layer: SnapshotStartingWindow for taskId=101#0
04-25 17:56:45.573   497   535 W SurfaceFlinger: Attempting to destroy on removed layer: SnapshotStartingWindow for taskId=101#0
04-25 17:56:45.722  6421  6450 I chatty  : uid=10073(com.android.mediacenter) expire 1 line
04-25 17:56:45.974   665   665 E VibratorService: Setting amplitude  to: 1856
04-25 17:56:46.068 31964 31985 D AutofillManagerService: Close system dialogs
04-25 17:56:46.071 32137 32137 V StatusBar: mStatusBarWindow: com.android.systemui.statusbar.phone.StatusBarWindowView{1cc6646 V.ED..... ........ 0,0-1080,63} canPanelBeCollapsed(): false
04-25 17:56:46.073 32137 32137 I vol.Events: writeEvent dismiss_dialog volume_controller
04-25 17:56:46.077 31964 32090 I ActivityManager: START u0 {act=android.intent.action.MAIN cat=[android.intent.category.HOME] flg=0x10000000 cmp=com.android.launcher3/.Launcher (has extras)} from uid 10024
04-25 17:56:46.079   657   657 D QCOM PowerHAL: LAUNCH HINT: ON
04-25 17:56:46.080   657   657 D QCOM PowerHAL: Activity launch hint handled
04-25 17:56:46.160   657   657 D QCOM PowerHAL: LAUNCH HINT: OFF
04-25 17:56:46.220 31964 31987 W WindowManager: Unable to start animation, surface is null or no children.
04-25 17:56:46.576 31964 31974 I system_server: NativeAlloc concurrent copying GC freed 32680(2MB) AllocSpace objects, 9(372KB) LOS objects, 42% free, 9MB/15MB, paused 2.168ms total 129.531ms
04-25 17:56:46.724   657   657 D QCOM PowerHAL: LAUNCH HINT: ON
04-25 17:56:46.727   657   657 D QCOM PowerHAL: Activity launch hint handled
04-25 17:56:46.824   657   657 D QCOM PowerHAL: LAUNCH HINT: OFF
04-25 17:56:47.099 31964  1932 W NotificationService: Toast already killed. pkg=com.android.mediacenter callback=android.app.ITransientNotification$Stub$Proxy@ce7dfff
04-25 17:56:47.633   497  1220 W SurfaceFlinger: Attempting to destroy on removed layer: 81500c3 Toast#0
04-25 17:56:47.958 31964  1932 I ActivityManager: START u0 {act=android.intent.action.VIEW dat=content://com.estrongs.files/storage/emulated/0/Music/ape/11.ape typ=audio/x-ape flg=0x4000003 cmp=com.android.mediacenter/.ui.player.oneshot.MediaPlaybackActivityStarter (has extras)} from uid 10074
04-25 17:56:47.962   657   657 D QCOM PowerHAL: LAUNCH HINT: ON
04-25 17:56:47.964   657   657 D QCOM PowerHAL: Activity launch hint handled
04-25 17:56:48.047  6421  6472 I chatty  : uid=10073(com.android.mediacenter) expire 86 lines
04-25 17:56:48.049 31964  6049 I ActivityManager: START u0 {flg=0x10020000 cmp=com.android.mediacenter/.ui.player.MediaPlayBackActivity (has extras)} from uid 10073
04-25 17:56:48.049 31964  6049 W ActivityManager: Activity is launching as a new task, so cancelling activity result.
04-25 17:56:48.057   657   657 D QCOM PowerHAL: LAUNCH HINT: ON
04-25 17:56:48.087 31964 32020 W WindowManager: TaskSnapshotSurface.create: Failed to find main window for token=AppWindowToken{c3152da token=Token{e857485 ActivityRecord{c3ec6ef u0 com.android.mediacenter/.ui.player.MediaPlayBackActivity t101}}}
04-25 17:56:48.106 32545 32586 W droid.launcher: resources.arsc in APK '/data/app/com.estrongs.android.pop-V3EW63qJpeCRINkGufKBQw==/base.apk' is compressed.
04-25 17:56:48.234 31900  1136 D NuPlayerDriver: reset(0xc7c2ad00) at state 2
04-25 17:56:48.237 31900  1136 D NuPlayerDriver: notifyListener_l(0xc7c2ad00), (8, 0, 0, -1), loop setting(0, 0)
04-25 17:56:48.238 31900  6898 D NuPlayerDriver: notifyResetComplete(0xc7c2ad00)
04-25 17:56:48.239 31900  1136 D NuPlayerDriver: reset(0xc7c2ad00) at state 0
04-25 17:56:48.251 31900  1137 D NuPlayerDriver: NuPlayerDriver(0xc7c28180) created, clientPid(6421)
04-25 17:56:48.262 31900  6920 D GenericSource: FileSource remote
04-25 17:56:48.265 31900  6920 E GenericSource: initFromDataSource, cannot create extractor!
04-25 17:56:48.265 31900  6920 E GenericSource: Failed to init from data source!
04-25 17:56:48.265 31900  6919 D NuPlayerDriver: notifyListener_l(0xc7c28180), (100, 1, -2147483648, -1), loop setting(0, 0)
04-25 17:56:48.266  6421  6608 I chatty  : uid=10073(com.android.mediacenter) expire 1 line
04-25 17:56:48.305  6421  6472 I chatty  : uid=10073(com.android.mediacenter) expire 6 lines
04-25 17:56:48.306  6421  6421 I chatty  : uid=10073(com.android.mediacenter) expire 192 lines
04-25 17:56:48.308  6421  6475 I chatty  : uid=10073(com.android.mediacenter) expire 3 lines
04-25 17:56:48.316  6421  6486 I chatty  : uid=10073(com.android.mediacenter) expire 8 lines
04-25 17:56:48.355  6421  6729 I chatty  : uid=10073(com.android.mediacenter) expire 6 lines
04-25 17:56:48.457  6421  6921 I chatty  : uid=10073(com.android.mediacenter) expire 1 line
04-25 17:56:48.458  6421  6728 I chatty  : uid=10073(com.android.mediacenter) expire 6 lines
04-25 17:56:48.475  6421  6451 I chatty  : uid=10073(com.android.mediacenter) expire 1 line
04-25 17:56:48.476 31964 32090 I NotificationService: cancelToast pkg=com.android.mediacenter callback=android.app.ITransientNotification$Stub$Proxy@96c20f4
04-25 17:56:48.476 31964 32090 W NotificationService: Toast already cancelled. pkg=com.android.mediacenter callback=android.app.ITransientNotification$Stub$Proxy@96c20f4
04-25 17:56:48.545  6421  6922 I chatty  : uid=10073(com.android.mediacenter) expire 1 line
04-25 17:56:48.582  6421  6453 I chatty  : uid=10073(com.android.mediacenter) expire 1 line
04-25 17:56:48.623  6421  6829 I chatty  : uid=10073(com.android.mediacenter) expire 10 lines
04-25 17:56:48.628  6421  6482 I chatty  : uid=10073(com.android.mediacenter) expire 11 lines
04-25 17:56:48.634  6421  6802 I chatty  : uid=10073(com.android.mediacenter) expire 4 lines
04-25 17:56:48.656 31964 31987 W WindowManager: Unable to start animation, surface is null or no children.
04-25 17:56:48.692  6421  6926 I chatty  : uid=10073(com.android.mediacenter) expire 3 lines
04-25 17:56:48.692  6421  6833 I chatty  : uid=10073(com.android.mediacenter) expire 2 lines
04-25 17:56:48.723  6421  6486 I chatty  : uid=10073(com.android.mediacenter) expire 18 lines
04-25 17:56:48.724  6421  6421 I chatty  : uid=10073(com.android.mediacenter) expire 199 lines
04-25 17:56:48.762   657   657 D QCOM PowerHAL: LAUNCH HINT: OFF
04-25 17:56:48.887   497  1942 W SurfaceFlinger: Attempting to set client state on removed layer: SnapshotStartingWindow for taskId=101#0
04-25 17:56:48.887   497  1942 W SurfaceFlinger: Attempting to destroy on removed layer: SnapshotStartingWindow for taskId=101#0
04-25 17:56:49.082  6421  6450 I chatty  : uid=10073(com.android.mediacenter) expire 1 line
04-25 17:56:50.508 31964  6839 W NotificationService: Toast already killed. pkg=com.android.mediacenter callback=android.app.ITransientNotification$Stub$Proxy@ed8566
04-25 17:56:51.014   497  1942 W SurfaceFlinger: Attempting to destroy on removed layer: f706292 Toast#0
04-25 17:56:51.982 31964 31987 W WindowManager: Unable to start animation, surface is null or no children.
04-25 17:56:52.463  6421  6802 I chatty  : uid=10073(com.android.mediacenter) expire 2 lines
04-25 17:56:52.490  6421  6475 I chatty  : uid=10073(com.android.mediacenter) expire 1 line
04-25 17:56:52.490  6421  6829 I chatty  : uid=10073(com.android.mediacenter) expire 28 lines
04-25 17:56:52.505  6421  6482 I chatty  : uid=10073(com.android.mediacenter) expire 2 lines
04-25 17:56:53.762   665   665 E VibratorService: Setting amplitude  to: 1856
04-25 17:56:53.824 31964 31980 D AutofillManagerService: onBackKeyPressed()
04-25 17:56:53.931  6226  6237 I ngs.android.po: CollectorTransition concurrent copying GC freed 50761(2MB) AllocSpace objects, 34(1704KB) LOS objects, 50% free, 7MB/14MB, paused 248us total 158.945ms
04-25 17:56:54.365 31964 31964 W WindowManager: removeWindowToken: Attempted to remove non-existing token: android.os.Binder@2c1dad8
04-25 17:56:54.622   497   543 W SurfaceFlinger: Attempting to destroy on removed layer: AppWindowToken{7fe4070 token=Token{9dde2b3 ActivityRecord{d776822 u0 com.android.mediacenter/.ui.secondary.SecondaryActivity t101}}}#0
04-25 17:56:55.279 31964 32090 I ActivityManager: START u0 {act=android.intent.action.VIEW dat=content://com.estrongs.files/storage/emulated/0/Music/ape/11.ape typ=audio/x-ape flg=0x4000003 cmp=com.android.mediacenter/.ui.player.oneshot.MediaPlaybackActivityStarter (has extras)} from uid 10074
04-25 17:56:55.284   657   657 D QCOM PowerHAL: LAUNCH HINT: ON
04-25 17:56:55.287   657   657 D QCOM PowerHAL: Activity launch hint handled
04-25 17:56:55.352  6421  6472 I chatty  : uid=10073(com.android.mediacenter) expire 81 lines
04-25 17:56:55.354 31964 32090 I ActivityManager: START u0 {flg=0x10020000 cmp=com.android.mediacenter/.ui.player.MediaPlayBackActivity (has extras)} from uid 10073
04-25 17:56:55.354 31964 32090 W ActivityManager: Activity is launching as a new task, so cancelling activity result.
04-25 17:56:55.361   657   657 D QCOM PowerHAL: LAUNCH HINT: ON
04-25 17:56:55.383  6421  6421 I chatty  : uid=10073(com.android.mediacenter) expire 178 lines
04-25 17:56:55.520 32545 32574 W droid.launcher: resources.arsc in APK '/data/app/com.estrongs.android.pop-V3EW63qJpeCRINkGufKBQw==/base.apk' is compressed.
04-25 17:56:55.528 31900  1137 D NuPlayerDriver: reset(0xc7c28180) at state 2
04-25 17:56:55.532 31900  1137 D NuPlayerDriver: notifyListener_l(0xc7c28180), (8, 0, 0, -1), loop setting(0, 0)
04-25 17:56:55.532 31900  6919 D NuPlayerDriver: notifyResetComplete(0xc7c28180)
04-25 17:56:55.532 31900  1136 D NuPlayerDriver: reset(0xc7c28180) at state 0
04-25 17:56:55.544 31900  1136 D NuPlayerDriver: NuPlayerDriver(0xc7c2a880) created, clientPid(6421)
04-25 17:56:55.569  6421  6802 I chatty  : uid=10073(com.android.mediacenter) expire 2 lines
04-25 17:56:55.586 31900  6934 D GenericSource: FileSource remote
04-25 17:56:55.589 31900  6934 E GenericSource: initFromDataSource, cannot create extractor!
04-25 17:56:55.589 31900  6934 E GenericSource: Failed to init from data source!
04-25 17:56:55.589 31900  6933 D NuPlayerDriver: notifyListener_l(0xc7c2a880), (100, 1, -2147483648, -1), loop setting(0, 0)
04-25 17:56:55.589  6421  6912 I chatty  : uid=10073(com.android.mediacenter) expire 1 line
04-25 17:56:55.603   651   651 I /vendor/bin/hw/android.hardware.health@2.0-service.marlin: SRAM data: 2091000
04-25 17:56:55.623  6421  6728 I chatty  : uid=10073(com.android.mediacenter) expire 2 lines
04-25 17:56:55.635  6421  6421 I SongTitleFragment: updateOnlineMusicSource
04-25 17:56:55.635  6421  6472 V Cursor  : Filling cursor window with start position:0 required position:0
04-25 17:56:55.635  6421  6421 I WaveSongTitleFragment: the song is local
04-25 17:56:55.636  6421  6421 I WaveAlbumCoverFragment: updateAlbumSize
04-25 17:56:55.636  6421  6421 I WaveAlbumCoverFragment: start updateViewHeightAndWidth
04-25 17:56:55.637  6421  6472 I d       : getAudiosWithoutRingtone: only available in CN area.
04-25 17:56:55.638  6421  6421 I WaveAlbumCoverFragment: Screen width: 1080 Screen height: 1794
04-25 17:56:55.638  6421  6421 I WaveAlbumCoverFragment: start updateViewHeightAndWidth
04-25 17:56:55.641  6421  6728 I LyricUtils: getDirLyric ...  basePath =/storage/emulated/0/Music/Musiclrc/
04-25 17:56:55.642  6421  6421 I WaveAlbumCoverFragment: Screen width: 1080 Screen height: 1794
04-25 17:56:55.642  6421  6421 I WaveAlbumCoverFragment: topMargin: 900
04-25 17:56:55.643  6421  6421 I WaveAlbumCoverFragment: setRythmViewVisiable :true
04-25 17:56:55.643  6421  6421 I WaveAlbumCoverFragment: setContentPaddingTop: paddingTop: 0
04-25 17:56:55.643  6421  6421 I BaseSkinConfigFragment: mediaController registerCallback;
04-25 17:56:55.643  6421  6421 I MediaController: registerCallback
04-25 17:56:55.644  6421  6421 I AlbumCoverFragment: onResume ...
04-25 17:56:55.644  6421  6421 I WaveAlbumCoverFragment: updatestate 
04-25 17:56:55.644  6421  6421 I WaveAlbumCoverFragment: isPause: true
04-25 17:56:55.644  6421  6421 I WaveAlbumCoverFragment: setRythmViewVisiable :true
04-25 17:56:55.644  6421  6421 I WaveAlbumCoverFragment: onResume
04-25 17:56:55.644  6421  6421 I WaveAlbumCoverFragment: updatestate 
04-25 17:56:55.644  6421  6421 I WaveAlbumCoverFragment: isPause: true
04-25 17:56:55.644  6421  6421 I WaveAlbumCoverFragment: setRythmViewVisiable :true
04-25 17:56:55.650  6421  6472 I e       : getAudios: size = 0
04-25 17:56:55.650  6421  6472 I QueueManager: clean Playlist
04-25 17:56:55.650  6421  6472 I MediaPlaybackService: handleMessage TRACK_ENDED, send PlayActions.PLAYBACK_COMPLETE 3
04-25 17:56:55.650  6421  6472 I MediaPlaybackService: notifyChange :com.android.mediacenter.playbackcomplete, isRealChange:true, mIsPlaying = false, PlayMode = 0
04-25 17:56:55.650  6421  6472 I MediaSessionController:  setMediaSessionPlayState state : 1
04-25 17:56:55.650  6421  6472 I PartyMode-SupportVariables: getInstance
04-25 17:56:55.651  6421  6472 I MediaSessionController:  setMediaSessionPlayState position : -1
04-25 17:56:55.651  6421  6728 I LyricUtils: getDirLyric ...  basePath =/storage/emulated/0/Music/Musiclrc/
04-25 17:56:55.651  6421  6728 I LyricUtils: getDirLyric ...  basePath =/storage/emulated/0/Music/Baidu_music/lyric/
04-25 17:56:55.652  6421  6728 I LyricLogic: Notify gettedLyric success:false
04-25 17:56:55.653  6421  6472 I MediaPlaybackService: addToKtPlayHistoryIfNeed  isNeedNotify: false
04-25 17:56:55.654  6421  6453 I QueueManager: saveQueue,justSavePos: false, full:false
04-25 17:56:55.654  6421  6453 I QueueManager: saveQueue,playPos: -1
04-25 17:56:55.694  6421  6432 I oid.mediacente: Background concurrent copying GC freed 66416(4MB) AllocSpace objects, 13(548KB) LOS objects, 50% free, 6MB/13MB, paused 184us total 101.763ms
04-25 17:56:55.710  6421  6421 I WaveAlbumCoverFragment: updateAlbumSize
04-25 17:56:55.710  6421  6421 I WaveAlbumCoverFragment: start updateViewHeightAndWidth
04-25 17:56:55.712  6421  6421 I WaveAlbumCoverFragment: Screen width: 1080 Screen height: 1794
04-25 17:56:55.712  6421  6421 I WaveAlbumCoverFragment: start updateViewHeightAndWidth
04-25 17:56:55.713  6421  6421 I WaveAlbumCoverFragment: Screen width: 1080 Screen height: 1794
04-25 17:56:55.713  6421  6421 I WaveAlbumCoverFragment: topMargin: 900
04-25 17:56:55.713  6421  6421 I WaveAlbumCoverFragment: setRythmViewVisiable :true
04-25 17:56:55.713  6421  6421 I WaveAlbumCoverFragment: setContentPaddingTop: paddingTop: 0
04-25 17:56:55.713  6421  6421 I WaveAlbumCoverFragment: setRythmViewVisiable :true
04-25 17:56:55.719  6421  6421 I PlayBackMenuFragment: height :1459,currViewHight: 0
04-25 17:56:55.719  6421  6421 I PlayBackMenuFragment: height :1459,currViewHight: 0
04-25 17:56:55.720  6421  6421 W View    : requestLayout() improperly called by android.widget.RelativeLayout{3a71b0e V.E...... ......ID 0,0-1080,900 #7f090050 app:id/ad_retive} during layout: running second layout pass
04-25 17:56:55.720  6421  6421 W View    : requestLayout() improperly called by android.widget.ImageView{338f92f VFED..C.. ......ID 0,0-1080,900 #7f090073 app:id/albumcover_image} during layout: running second layout pass
04-25 17:56:55.720  6421  6421 W View    : requestLayout() improperly called by android.widget.ImageView{4889b3c V.ED..... ......ID 0,0-1080,900 #7f090074 app:id/albumcover_image_second} during layout: running second layout pass
04-25 17:56:55.720  6421  6421 W View    : requestLayout() improperly called by android.widget.LinearLayout{9de90c5 V.E...... ......ID 0,742-1080,1057 #7f090c0c app:id/wave_viewgroup} during layout: running second layout pass
04-25 17:56:55.720  6421  6421 W View    : requestLayout() improperly called by android.widget.LinearLayout{13dda1a V.E...... ......I. 0,0-0,0 #7f09059b app:id/menu_linear} during layout: running second layout pass
04-25 17:56:55.735  6421  6421 I MediaController: onPlayStateChange isPlaying:false, isBuffing:false
04-25 17:56:55.735  6421  6935 I WaveSurfaceView: onSurfaceChanged ...
04-25 17:56:55.735  6421  6421 I RecentlyPlayBack: onPlayStateChange isPlaying : false isCount: 
04-25 17:56:55.735  6421  6421 I UserBehaviorRecordHelper: onPlayStateChange
04-25 17:56:55.736  6421  6421 I MediaController: onSongChange
04-25 17:56:55.736  6421  6421 I TimerReportMgr: onSongChange 
04-25 17:56:55.736  6421  6421 I RecentlyPlayBack: song is empty or cover is empty or song is crop 
04-25 17:56:55.736  6421  6421 I UserBehaviorRecordHelper: song is empty or cover is empty
04-25 17:56:55.736  6421  6421 I UserBehaviorRecordHelper: not have listen song behavior
04-25 17:56:55.736  6421  6421 I MediaController: onPlayStateChange isPlaying:false, isBuffing:false
04-25 17:56:55.736  6421  6421 I RecentlyPlayBack: onPlayStateChange isPlaying : false isCount: 
04-25 17:56:55.737  6421  6421 I UserBehaviorRecordHelper: onPlayStateChange
04-25 17:56:55.737  6421  6421 I MediaPlayBaseFragment: action----com.android.mediacenter.metachanged
04-25 17:56:55.738  6421  6421 I LanguageUtils:  dealViewMirror
04-25 17:56:55.739  6421  6421 I LanguageUtils: backgroundDrawable is null
04-25 17:56:55.739  6421  6421 I WaveAlbumCoverFragment: updatestate 
04-25 17:56:55.739  6421  6421 I WaveAlbumCoverFragment: isPause: true
04-25 17:56:55.739  6421  6421 I WaveAlbumCoverFragment: setRythmViewVisiable :true
04-25 17:56:55.739  6421  6421 I PlayBackMenuFragment: setDisable :true
04-25 17:56:55.740  6421  6421 I PlayBackMenuFragment: isNeedSongComment==false
04-25 17:56:55.740  6421  6421 I MediaPlayBaseFragment: refreshAlbumCover
04-25 17:56:55.740  6421  6421 I WaveAlbumCoverFragment: setSongTitleInfo
04-25 17:56:55.740  6421  6421 I SongTitleFragment: updateOnlineMusicSource
04-25 17:56:55.740  6421  6421 I WaveSongTitleFragment: the song is local
04-25 17:56:55.740  6421  6421 I WaveAlbumCoverFragment: load low px image
04-25 17:56:55.740  6421  6421 I MediaPlayBaseFragment: updateTrackInfo
04-25 17:56:55.743  6421  6421 V Cursor  : Filling cursor window with start position:0 required position:0
04-25 17:56:55.745  6421  6421 I chatty  : uid=10073(com.android.mediacenter) identical 1 line
04-25 17:56:55.748  6421  6421 V Cursor  : Filling cursor window with start position:0 required position:0
04-25 17:56:55.750  6421  6421 I d       : getAudiosWithoutRingtone: only available in CN area.
04-25 17:56:55.750  6421  6421 I MediaPlayBaseFragment: NO_SONGS
04-25 17:56:55.759  6421  6421 I WaveAlbumCoverFragment: setRythmViewVisiable :false
04-25 17:56:55.768  6421  6421 I PlayBackMenuFragment: setDisable :true
04-25 17:56:55.768  6421  6421 I PlayBackMenuFragment: isNeedSongComment==false
04-25 17:56:55.768  6421  6421 I MediaController: onSongChange
04-25 17:56:55.768  6421  6421 I TimerReportMgr: onSongChange 
04-25 17:56:55.769  6421  6421 I RecentlyPlayBack: song is empty or cover is empty or song is crop 
04-25 17:56:55.769  6421  6421 I UserBehaviorRecordHelper: song is empty or cover is empty
04-25 17:56:55.769  6421  6421 I UserBehaviorRecordHelper: not have listen song behavior
04-25 17:56:55.769  6421  6421 I MediaController: onPlayStateChange isPlaying:false, isBuffing:false
04-25 17:56:55.769  6421  6421 I RecentlyPlayBack: onPlayStateChange isPlaying : false isCount: 
04-25 17:56:55.769  6421  6421 I UserBehaviorRecordHelper: onPlayStateChange
04-25 17:56:55.769  6421  6421 I MediaPlayBaseFragment: action----com.android.mediacenter.metachanged
04-25 17:56:55.769  6421  6421 I RadioButtonFragment: resumeTrackInfo
04-25 17:56:55.770  6421  6421 I WaveAlbumCoverFragment: setRythmViewVisiable :true
04-25 17:56:55.773  6421  6421 I MediaPlayBaseFragment: refreshAlbumCover
04-25 17:56:55.773  6421  6421 I WaveAlbumCoverFragment: setSongTitleInfo
04-25 17:56:55.774  6421  6421 I SongTitleFragment: updateOnlineMusicSource
04-25 17:56:55.774  6421  6935 I WaveSurfaceView: onSurfaceChanged ...
04-25 17:56:55.774  6421  6421 I WaveSongTitleFragment: the song is local
04-25 17:56:55.774  6421  6421 I WaveAlbumCoverFragment: load low px image
04-25 17:56:55.774  6421  6421 I PlayBackMenuFragment: setDisable :true
04-25 17:56:55.775  6421  6421 I PlayBackMenuFragment: isNeedSongComment==false
04-25 17:56:55.775  6421  6421 I LanguageUtils:  dealViewMirror
04-25 17:56:55.775  6421  6421 I LanguageUtils: backgroundDrawable is null
04-25 17:56:55.775  6421  6421 I WaveAlbumCoverFragment: updatestate 
04-25 17:56:55.775  6421  6421 I WaveAlbumCoverFragment: isPause: true
04-25 17:56:55.775  6421  6421 I WaveAlbumCoverFragment: setRythmViewVisiable :true
04-25 17:56:55.776  6421  6421 I PlayBackMenuFragment: setDisable :true
04-25 17:56:55.776  6421  6421 I PlayBackMenuFragment: isNeedSongComment==false
04-25 17:56:55.776  6421  6421 I MediaPlayBaseFragment: refreshAlbumCover
04-25 17:56:55.776  6421  6421 I WaveAlbumCoverFragment: setSongTitleInfo
04-25 17:56:55.776  6421  6421 I SongTitleFragment: updateOnlineMusicSource
04-25 17:56:55.776  6421  6421 I WaveSongTitleFragment: the song is local
04-25 17:56:55.776  6421  6421 I WaveAlbumCoverFragment: load low px image
04-25 17:56:55.776  6421  6421 I MediaPlayBaseFragment: updateTrackInfo
04-25 17:56:55.778  6421  6421 V Cursor  : Filling cursor window with start position:0 required position:0
04-25 17:56:55.779  6421  6421 I chatty  : uid=10073(com.android.mediacenter) identical 1 line
04-25 17:56:55.782  6421  6421 V Cursor  : Filling cursor window with start position:0 required position:0
04-25 17:56:55.784  6421  6421 I d       : getAudiosWithoutRingtone: only available in CN area.
04-25 17:56:55.784  6421  6421 I MediaPlayBaseFragment: NO_SONGS
04-25 17:56:55.791  6421  6421 I WaveAlbumCoverFragment: setRythmViewVisiable :false
04-25 17:56:55.793  6421  6421 I PlayBackMenuFragment: setDisable :true
04-25 17:56:55.794  6421  6421 I PlayBackMenuFragment: isNeedSongComment==false
04-25 17:56:55.794  6421  6421 I MediaController: onPlayStateChange isPlaying:false, isBuffing:false
04-25 17:56:55.794  6421  6421 I RecentlyPlayBack: onPlayStateChange isPlaying : false isCount: 
04-25 17:56:55.794  6421  6421 I UserBehaviorRecordHelper: onPlayStateChange
04-25 17:56:55.795  6421  6472 I MediaPlaybackService: onStartCommand  action: null, cmd: null
04-25 17:56:55.795  6421  6421 I FavorFragment: updataFavorIcon isCollectSuccess:false
04-25 17:56:55.799  6421  6482 I FavoriteMgr: isSupportFavorNoLogin = false
04-25 17:56:55.801  6421  6482 I FavoriteMgr: isFavorite: invalid parameter!
04-25 17:56:55.805  6421  6421 I MediaPlayBaseFragment: mAlbumReceiver action = com.android.mediacenter.closeplayback
04-25 17:56:55.808  6421  6936 I MagicWave: stop wave effect
04-25 17:56:55.810  6421  6421 I ScreenLyricUtils: reLoadLyric
04-25 17:56:55.810  6421  6829 I FavoriteMgr: isSupportFavorNoLogin = false
04-25 17:56:55.810  6421  6421 I ScreenLockLyric: reloadLyric
04-25 17:56:55.811  6421  6829 I FavoriteMgr: isFavorite: invalid parameter!
04-25 17:56:55.811  6421  6729 I ScreenLyricUtils: getNowPlayingSong
04-25 17:56:55.811  6421  6729 V Cursor  : Filling cursor window with start position:0 required position:0
04-25 17:56:55.815  6421  6729 I LyricUtils: getDirLyric ...  basePath =/storage/emulated/0/Music/Musiclrc/
04-25 17:56:55.816  6421  6729 I LyricUtils: getDirLyric ...  basePath =/storage/emulated/0/Music/Musiclrc/
04-25 17:56:55.816  6421  6729 I LyricUtils: getDirLyric ...  basePath =/storage/emulated/0/Music/Baidu_music/lyric/
04-25 17:56:55.816  6421  6729 I LyricLogic: Notify gettedLyric success:false
04-25 17:56:55.824  6421  6421 W View    : requestLayout() improperly called by android.widget.RadioGroup{79a66b3 V.E...... ......ID 515,0-565,16 #7f09072d app:id/radioGroup} during layout: running second layout pass
04-25 17:56:55.840  6421  6421 W Glide   : Load failed for null with size [0x0]
04-25 17:56:55.840  6421  6421 W Glide   : class com.bumptech.glide.load.engine.GlideException: Received null model
04-25 17:56:55.840  6421  6421 I MultiChannelDeviceHelper: onAudioDevicesAdded
04-25 17:56:55.840  6421  6421 I MultiChannelDeviceHelper: Type:18, name:AOSP on msm8996, channel size:0, max channel size:0, id:10,source:true
04-25 17:56:55.840  6421  6421 I MultiChannelDeviceHelper: Type:2, name:AOSP on msm8996, channel size:0, max channel size:0, id:2,source:true
04-25 17:56:55.840  6421  6421 I MultiChannelDeviceHelper: Type:1, name:AOSP on msm8996, channel size:0, max channel size:0, id:3,source:true
04-25 17:56:55.840  6421  6421 I MultiChannelDeviceHelper: Type:18, name:AOSP on msm8996, channel size:2, max channel size:2, id:19,source:false
04-25 17:56:55.841  6421  6421 I MultiChannelDeviceHelper: Type:15, name:AOSP on msm8996, channel size:3, max channel size:3, id:15,source:false
04-25 17:56:55.841  6421  6421 I MultiChannelDeviceHelper: Type:15, name:AOSP on msm8996, channel size:3, max channel size:3, id:16,source:false
04-25 17:56:55.841  6421  6475 E GlideHelper: java.util.concurrent.ExecutionException: com.bumptech.glide.load.engine.GlideException: Received null model
04-25 17:56:55.841  6421  6475 E GlideHelper: 	at com.bumptech.glide.f.e.a(RequestFutureTarget.java:212)
04-25 17:56:55.841  6421  6475 E GlideHelper: 	at com.bumptech.glide.f.e.get(RequestFutureTarget.java:115)
04-25 17:56:55.841  6421  6475 E GlideHelper: 	at com.android.common.components.b.d.a(GlideHelper.java:398)
04-25 17:56:55.841  6421  6475 E GlideHelper: 	at com.android.mediacenter.ui.player.common.b.a.e$3.run(WaveAlbumCoverFragment.java:264)
04-25 17:56:55.841  6421  6475 E GlideHelper: 	at java.util.concurrent.Executors$RunnableAdapter.call(Executors.java:458)
04-25 17:56:55.841  6421  6475 E GlideHelper: 	at java.util.concurrent.FutureTask.run(FutureTask.java:266)
04-25 17:56:55.841  6421  6475 E GlideHelper: 	at java.util.concurrent.ThreadPoolExecutor.runWorker(ThreadPoolExecutor.java:1167)
04-25 17:56:55.841  6421  6475 E GlideHelper: 	at java.util.concurrent.ThreadPoolExecutor$Worker.run(ThreadPoolExecutor.java:641)
04-25 17:56:55.841  6421  6475 E GlideHelper: 	at java.lang.Thread.run(Thread.java:764)
04-25 17:56:55.841  6421  6475 E GlideHelper: Caused by: com.bumptech.glide.load.engine.GlideException: Received null model
04-25 17:56:55.847  6421  6421 I MediaPlayBaseFragment: mAlbumReceiver action = com.android.mediacenter.playbackcomplete
04-25 17:56:55.847  6421  6421 I LanguageUtils:  dealViewMirror
04-25 17:56:55.847  6421  6421 I LanguageUtils: backgroundDrawable is null
04-25 17:56:55.847  6421  6421 I WaveAlbumCoverFragment: updatestate 
04-25 17:56:55.848  6421  6421 I WaveAlbumCoverFragment: isPause: true
04-25 17:56:55.848  6421  6421 I WaveAlbumCoverFragment: setRythmViewVisiable :true
04-25 17:56:55.850  6421  6475 V Cursor  : Filling cursor window with start position:0 required position:0
04-25 17:56:55.853  6421  6421 W Glide   : Load failed for null with size [0x0]
04-25 17:56:55.853  6421  6421 W Glide   : class com.bumptech.glide.load.engine.GlideException: Received null model
04-25 17:56:55.853  6421  6421 W Glide   : Load failed for null with size [0x0]
04-25 17:56:55.853  6421  6421 W Glide   : class com.bumptech.glide.load.engine.GlideException: Received null model
04-25 17:56:55.853  6421  6935 I WaveSurfaceView: onSurfaceChanged ...
04-25 17:56:55.854  6421  6452 E GlideHelper: java.util.concurrent.ExecutionException: com.bumptech.glide.load.engine.GlideException: Received null model
04-25 17:56:55.854  6421  6452 E GlideHelper: 	at com.bumptech.glide.f.e.a(RequestFutureTarget.java:212)
04-25 17:56:55.854  6421  6452 E GlideHelper: 	at com.bumptech.glide.f.e.get(RequestFutureTarget.java:115)
04-25 17:56:55.854  6421  6452 E GlideHelper: 	at com.android.common.components.b.d.a(GlideHelper.java:398)
04-25 17:56:55.854  6421  6452 E GlideHelper: 	at com.android.mediacenter.ui.player.common.b.a.e$3.run(WaveAlbumCoverFragment.java:264)
04-25 17:56:55.854  6421  6452 E GlideHelper: 	at java.util.concurrent.Executors$RunnableAdapter.call(Executors.java:458)
04-25 17:56:55.854  6421  6452 E GlideHelper: 	at java.util.concurrent.FutureTask.run(FutureTask.java:266)
04-25 17:56:55.854  6421  6452 E GlideHelper: 	at java.util.concurrent.ThreadPoolExecutor.runWorker(ThreadPoolExecutor.java:1167)
04-25 17:56:55.854  6421  6452 E GlideHelper: 	at java.util.concurrent.ThreadPoolExecutor$Worker.run(ThreadPoolExecutor.java:641)
04-25 17:56:55.854  6421  6452 E GlideHelper: 	at java.lang.Thread.run(Thread.java:764)
04-25 17:56:55.854  6421  6452 E GlideHelper: Caused by: com.bumptech.glide.load.engine.GlideException: Received null model
04-25 17:56:55.854  6421  6451 E GlideHelper: java.util.concurrent.ExecutionException: com.bumptech.glide.load.engine.GlideException: Received null model
04-25 17:56:55.854  6421  6451 E GlideHelper: 	at com.bumptech.glide.f.e.a(RequestFutureTarget.java:212)
04-25 17:56:55.854  6421  6451 E GlideHelper: 	at com.bumptech.glide.f.e.get(RequestFutureTarget.java:115)
04-25 17:56:55.854  6421  6451 E GlideHelper: 	at com.android.common.components.b.d.a(GlideHelper.java:398)
04-25 17:56:55.854  6421  6451 E GlideHelper: 	at com.android.mediacenter.ui.player.common.b.a.e$3.run(WaveAlbumCoverFragment.java:264)
04-25 17:56:55.854  6421  6451 E GlideHelper: 	at java.util.concurrent.Executors$RunnableAdapter.call(Executors.java:458)
04-25 17:56:55.854  6421  6451 E GlideHelper: 	at java.util.concurrent.FutureTask.run(FutureTask.java:266)
04-25 17:56:55.854  6421  6451 E GlideHelper: 	at java.util.concurrent.ThreadPoolExecutor.runWorker(ThreadPoolExecutor.java:1167)
04-25 17:56:55.854  6421  6451 E GlideHelper: 	at java.util.concurrent.ThreadPoolExecutor$Worker.run(ThreadPoolExecutor.java:641)
04-25 17:56:55.854  6421  6451 E GlideHelper: 	at java.lang.Thread.run(Thread.java:764)
04-25 17:56:55.854  6421  6451 E GlideHelper: Caused by: com.bumptech.glide.load.engine.GlideException: Received null model
04-25 17:56:55.854  6421  6421 W Glide   : Load failed for null with size [0x0]
04-25 17:56:55.854  6421  6421 W Glide   : class com.bumptech.glide.load.engine.GlideException: Received null model
04-25 17:56:55.854  6421  6453 E GlideHelper: java.util.concurrent.ExecutionException: com.bumptech.glide.load.engine.GlideException: Received null model
04-25 17:56:55.854  6421  6453 E GlideHelper: 	at com.bumptech.glide.f.e.a(RequestFutureTarget.java:212)
04-25 17:56:55.854  6421  6453 E GlideHelper: 	at com.bumptech.glide.f.e.get(RequestFutureTarget.java:115)
04-25 17:56:55.854  6421  6453 E GlideHelper: 	at com.android.common.components.b.d.a(GlideHelper.java:398)
04-25 17:56:55.854  6421  6453 E GlideHelper: 	at com.android.mediacenter.ui.player.common.b.a.e$3.run(WaveAlbumCoverFragment.java:264)
04-25 17:56:55.854  6421  6453 E GlideHelper: 	at java.util.concurrent.Executors$RunnableAdapter.call(Executors.java:458)
04-25 17:56:55.854  6421  6453 E GlideHelper: 	at java.util.concurrent.FutureTask.run(FutureTask.java:266)
04-25 17:56:55.854  6421  6453 E GlideHelper: 	at java.util.concurrent.ThreadPoolExecutor.runWorker(ThreadPoolExecutor.java:1167)
04-25 17:56:55.854  6421  6453 E GlideHelper: 	at java.util.concurrent.ThreadPoolExecutor$Worker.run(ThreadPoolExecutor.java:641)
04-25 17:56:55.854  6421  6453 E GlideHelper: 	at java.lang.Thread.run(Thread.java:764)
