--------- beginning of system
04-25 14:39:10.899 31964 32044 I PowerManagerService: Waking up from dozing (uid=1000 reason=android.policy:POWER)...
04-25 14:39:10.905 31964 31964 W UsageStatsService: Event reported without a package name
04-25 14:39:10.911 31964 31989 I DisplayPowerController: Blocking screen on until initial contents have been drawn.
04-25 14:39:10.944 31964 31987 I DisplayManagerService: Display device changed state: "内置屏幕", ON
--------- beginning of main
04-25 14:39:10.946   497   497 D SurfaceFlinger: Set power mode=2, type=0 flinger=0x4900000100
04-25 14:39:10.946   499   585 I SDM     : DisplayBase::SetDisplayState: Set state = 1, display 0
04-25 14:39:10.950 31964 32044 I InputReader: Reconfiguring input devices.  changes=0x00000004
04-25 14:39:10.989 32137 32137 D StatusBar: disable<e i a s b H R c s > disable2<q i n >
04-25 14:39:10.989 32137 32137 D StatusBar: disable<e i a s b H R c s > disable2<q i n >
04-25 14:39:11.008   497   497 D SurfaceFlinger: Finished set power mode=2, type=0
04-25 14:39:11.016 31964 31989 I DisplayPowerController: Unblocked screen on after 104 ms
04-25 14:39:11.020 31964 31989 I DreamManagerService: Gently waking up from dream.
04-25 14:39:11.021 31964 31985 I DreamManagerService: Performing gentle wake from dream.
04-25 14:39:11.022 31964 32393 I DreamManagerService: Leaving dreamland.
04-25 14:39:11.023 31964 31985 I DreamManagerService: Performing gentle wake from dream.
04-25 14:39:11.023 31964 31985 I DreamController: Stopping dream: name=ComponentInfo{com.android.systemui/com.android.systemui.doze.DozeService}, isTest=false, canDoze=true, userId=0
04-25 14:39:11.025 31964 31964 W AlarmManager: Unrecognized alarm listener com.android.server.job.controllers.-$$Lambda$IdleController$IdlenessTracker$nTdS-lGBXcES5VWKcJFmQFgU7IU@ccf67c4
04-25 14:39:11.057 32028 32030 I nanohub : osLog: [PickupGesture] power: 0
04-25 14:39:11.059 31964 32351 I WifiService: acquireMulticastLock uid=10074
04-25 14:39:11.064  5298  5298 I chatty  : uid=10073(com.android.mediacenter) expire 164 lines
04-25 14:39:11.068 32028 32030 I nanohub : osLog: [AR_CHRE] CLASSIFY => OFF
04-25 14:39:11.069 32028 32030 I nanohub : osLog: [AR_CHRE] activity powered off
04-25 14:39:12.429 32137 32137 D StatusBar: disable<e i a s b H R c s > disable2<q i n >
04-25 14:39:12.468 31964 32393 W UsageStatsService: Event reported without a package name
04-25 14:39:12.483 31964 31979 W BroadcastQueue: Background execution not allowed: receiving Intent { act=android.intent.action.USER_PRESENT flg=0x24200010 } to com.estrongs.android.pop/.app.StartServiceReceiver
04-25 14:39:12.483 31964 31979 W BroadcastQueue: Background execution not allowed: receiving Intent { act=android.intent.action.USER_PRESENT flg=0x24200010 } to com.estrongs.android.pop/com.android.apps.pros.LocalCReceiver
04-25 14:39:12.483 31964 31979 W BroadcastQueue: Background execution not allowed: receiving Intent { act=android.intent.action.USER_PRESENT flg=0x24200010 } to com.estrongs.android.pop/com.duapps.ad.stats.CallbackReceiver
04-25 14:39:12.455 32137 32137 I chatty  : uid=10034(com.android.systemui) identical 1 line
04-25 14:39:12.458 32137 32137 D StatusBar: disable<e i a s b H R c s > disable2<q i n >
04-25 14:39:12.511 32137 32137 D StatusBar: disable<e i a s b h!r!c s > disable2<q i n >
04-25 14:39:12.698   497  1220 W SurfaceFlinger: Attempting to set client state on removed layer: SnapshotStartingWindow for taskId=73#0
04-25 14:39:12.698   497  1220 W SurfaceFlinger: Attempting to destroy on removed layer: SnapshotStartingWindow for taskId=73#0
04-25 14:39:14.010 31964  1832 D WificondControl: Scan result ready event
04-25 14:39:14.039 31964 32055 D WificondScannerImpl: Filtering out 10 scan results.
04-25 14:39:14.497 31964  1832 I ActivityManager: START u0 {act=android.intent.action.VIEW dat=content://com.estrongs.files/storage/emulated/0/poc-crash.ape typ=audio/x-ape flg=0x4000003 cmp=com.android.mediacenter/.ui.player.oneshot.MediaPlaybackActivityStarter (has extras)} from uid 10074
04-25 14:39:14.501   657   657 D QCOM PowerHAL: LAUNCH HINT: ON
04-25 14:39:14.502   657   657 D QCOM PowerHAL: Activity launch hint handled
04-25 14:39:14.606  5298  5350 I chatty  : uid=10073(com.android.mediacenter) expire 89 lines
04-25 14:39:14.608 31964 32090 I ActivityManager: START u0 {flg=0x10020000 cmp=com.android.mediacenter/.ui.player.MediaPlayBackActivity (has extras)} from uid 10073
04-25 14:39:14.608 31964 32090 W ActivityManager: Activity is launching as a new task, so cancelling activity result.
04-25 14:39:14.617   657   657 D QCOM PowerHAL: LAUNCH HINT: ON
04-25 14:39:14.649 32545  5608 W droid.launcher: resources.arsc in APK '/data/app/com.estrongs.android.pop-V3EW63qJpeCRINkGufKBQw==/base.apk' is compressed.
04-25 14:39:14.784 31900 32340 D NuPlayerDriver: reset(0xc7c13f00) at state 2
04-25 14:39:14.787 31900 32340 D NuPlayerDriver: notifyListener_l(0xc7c13f00), (8, 0, 0, -1), loop setting(0, 0)
04-25 14:39:14.788 31900  5685 D NuPlayerDriver: notifyResetComplete(0xc7c13f00)
04-25 14:39:14.788 31900  1136 D NuPlayerDriver: reset(0xc7c13f00) at state 0
04-25 14:39:14.798 31900  1136 D NuPlayerDriver: NuPlayerDriver(0xc7c169c0) created, clientPid(5298)
04-25 14:39:14.819 31900  5718 D GenericSource: FileSource remote
04-25 14:39:14.822 31900  5718 E GenericSource: initFromDataSource, cannot create extractor!
04-25 14:39:14.822 31900  5718 E GenericSource: Failed to init from data source!
04-25 14:39:14.823 31900  5717 D NuPlayerDriver: notifyListener_l(0xc7c169c0), (100, 1, -2147483648, -1), loop setting(0, 0)
04-25 14:39:14.823  5298  5561 I chatty  : uid=10073(com.android.mediacenter) expire 1 line
04-25 14:39:14.881  5298  5330 I chatty  : uid=10073(com.android.mediacenter) expire 2 lines
04-25 14:39:14.889  5298  5672 I chatty  : uid=10073(com.android.mediacenter) expire 2 lines
04-25 14:39:14.918  5298  5298 I chatty  : uid=10073(com.android.mediacenter) expire 132 lines
04-25 14:39:14.934  5298  5723 I chatty  : uid=10073(com.android.mediacenter) expire 6 lines
04-25 14:39:15.022  5298  5350 I chatty  : uid=10073(com.android.mediacenter) expire 3 lines
04-25 14:39:15.031  5298  5724 I chatty  : uid=10073(com.android.mediacenter) expire 6 lines
04-25 14:39:15.032  5298  5719 I chatty  : uid=10073(com.android.mediacenter) expire 1 line
04-25 14:39:15.060  5298  5329 I chatty  : uid=10073(com.android.mediacenter) expire 1 line
04-25 14:39:15.065 31964  1832 I NotificationService: cancelToast pkg=com.android.mediacenter callback=android.app.ITransientNotification$Stub$Proxy@cc66041
04-25 14:39:15.065 31964  1832 W NotificationService: Toast already cancelled. pkg=com.android.mediacenter callback=android.app.ITransientNotification$Stub$Proxy@cc66041
04-25 14:39:15.126  5298  5720 I chatty  : uid=10073(com.android.mediacenter) expire 1 line
04-25 14:39:15.135  5298  5355 I chatty  : uid=10073(com.android.mediacenter) expire 1 line
04-25 14:39:15.135  5298  5330 I chatty  : uid=10073(com.android.mediacenter) expire 1 line
04-25 14:39:15.166 31964 31987 I ActivityManager: Displayed com.android.mediacenter/.ui.player.MediaPlayBackActivity: +506ms (total +59s640ms)
04-25 14:39:15.188   657   657 D QCOM PowerHAL: LAUNCH HINT: OFF
04-25 14:39:15.327   497   543 W SurfaceFlinger: Attempting to set client state on removed layer: Splash Screen com.android.mediacenter#0
04-25 14:39:15.327   497   543 W SurfaceFlinger: Attempting to destroy on removed layer: Splash Screen com.android.mediacenter#0
04-25 14:39:17.045 31964  1831 W NotificationService: Toast already killed. pkg=com.android.mediacenter callback=android.app.ITransientNotification$Stub$Proxy@afc297a
04-25 14:39:28.047 31964 31964 W WindowManager: removeWindowToken: Attempted to remove non-existing token: android.os.Binder@89f961a
04-25 14:39:30.339 31964 31974 I system_server: Background concurrent copying GC freed 150923(5MB) AllocSpace objects, 22(792KB) LOS objects, 42% free, 8MB/15MB, paused 1ms total 255.881ms
04-25 14:39:34.100 31964  1831 D WificondControl: Scan result ready event
04-25 14:39:34.160 31964 32055 D WificondScannerImpl: Filtering out 7 scan results.
04-25 14:39:49.191 31964 31989 I PowerManagerService: Going to sleep due to screen timeout (uid 1000)...
04-25 14:39:49.192 31964 31964 W UsageStatsService: Event reported without a package name
04-25 14:39:49.268 32137 32137 I vol.Events: writeEvent dismiss_dialog volume_controller
04-25 14:39:49.750 31964 31989 I DisplayPowerController: Blocking screen off
04-25 14:39:49.753 31964 31989 I DisplayPowerController: Unblocked screen off after 3 ms
04-25 14:39:49.815  5298  5298 I chatty  : uid=10073(com.android.mediacenter) expire 40 lines
04-25 14:39:49.816 31964  1845 I OpenGLRenderer: Initialized EGL, version 1.4
04-25 14:39:49.816 31964  1845 D OpenGLRenderer: Swap behavior 1
04-25 14:39:49.892 31964 31987 I DisplayManagerService: Display device changed state: "内置屏幕", OFF
04-25 14:39:49.895   497   497 D SurfaceFlinger: Set power mode=0, type=0 flinger=0x4900000100
04-25 14:39:49.904 31964 32044 I InputReader: Reconfiguring input devices.  changes=0x00000004
04-25 14:39:49.906   499   586 I SDM     : DisplayBase::SetDisplayState: Set state = 0, display 0
04-25 14:39:49.959   651   651 I /vendor/bin/hw/android.hardware.health@2.0-service.marlin: SRAM data: 2091000
04-25 14:39:49.998 32545 32566 I droid.launcher: NativeAlloc concurrent copying GC freed 3083(177KB) AllocSpace objects, 0(0B) LOS objects, 50% free, 2MB/4MB, paused 228us total 145.894ms
04-25 14:39:50.017 32137 32161 I ndroid.systemu: NativeAlloc concurrent copying GC freed 16905(665KB) AllocSpace objects, 0(0B) LOS objects, 49% free, 4MB/8MB, paused 329us total 166.168ms
04-25 14:39:50.138   497   497 D SurfaceFlinger: Finished set power mode=0, type=0
04-25 14:39:50.139 31964 32084 D SurfaceControl: Excessive delay in setPowerMode()
04-25 14:39:50.145 31964 31989 I DreamManagerService: Entering dreamland.
04-25 14:39:50.147 31964 31989 I PowerManagerService: Dozing...
04-25 14:39:50.153 32137 32137 I vol.Events: writeEvent dismiss_dialog volume_controller
04-25 14:39:50.154 32137 32137 V StatusBar: mStatusBarWindow: com.android.systemui.statusbar.phone.StatusBarWindowView{1cc6646 V.ED..... ......ID 0,0-1080,63} canPanelBeCollapsed(): false
04-25 14:39:50.154 31964 31985 I DreamController: Starting dream: name=ComponentInfo{com.android.systemui/com.android.systemui.doze.DozeService}, isTest=false, canDoze=true, userId=0
04-25 14:39:50.165 31964 31985 D AutofillManagerService: Close system dialogs
04-25 14:39:50.211 32137 32137 D StatusBar: disable<e i a s b h r c s > disable2<q i n >
04-25 14:39:50.231 32137 32137 D StatusBar: disable<e i a s b h r c s > disable2<q i n >
04-25 14:39:50.245 32028 32030 I nanohub : osLog: [PickupGesture] power: 1
04-25 14:39:50.250 32028 32030 I nanohub : osLog: [AR_CHRE] OFF => ON
04-25 14:39:50.251 32028 32030 I nanohub : osLog: [AR_CHRE] activity powered on
04-25 14:39:50.293 32137 32137 D StatusBar: disable<e i a s b h r c s > disable2<q i n >
04-25 14:39:50.353 32137 32137 I chatty  : uid=10034(com.android.systemui) identical 5 lines
04-25 14:39:50.353 32137 32137 D StatusBar: disable<e i a s b h r c s > disable2<q i n >
04-25 14:39:50.354 32137 32137 I vol.Events: writeEvent dismiss_dialog screen_off
04-25 14:39:50.649 31964 32393 I WifiService: releaseMulticastLock uid=10074
04-25 14:39:54.292 31964 32090 W UsageStatsService: Event reported without a package name
04-25 14:39:54.317 32137 32137 D StatusBar: disable<e i a s b h r c s > disable2<q i n >
04-25 14:39:54.351 32137 32137 D StatusBar: disable<e i a s b h r c s > disable2<q i n >
04-25 14:39:54.406 32137 32137 D StatusBar: disable<e i a s b H!R!c s > disable2<q i n >
04-25 14:40:09.815   651   651 I /vendor/bin/hw/android.hardware.health@2.0-service.marlin: SRAM data: 2091000
04-25 14:40:13.301 32028 32030 I nanohub : osLog: [AR_CHRE] still: 100
04-25 14:40:43.704 32028 32030 I chatty  : uid=1000(system) HubConnection identical 16 lines
04-25 14:40:48.253 32028 32030 I nanohub : osLog: [AR_CHRE] still: 100
04-25 14:40:49.965   651   651 I /vendor/bin/hw/android.hardware.health@2.0-service.marlin: SRAM data: 2091000
04-25 14:40:52.803 32028 32030 I nanohub : osLog: [AR_CHRE] still: 100
04-25 14:41:38.304 32028 32030 I nanohub : osLog: [AR_CHRE] still: 100
04-25 14:41:39.528 31964 31974 I system_server: Background concurrent copying GC freed 207740(6MB) AllocSpace objects, 5(116KB) LOS objects, 42% free, 8MB/15MB, paused 801us total 216.127ms
04-25 14:41:42.854 32028 32030 I nanohub : osLog: [AR_CHRE] still: 100
04-25 14:41:47.404 32028 32030 I nanohub : osLog: [AR_CHRE] still: 100
04-25 14:41:49.961   651   651 I /vendor/bin/hw/android.hardware.health@2.0-service.marlin: SRAM data: 2091000
04-25 14:41:51.954 32028 32030 I nanohub : osLog: [AR_CHRE] still: 100
04-25 14:42:14.704 32028 32030 I chatty  : uid=1000(system) HubConnection identical 5 lines
04-25 14:42:19.254 32028 32030 I nanohub : osLog: [AR_CHRE] still: 100
04-25 14:42:22.867 31964 32050 W BestClock: java.time.DateTimeException: Missing NTP fix
04-25 14:42:22.925 31964 32050 W BestClock: java.time.DateTimeException: Missing NTP fix
04-25 14:42:22.933 31964 32051 W BestClock: java.time.DateTimeException: Missing NTP fix
04-25 14:42:23.805 32028 32030 I nanohub : osLog: [AR_CHRE] still: 100
04-25 14:42:23.807 32028 32030 I nanohub : osLog: [AR_CHRE] ON => IDLE
04-25 14:42:49.965   651   651 I /vendor/bin/hw/android.hardware.health@2.0-service.marlin: SRAM data: 2091000
04-25 14:42:56.522   651   651 I /vendor/bin/hw/android.hardware.health@2.0-service.marlin: SRAM data: 2091000
04-25 14:43:26.485 32028 32030 I nanohub : osLog: [AR_CHRE] IDLE => ON
04-25 14:43:26.642 31964 32044 I PowerManagerService: Waking up from dozing (uid=1000 reason=android.policy:POWER)...
04-25 14:43:26.643 31964 31964 W UsageStatsService: Event reported without a package name
04-25 14:43:26.649 31964 31989 I DisplayPowerController: Blocking screen on until initial contents have been drawn.
04-25 14:43:26.692 31964 31987 I DisplayManagerService: Display device changed state: "内置屏幕", ON
04-25 14:43:26.692   497   497 D SurfaceFlinger: Set power mode=2, type=0 flinger=0x4900000100
04-25 14:43:26.693   499   586 I SDM     : DisplayBase::SetDisplayState: Set state = 1, display 0
04-25 14:43:26.697 31964 32044 I InputReader: Reconfiguring input devices.  changes=0x00000004
04-25 14:43:26.741 32137 32137 D StatusBar: disable<e i a s b H R c s > disable2<q i n >
04-25 14:43:26.742 32137 32137 D StatusBar: disable<e i a s b H R c s > disable2<q i n >
04-25 14:43:26.751   497   497 D SurfaceFlinger: Finished set power mode=2, type=0
04-25 14:43:26.775 31964 31989 I DisplayPowerController: Unblocked screen on after 126 ms
04-25 14:43:26.779 31964 31989 I DreamManagerService: Gently waking up from dream.
04-25 14:43:26.779 31964 31985 I DreamManagerService: Performing gentle wake from dream.
04-25 14:43:26.782 31964  1831 I DreamManagerService: Leaving dreamland.
04-25 14:43:26.782 31964 31985 I DreamManagerService: Performing gentle wake from dream.
04-25 14:43:26.782 31964 31985 I DreamController: Stopping dream: name=ComponentInfo{com.android.systemui/com.android.systemui.doze.DozeService}, isTest=false, canDoze=true, userId=0
04-25 14:43:26.793 31964 31964 W AlarmManager: Unrecognized alarm listener com.android.server.job.controllers.-$$Lambda$IdleController$IdlenessTracker$nTdS-lGBXcES5VWKcJFmQFgU7IU@ccf67c4
04-25 14:43:26.801 32028 32030 I nanohub : osLog: [PickupGesture] power: 0
04-25 14:43:26.805 32028 32030 I nanohub : osLog: [AR_CHRE] ON => OFF
04-25 14:43:26.807 31964 32351 I WifiService: acquireMulticastLock uid=10074
04-25 14:43:26.807  5298  5298 I chatty  : uid=10073(com.android.mediacenter) expire 152 lines
04-25 14:43:26.808 32028 32030 I nanohub : osLog: [AR_CHRE] activity powered off
04-25 14:43:27.366 32137 32137 D StatusBar: disable<e i a s b H R c s > disable2<q i n >
04-25 14:43:27.395 32137 32137 D StatusBar: disable<e i a s b H R c s > disable2<q i n >
04-25 14:43:27.399 31964 32351 W UsageStatsService: Event reported without a package name
04-25 14:43:27.399 32137 32137 D StatusBar: disable<e i a s b h!r!c s > disable2<q i n >
04-25 14:43:27.418  5298  5760 I chatty  : uid=10073(com.android.mediacenter) expire 2 lines
04-25 14:43:27.440 31964 31979 W BroadcastQueue: Background execution not allowed: receiving Intent { act=android.intent.action.USER_PRESENT flg=0x24200010 } to com.estrongs.android.pop/.app.StartServiceReceiver
04-25 14:43:27.441 31964 31979 W BroadcastQueue: Background execution not allowed: receiving Intent { act=android.intent.action.USER_PRESENT flg=0x24200010 } to com.estrongs.android.pop/com.android.apps.pros.LocalCReceiver
04-25 14:43:27.441 31964 31979 W BroadcastQueue: Background execution not allowed: receiving Intent { act=android.intent.action.USER_PRESENT flg=0x24200010 } to com.estrongs.android.pop/com.duapps.ad.stats.CallbackReceiver
04-25 14:43:27.465  5298  5350 I chatty  : uid=10073(com.android.mediacenter) expire 20 lines
04-25 14:43:27.473  5298  5756 I chatty  : uid=10073(com.android.mediacenter) expire 1 line
04-25 14:43:27.585  5298  5757 I chatty  : uid=10073(com.android.mediacenter) expire 1 line
04-25 14:43:27.681   497  1942 W SurfaceFlinger: Attempting to set client state on removed layer: SnapshotStartingWindow for taskId=77#0
04-25 14:43:27.681   497  1942 W SurfaceFlinger: Attempting to destroy on removed layer: SnapshotStartingWindow for taskId=77#0
04-25 14:43:28.568   665   665 E VibratorService: Setting amplitude  to: 1856
04-25 14:43:28.613 31964 31980 D AutofillManagerService: onBackKeyPressed()
04-25 14:43:29.453   497   545 W SurfaceFlinger: Attempting to destroy on removed layer: AppWindowToken{13735d6 token=Token{15155f1 ActivityRecord{49bc998 u0 com.android.mediacenter/.ui.player.MediaPlayBackActivity t77}}}#0
04-25 14:43:29.703 31964 32351 D WificondControl: Scan result ready event
04-25 14:43:29.734 31964 32055 D WificondScannerImpl: Filtering out 23 scan results.
04-25 14:43:33.933 32624 32624 E test    : onScrollChanged!
04-25 14:43:40.440 31964  1831 I ActivityManager: START u0 {act=android.intent.action.VIEW dat=content://com.estrongs.files/storage/emulated/0/aaa.ape typ=audio/x-ape flg=0x4000003 cmp=com.android.mediacenter/.ui.player.oneshot.MediaPlaybackActivityStarter (has extras)} from uid 10074
04-25 14:43:34.239 32624 32624 I chatty  : uid=10074(com.estrongs.android.pop) identical 1 line
04-25 14:43:37.774 32624 32624 E test    : onScrollChanged!
04-25 14:43:40.443   657   657 D QCOM PowerHAL: LAUNCH HINT: ON
04-25 14:43:40.445   657   657 D QCOM PowerHAL: Activity launch hint handled
04-25 14:43:40.459  5298  5298 I chatty  : uid=10073(com.android.mediacenter) expire 98 lines
04-25 14:43:40.548 31964  1831 I ActivityManager: START u0 {flg=0x10020000 cmp=com.android.mediacenter/.ui.player.MediaPlayBackActivity (has extras)} from uid 10073
04-25 14:43:40.548 31964  1831 W ActivityManager: Activity is launching as a new task, so cancelling activity result.
04-25 14:43:40.558   657   657 D QCOM PowerHAL: LAUNCH HINT: ON
04-25 14:43:40.742 31900 32340 D NuPlayerDriver: reset(0xc7c169c0) at state 2
04-25 14:43:40.744 31900 32340 D NuPlayerDriver: notifyListener_l(0xc7c169c0), (8, 0, 0, -1), loop setting(0, 0)
04-25 14:43:40.745 31900  5717 D NuPlayerDriver: notifyResetComplete(0xc7c169c0)
04-25 14:43:40.746 31900  1136 D NuPlayerDriver: reset(0xc7c169c0) at state 0
04-25 14:43:40.746  5298  5350 I chatty  : uid=10073(com.android.mediacenter) expire 46 lines
04-25 14:43:40.756 31900  1136 D NuPlayerDriver: NuPlayerDriver(0xc7c166c0) created, clientPid(5298)
04-25 14:43:40.763 31900  5779 D GenericSource: FileSource remote
04-25 14:43:40.765 31900  5779 E GenericSource: initFromDataSource, cannot create extractor!
04-25 14:43:40.765 31900  5779 E GenericSource: Failed to init from data source!
04-25 14:43:40.766 31900  5778 D NuPlayerDriver: notifyListener_l(0xc7c166c0), (100, 1, -2147483648, -1), loop setting(0, 0)
04-25 14:43:40.766  5298  5583 I chatty  : uid=10073(com.android.mediacenter) expire 1 line
04-25 14:43:40.790  5298  5298 I chatty  : uid=10073(com.android.mediacenter) expire 199 lines
04-25 14:43:40.790  5298  5350 I chatty  : uid=10073(com.android.mediacenter) expire 25 lines
04-25 14:43:40.842  5298  5330 I chatty  : uid=10073(com.android.mediacenter) expire 3 lines
04-25 14:43:40.853  5298  5760 I chatty  : uid=10073(com.android.mediacenter) expire 2 lines
04-25 14:43:40.893  5298  5784 I chatty  : uid=10073(com.android.mediacenter) expire 6 lines
04-25 14:43:40.982  5298  5785 I chatty  : uid=10073(com.android.mediacenter) expire 6 lines
04-25 14:43:40.988  5298  5780 I chatty  : uid=10073(com.android.mediacenter) expire 1 line
04-25 14:43:41.004  5298  5329 I chatty  : uid=10073(com.android.mediacenter) expire 1 line
04-25 14:43:41.010 31964  1832 I NotificationService: cancelToast pkg=com.android.mediacenter callback=android.app.ITransientNotification$Stub$Proxy@4c50a03
04-25 14:43:41.010 31964  1832 W NotificationService: Toast already cancelled. pkg=com.android.mediacenter callback=android.app.ITransientNotification$Stub$Proxy@4c50a03
04-25 14:43:41.077  5298  5328 I chatty  : uid=10073(com.android.mediacenter) expire 1 line
04-25 14:43:41.088  5298  5781 I chatty  : uid=10073(com.android.mediacenter) expire 1 line
04-25 14:43:41.109 31964 31987 I ActivityManager: Displayed com.android.mediacenter/.ui.player.MediaPlayBackActivity: +492ms (total +647ms)
04-25 14:43:41.131   657   657 D QCOM PowerHAL: LAUNCH HINT: OFF
04-25 14:43:41.283   497   545 W SurfaceFlinger: Attempting to set client state on removed layer: Splash Screen com.android.mediacenter#0
04-25 14:43:41.283   497   545 W SurfaceFlinger: Attempting to destroy on removed layer: Splash Screen com.android.mediacenter#0
04-25 14:43:43.045 31964 32090 W NotificationService: Toast already killed. pkg=com.android.mediacenter callback=android.app.ITransientNotification$Stub$Proxy@dc7c5e3
04-25 14:43:43.562   497   543 W SurfaceFlinger: Attempting to destroy on removed layer: c98ffb9 Toast#0
04-25 14:43:49.793 31964 32090 D WificondControl: Scan result ready event
04-25 14:43:49.871 31964 32055 D WificondScannerImpl: Filtering out 13 scan results.
04-25 14:43:49.964   651   651 I /vendor/bin/hw/android.hardware.health@2.0-service.marlin: SRAM data: 2091000
04-25 14:43:51.126 31964 31974 I system_server: Background concurrent copying GC freed 177379(5MB) AllocSpace objects, 15(572KB) LOS objects, 42% free, 8MB/15MB, paused 1.331ms total 240.350ms
04-25 14:43:54.042 31964 31964 W WindowManager: removeWindowToken: Attempted to remove non-existing token: android.os.Binder@a701414
04-25 14:44:04.268 31964  5789 D NetworkMonitor/NetworkAgentInfo [WIFI () - 100]: PROBE_DNS www.google.com 37ms OK 69.171.237.26
04-25 14:44:04.275 31964  5790 D NetworkMonitor/NetworkAgentInfo [WIFI () - 100]: PROBE_DNS connectivitycheck.gstatic.com 39ms OK 203.208.40.47
04-25 14:44:04.402 31964  5790 D NetworkMonitor/NetworkAgentInfo [WIFI () - 100]: PROBE_HTTP http://connectivitycheck.gstatic.com/generate_204 time=113ms ret=204 request={User-Agent=[Mozilla/5.0 (X11; Linux x86_64) AppleWebKit/537.36 (KHTML, like Gecko) Chrome/60.0.3112.32 Safari/537.36]} headers={null=[HTTP/1.1 204 No Content], Content-Length=[0], Date=[Thu, 25 Apr 2019 06:44:54 GMT], X-Android-Received-Millis=[1556174644400], X-Android-Response-Source=[NETWORK 204], X-Android-Selected-Protocol=[http/1.1], X-Android-Sent-Millis=[1556174644365]}
04-25 14:44:13.558 31964 31989 I PowerManagerService: Going to sleep due to screen timeout (uid 1000)...
04-25 14:44:13.559 31964 31964 W UsageStatsService: Event reported without a package name
04-25 14:44:13.632 32137 32137 I vol.Events: writeEvent dismiss_dialog volume_controller
04-25 14:44:14.132 31964 31989 I DisplayPowerController: Blocking screen off
04-25 14:44:14.136 31964 31989 I DisplayPowerController: Unblocked screen off after 3 ms
04-25 14:44:14.192 31964  1845 I OpenGLRenderer: Initialized EGL, version 1.4
04-25 14:44:14.192 31964  1845 D OpenGLRenderer: Swap behavior 1
04-25 14:44:14.196  5298  5298 I chatty  : uid=10073(com.android.mediacenter) expire 40 lines
04-25 14:44:14.230 31964 31987 I DisplayManagerService: Display device changed state: "内置屏幕", OFF
04-25 14:44:14.234   497   497 D SurfaceFlinger: Set power mode=0, type=0 flinger=0x4900000100
04-25 14:44:14.238   499   586 I SDM     : DisplayBase::SetDisplayState: Set state = 0, display 0
04-25 14:44:14.257 31964 32044 I InputReader: Reconfiguring input devices.  changes=0x00000004
04-25 14:44:14.334 31964  5789 D NetworkMonitor/NetworkAgentInfo [WIFI () - 100]: PROBE_HTTPS https://www.google.com/generate_204 Probe failed with exception java.net.SocketTimeoutException: failed to connect to /69.171.237.26 (port 443) from /192.168.31.79 (port 47675) after 10000ms
04-25 14:44:14.348 32137 32161 I ndroid.systemu: NativeAlloc concurrent copying GC freed 5217(307KB) AllocSpace objects, 0(0B) LOS objects, 50% free, 4MB/8MB, paused 1.927ms total 131.726ms
04-25 14:44:14.469   497   497 D SurfaceFlinger: Finished set power mode=0, type=0
04-25 14:44:14.469 31964 32084 D SurfaceControl: Excessive delay in setPowerMode()
04-25 14:44:14.472 31964 31989 I DreamManagerService: Entering dreamland.
04-25 14:44:14.473 31964 31989 I PowerManagerService: Dozing...
04-25 14:44:14.475 31964 31985 I DreamController: Starting dream: name=ComponentInfo{com.android.systemui/com.android.systemui.doze.DozeService}, isTest=false, canDoze=true, userId=0
04-25 14:44:14.480 32137 32137 V StatusBar: mStatusBarWindow: com.android.systemui.statusbar.phone.StatusBarWindowView{1cc6646 V.ED..... ......ID 0,0-1080,63} canPanelBeCollapsed(): false
04-25 14:44:14.482 32137 32137 I vol.Events: writeEvent dismiss_dialog volume_controller
04-25 14:44:14.491 31964 31985 D AutofillManagerService: Close system dialogs
04-25 14:44:14.564 32137 32137 D StatusBar: disable<e i a s b h r c s > disable2<q i n >
04-25 14:44:14.578 32137 32137 D StatusBar: disable<e i a s b h r c s > disable2<q i n >
04-25 14:44:14.590 32028 32030 I nanohub : osLog: [PickupGesture] power: 1
04-25 14:44:14.594 32028 32030 I nanohub : osLog: [AR_CHRE] OFF => ON
04-25 14:44:14.596 32028 32030 I nanohub : osLog: [AR_CHRE] activity powered on
04-25 14:44:14.647 32137 32137 D StatusBar: disable<e i a s b h r c s > disable2<q i n >
04-25 14:44:14.691 32137 32137 I chatty  : uid=10034(com.android.systemui) identical 15 lines
04-25 14:44:14.692 32137 32137 D StatusBar: disable<e i a s b h r c s > disable2<q i n >
04-25 14:44:14.692 32137 32137 I vol.Events: writeEvent dismiss_dialog screen_off
04-25 14:44:14.982 31964 32351 I WifiService: releaseMulticastLock uid=10074
04-25 14:44:17.281 31964  1515 D NetworkMonitor/NetworkAgentInfo [WIFI () - 100]: PROBE_FALLBACK http://www.google.com/gen_204 Probe failed with exception java.net.SocketTimeoutException: failed to connect to /69.171.237.26 (port 80) from /192.168.31.79 (port 49419) after 10000ms
04-25 14:44:17.284 31964 32057 D ConnectivityService: NetworkAgentInfo [WIFI () - 100] validation failed
04-25 14:44:18.642 31964 32393 W UsageStatsService: Event reported without a package name
04-25 14:44:18.673 32137 32137 D StatusBar: disable<e i a s b h r c s > disable2<q i n >
04-25 14:44:18.696 32137 32137 D StatusBar: disable<e i a s b h r c s > disable2<q i n >
04-25 14:44:18.752 32137 32137 D StatusBar: disable<e i a s b H!R!c s > disable2<q i n >
04-25 14:44:31.027  5298  5350 I chatty  : uid=10073(com.android.mediacenter) expire 5 lines
04-25 14:44:37.883 32028 32030 I nanohub : osLog: [AR_CHRE] still: 100
04-25 14:44:42.433 32028 32030 I chatty  : uid=1000(system) HubConnection identical 11 lines
04-25 14:44:46.983 32028 32030 I nanohub : osLog: [AR_CHRE] still: 100
04-25 14:44:49.961   651   651 I /vendor/bin/hw/android.hardware.health@2.0-service.marlin: SRAM data: 2091000
04-25 14:44:51.533 32028 32030 I nanohub : osLog: [AR_CHRE] still: 100
04-25 14:45:41.578 32028 32030 I nanohub : osLog: [AR_CHRE] still: 100
04-25 14:45:43.273   651   651 I /vendor/bin/hw/android.hardware.health@2.0-service.marlin: SRAM data: 2091000
04-25 14:45:45.858 32028 32030 I nanohub : osLog: [AR_CHRE] still: 100
04-25 14:45:46.639 32028 32030 I nanohub : osLog: [PickupGesture] sending event 0x00000001
04-25 14:45:46.644 32028 32030 I nanohub : osLog: [AR_CHRE] ON => OFF
04-25 14:45:46.648 32028 32030 I nanohub : osLog: [AR_CHRE] activity powered off
04-25 14:45:46.651 32028 32030 I nanohub : osLog: [PickupGesture] power: 0
04-25 14:45:46.696 32028 32030 I nanohub : osLog: [PickupGesture] power: 1
04-25 14:45:46.703 32028 32030 I nanohub : osLog: [AR_CHRE] OFF => ON
04-25 14:45:46.704 32028 32030 I nanohub : osLog: [AR_CHRE] activity powered on
04-25 14:45:46.729 31964 31989 I DisplayPowerController: Blocking screen on until initial contents have been drawn.
04-25 14:45:46.792 31964 31987 I DisplayManagerService: Display device changed state: "内置屏幕", ON
04-25 14:45:46.792   497   497 D SurfaceFlinger: Set power mode=2, type=0 flinger=0x4900000100
04-25 14:45:46.793   499   586 I SDM     : DisplayBase::SetDisplayState: Set state = 1, display 0
04-25 14:45:46.813 31964 32044 I InputReader: Reconfiguring input devices.  changes=0x00000004
04-25 14:45:46.865   497   497 D SurfaceFlinger: Finished set power mode=2, type=0
04-25 14:45:46.884 31964 31989 I DisplayPowerController: Unblocked screen on after 155 ms
04-25 14:45:48.501 32028 32030 I nanohub : osLog: [PickupGesture] sending event 0x00000001
04-25 14:45:48.504 32028 32030 I nanohub : osLog: [AR_CHRE] ON => OFF
04-25 14:45:48.508 32028 32030 I nanohub : osLog: [AR_CHRE] activity powered off
04-25 14:45:48.512 32028 32030 I nanohub : osLog: [PickupGesture] power: 0
04-25 14:45:48.564 32028 32030 I nanohub : osLog: [PickupGesture] power: 1
04-25 14:45:48.569 32028 32030 I nanohub : osLog: [AR_CHRE] OFF => ON
04-25 14:45:48.571 32028 32030 I nanohub : osLog: [AR_CHRE] activity powered on
04-25 14:45:49.846   663  1283 I android.hardware.usb@1.1-service: uevent received DEVTYPE=typec_partner
04-25 14:45:49.848   663  1283 I android.hardware.usb@1.1-service: port0
04-25 14:45:49.848   663  1283 I android.hardware.usb@1.1-service: connected:0 canChangeMode:1 canChagedata:0 canChangePower:0
04-25 14:45:49.849 31964 32026 I UsbPortManager: ClientCallback: port0
04-25 14:45:49.849 31964 31985 I UsbPortManager: USB port changed: port=UsbPort{id=port0, supportedModes=dual}, status=UsbPortStatus{connected=false, currentMode=none, currentPowerRole=no-power, currentDataRole=no-data, supportedRoleCombinations=[no-power:no-data]}, canChangeMode=true, canChangePowerRole=false, canChangeDataRole=false
04-25 14:45:49.881  2836  5593 E adbd    : aio: got error event on read total bufs 1: Cannot send after transport endpoint shutdown
04-25 14:45:49.881  2836  5593 E adbd    : remote usb: read terminated (message): Cannot send after transport endpoint shutdown
04-25 14:45:49.883  2836  2836 I adbd    : closing functionfs transport
04-25 14:45:49.895   651   651 I /vendor/bin/hw/android.hardware.health@2.0-service.marlin: SRAM data: 2091000
04-25 14:45:49.903 31964 31989 I PowerManagerService: Waking up from dozing (uid=1000 reason=android.server.power:POWER)...
04-25 14:45:49.908   651   651 I chatty  : uid=1000(system) health@2.0-serv identical 10 lines
04-25 14:45:49.909   651   651 I /vendor/bin/hw/android.hardware.health@2.0-service.marlin: SRAM data: 2091000
04-25 14:45:49.910 31964 31964 W UsageStatsService: Event reported without a package name
04-25 14:45:49.913  2836  2837 I adbd    : initializing functionfs
04-25 14:45:49.914  2836  2837 I adbd    : functionfs successfully initialized
04-25 14:45:49.914  2836  2837 I adbd    : registering usb transport
04-25 14:45:49.919 31964 31989 I DreamManagerService: Gently waking up from dream.
04-25 14:45:49.919 31964 31985 I DreamManagerService: Performing gentle wake from dream.
04-25 14:45:49.930 31964  1831 I DreamManagerService: Leaving dreamland.
04-25 14:45:49.931 31964 31985 I DreamManagerService: Performing gentle wake from dream.
04-25 14:45:49.931 31964 31985 I DreamController: Stopping dream: name=ComponentInfo{com.android.systemui/com.android.systemui.doze.DozeService}, isTest=false, canDoze=true, userId=0
04-25 14:45:49.936 31964 31964 W AlarmManager: Unrecognized alarm listener com.android.server.job.controllers.-$$Lambda$IdleController$IdlenessTracker$nTdS-lGBXcES5VWKcJFmQFgU7IU@ccf67c4
04-25 14:45:49.954 32028 32030 I nanohub : osLog: [PickupGesture] power: 0
04-25 14:45:49.959 32028 32030 I nanohub : osLog: [AR_CHRE] ON => OFF
04-25 14:45:49.960 32028 32030 I nanohub : osLog: [AR_CHRE] activity powered off
04-25 14:45:49.961 32137 32137 D StatusBar: disable<e i a s b H R c s > disable2<q i n >
04-25 14:45:49.961 32137 32137 D StatusBar: disable<e i a s b H R c s > disable2<q i n >
04-25 14:45:49.989 31964 31983 E BatteryExternalStatsWorker: no controller energy info supplied for bluetooth
04-25 14:45:50.020 31964 31983 I BatteryStatsImpl: Resetting battery stats: level=97 status=3 dischargeLevel=97 lowAmount=0 highAmount=1
04-25 14:45:50.052  5298  5298 I chatty  : uid=10073(com.android.mediacenter) expire 49 lines
04-25 14:45:50.052 31964  1832 I WifiService: acquireMulticastLock uid=10074
04-25 14:45:50.060 31964 31979 I BinderCallsStatsService: Resetting stats
04-25 14:45:50.322 31964 31964 V SettingsProvider: Notifying for 0: content://settings/system/screen_brightness
04-25 14:45:50.882 31964 31985 D UsbDeviceManager: Clear notification
04-25 14:45:50.883 31964 31985 D UsbDeviceManager: applyOemOverride usbfunctions=adb bootmode=unknown
04-25 14:45:52.980 31964 32393 D WificondControl: Scan result ready event
04-25 14:45:53.045 31964 32055 D WificondScannerImpl: Filtering out 17 scan results.
04-25 14:45:58.091 31964 31974 I system_server: Background concurrent copying GC freed 176475(5MB) AllocSpace objects, 20(484KB) LOS objects, 42% free, 8MB/15MB, paused 375us total 119.376ms
04-25 14:46:00.703 31964 31964 V SettingsProvider: Notifying for 0: content://settings/system/screen_brightness
04-25 14:46:05.289 31964 31964 I chatty  : uid=1000 system_server identical 1 line
04-25 14:46:09.876 31964 31964 V SettingsProvider: Notifying for 0: content://settings/system/screen_brightness
04-25 14:46:12.164 31964 31989 I PowerManagerService: Going to sleep due to screen timeout (uid 1000)...
04-25 14:46:12.165 31964 31964 W UsageStatsService: Event reported without a package name
04-25 14:46:12.244 32137 32137 I vol.Events: writeEvent dismiss_dialog volume_controller
04-25 14:46:12.753 31964 31989 I DisplayPowerController: Blocking screen off
04-25 14:46:12.755 31964 31989 I DisplayPowerController: Unblocked screen off after 1 ms
04-25 14:46:12.781   651   651 I /vendor/bin/hw/android.hardware.health@2.0-service.marlin: SRAM data: 2091000
04-25 14:46:12.827   497   497 D SurfaceFlinger: Set power mode=0, type=0 flinger=0x4900000100
04-25 14:46:12.827 31964 31987 I DisplayManagerService: Display device changed state: "内置屏幕", OFF
04-25 14:46:12.837   499   586 I SDM     : DisplayBase::SetDisplayState: Set state = 0, display 0
04-25 14:46:12.844 31964 32044 I InputReader: Reconfiguring input devices.  changes=0x00000004
04-25 14:46:12.854 32137 32137 D StatusBar: disable<e i a s b H R c s > disable2<q i n >
04-25 14:46:12.854 32137 32137 D StatusBar: disable<e i a s b H R c s > disable2<q i n >
04-25 14:46:13.062   497   497 D SurfaceFlinger: Finished set power mode=0, type=0
04-25 14:46:13.064 31964 32084 D SurfaceControl: Excessive delay in setPowerMode()
04-25 14:46:13.070 31964 31989 I DreamManagerService: Entering dreamland.
04-25 14:46:13.073 31964 31989 I PowerManagerService: Dozing...
04-25 14:46:13.075 31964 31985 I DreamController: Starting dream: name=ComponentInfo{com.android.systemui/com.android.systemui.doze.DozeService}, isTest=false, canDoze=true, userId=0
04-25 14:46:13.085 32137 32137 I vol.Events: writeEvent dismiss_dialog volume_controller
04-25 14:46:13.113 31964 31985 D AutofillManagerService: Close system dialogs
04-25 14:46:13.150 31964 32351 D WificondControl: Scan result ready event
04-25 14:46:13.152 32137 32137 D StatusBar: disable<e i a s b H R c s > disable2<q i n >
04-25 14:46:13.187 32137 32137 D StatusBar: disable<e i a s b H R c s > disable2<q i n >
04-25 14:46:13.192 31964 32055 D WificondScannerImpl: Filtering out 12 scan results.
04-25 14:46:13.196 32137 32137 D StatusBar: disable<e i a s b H R c s > disable2<q i n >
04-25 14:46:13.196 32137 32137 D StatusBar: disable<e i a s b H R c s > disable2<q i n >
04-25 14:46:13.210 32028 32030 I nanohub : osLog: [PickupGesture] power: 1
04-25 14:46:13.218 32028 32030 I nanohub : osLog: [AR_CHRE] OFF => ON
04-25 14:46:13.220 32028 32030 I nanohub : osLog: [AR_CHRE] activity powered on
04-25 14:46:13.234 32137 32137 D StatusBar: disable<e i a s b H R c s > disable2<q i n >
04-25 14:46:13.264 32137 32137 D StatusBar: disable<e i a s b H R c s > disable2<q i n >
04-25 14:46:13.275 32137 32137 I vol.Events: writeEvent dismiss_dialog screen_off
04-25 14:46:13.300   651   651 I /vendor/bin/hw/android.hardware.health@2.0-service.marlin: SRAM data: 2091000
04-25 14:46:13.305   651   651 I /vendor/bin/hw/android.hardware.health@2.0-service.marlin: SRAM data: 2091000
04-25 14:46:13.559 31964 32393 I WifiService: releaseMulticastLock uid=10074
04-25 14:48:04.580 32028 32030 I nanohub : osLog: [AR_CHRE] still: 100
04-25 14:48:04.597 32028 32030 I chatty  : uid=1000(system) HubConnection identical 18 lines
04-25 14:48:04.599 32028 32030 I nanohub : osLog: [AR_CHRE] still: 100
04-25 14:48:04.623   651   651 I /vendor/bin/hw/android.hardware.health@2.0-service.marlin: SRAM data: 2091000
04-25 14:48:05.300   651   651 I /vendor/bin/hw/android.hardware.health@2.0-service.marlin: SRAM data: 2091000
04-25 14:49:14.277 32028 32030 I nanohub : osLog: [AR_CHRE] still: 100
04-25 14:49:14.278 32028 32030 I chatty  : uid=1000(system) HubConnection identical 10 lines
04-25 14:49:14.278 32028 32030 I nanohub : osLog: [AR_CHRE] still: 100
04-25 14:49:14.279 32028 32030 I nanohub : osLog: [AR_CHRE] ON => IDLE
04-25 14:49:14.301   651   651 I /vendor/bin/hw/android.hardware.health@2.0-service.marlin: SRAM data: 2091000
04-25 14:49:14.309   651   651 I /vendor/bin/hw/android.hardware.health@2.0-service.marlin: SRAM data: 2091000
04-25 14:49:14.369 31901 31917 I Netd    : Destroyed 2 sockets for UidRanges{ 10000-2147483647 } skip={1001 1027 1068 2000 10019 10024 10026 10034 10069 10070} in 1.1 ms
04-25 14:54:15.290   651   651 I /vendor/bin/hw/android.hardware.health@2.0-service.marlin: SRAM data: 2091000
04-25 14:54:15.295   651   651 I /vendor/bin/hw/android.hardware.health@2.0-service.marlin: SRAM data: 2091000
04-25 14:54:16.156 31964 31983 V BatteryExternalStatsWorker: WiFi energy data was reset, new WiFi energy data is WifiActivityEnergyInfo{ timestamp=2006453291 mStackState=3 mControllerTxTimeMs=0 mControllerTxTimePerLevelMs=[0, 0, 0, 0, 0, 0, 0, 0, 0, 0, 0, 0, 0, 0, 0, 0, 0, 0, 0, 0, 0, 0, 0, 0, 0, 0, 0, 0, 0, 0, 0, 0, 0, 0, 0, 0, 0, 0, 0, 0, 0, 0, 0, 0, 0, 0, 0, 0, 0, 0, 0, 0, 0, 0, 0, 0, 0, 0, 0, 0, 0, 0, 0, 0, 0, 0, 0, 0, 0, 26, 115, 235, 0, 0, 473, 91, 0, 0, 0, 0, 0, 12922, 0, 0, 0, 0, 0, 0, 0, 0, 0, 0, 0, 0, 0, 0, 0, 0, 0, 0, 0, 0, 0, 0, 0, 0, 0, 0, 0, 0, 0, 0, 0, 0, 0, 0, 0, 0, 0, 0, 0, 0, 0, 0, 0, 0, 0, 0, 0, 0, 0, 0, 0, 0, 0, 0, 0, 0, 0, 0, 0, 0, 0, 0, 0, 0, 0, 0, 0, 0, 0, 0, 0, 0, 0, 0, 0, 0, 0, 0, 0, 0, 0, 0, 0, 0, 0, 563, 0, 0, 0, 0, 0, 0, 0, 0, 0, 0, 0, 0] mControllerRxTimeMs=0 mControllerScanTimeMs=0 mControllerIdleTimeMs=0 mControllerEnergyUsed=0 }
04-25 14:54:20.510 31901 31917 I Netd    : Destroyed 2 sockets for UidRanges{ 10000-2147483647 } skip={1001 1027 1068 2000 10019 10024 10026 10034 10069 10070} in 6.8 ms
04-25 14:54:21.122   651   651 I /vendor/bin/hw/android.hardware.health@2.0-service.marlin: SRAM data: 2091000
04-25 14:54:21.125   651   651 I /vendor/bin/hw/android.hardware.health@2.0-service.marlin: SRAM data: 2091000
04-25 14:55:51.275   651   651 I /vendor/bin/hw/android.hardware.health@2.0-service.marlin: SRAM data: 2091000
04-25 14:55:51.320 31964 31983 V BatteryExternalStatsWorker: WiFi energy data was reset, new WiFi energy data is WifiActivityEnergyInfo{ timestamp=2006548471 mStackState=3 mControllerTxTimeMs=0 mControllerTxTimePerLevelMs=[0, 0, 0, 0, 0, 0, 0, 0, 0, 0, 0, 0, 0, 0, 0, 0, 0, 0, 0, 0, 0, 0, 0, 0, 0, 0, 0, 0, 0, 0, 0, 0, 0, 0, 0, 0, 0, 0, 0, 0, 0, 0, 0, 0, 0, 0, 0, 0, 0, 0, 0, 0, 0, 0, 0, 0, 0, 0, 0, 0, 0, 0, 0, 0, 0, 0, 0, 0, 0, 26, 115, 235, 0, 0, 473, 91, 0, 0, 0, 0, 0, 12922, 0, 0, 0, 0, 0, 0, 0, 0, 0, 0, 0, 0, 0, 0, 0, 0, 0, 0, 0, 0, 0, 0, 0, 0, 0, 0, 0, 0, 0, 0, 0, 0, 0, 0, 0, 0, 0, 0, 0, 0, 0, 0, 0, 0, 0, 0, 0, 0, 0, 0, 0, 0, 0, 0, 0, 0, 0, 0, 0, 0, 0, 0, 0, 0, 0, 0, 0, 0, 0, 0, 0, 0, 0, 0, 0, 0, 0, 0, 0, 0, 0, 0, 0, 0, 0, 563, 0, 0, 0, 0, 0, 0, 0, 0, 0, 0, 0, 0] mControllerRxTimeMs=0 mControllerScanTimeMs=0 mControllerIdleTimeMs=0 mControllerEnergyUsed=0 }
04-25 14:55:52.181   651   651 I /vendor/bin/hw/android.hardware.health@2.0-service.marlin: SRAM data: 2091000
04-25 15:04:22.269 32028 32030 I nanohub : osLog: [AR_CHRE] IDLE => ON
04-25 15:04:22.270 32028 32030 I nanohub : osLog: [AR_CHRE] still: 83
04-25 15:04:22.270 32028 32030 I nanohub : osLog: [AR_CHRE] ON => IDLE
04-25 15:04:22.270 32028 32030 I nanohub : osLog: [AR_CHRE] IDLE => ON
04-25 15:04:22.270 32028 32030 I nanohub : osLog: [AR_CHRE] still: 98
04-25 15:04:22.270 32028 32030 I nanohub : osLog: [AR_CHRE] ON => IDLE
04-25 15:04:22.286   651   651 I /vendor/bin/hw/android.hardware.health@2.0-service.marlin: SRAM data: 2091000
04-25 15:04:22.291   651   651 I /vendor/bin/hw/android.hardware.health@2.0-service.marlin: SRAM data: 2091000
04-25 15:04:23.379 31964 31983 V BatteryExternalStatsWorker: WiFi energy data was reset, new WiFi energy data is WifiActivityEnergyInfo{ timestamp=2007060508 mStackState=3 mControllerTxTimeMs=0 mControllerTxTimePerLevelMs=[0, 0, 0, 0, 0, 0, 0, 0, 0, 0, 0, 0, 0, 0, 0, 0, 0, 0, 0, 0, 0, 0, 0, 0, 0, 0, 0, 0, 0, 0, 0, 0, 0, 0, 0, 0, 0, 0, 0, 0, 0, 0, 0, 0, 0, 0, 0, 0, 0, 0, 0, 0, 0, 0, 0, 0, 0, 0, 0, 0, 0, 0, 0, 0, 0, 0, 0, 0, 0, 26, 116, 235, 0, 0, 473, 91, 0, 0, 0, 0, 0, 12928, 0, 0, 0, 0, 0, 0, 0, 0, 0, 0, 0, 0, 0, 0, 0, 0, 0, 0, 0, 0, 0, 0, 0, 0, 0, 0, 0, 0, 0, 0, 0, 0, 0, 0, 0, 0, 0, 0, 0, 0, 0, 0, 0, 0, 0, 0, 0, 0, 0, 0, 0, 0, 0, 0, 0, 0, 0, 0, 0, 0, 0, 0, 0, 0, 0, 0, 0, 0, 0, 0, 0, 0, 0, 0, 0, 0, 0, 0, 0, 0, 0, 0, 0, 0, 0, 563, 0, 0, 0, 0, 0, 0, 0, 0, 0, 0, 0, 0] mControllerRxTimeMs=0 mControllerScanTimeMs=0 mControllerIdleTimeMs=0 mControllerEnergyUsed=0 }
04-25 15:04:27.464 31901 31917 I Netd    : Destroyed 2 sockets for UidRanges{ 10000-2147483647 } skip={1001 1027 1068 2000 10019 10024 10026 10034 10069 10070} in 4.7 ms
04-25 15:04:31.274   651   651 I /vendor/bin/hw/android.hardware.health@2.0-service.marlin: SRAM data: 2091000
04-25 15:04:31.287   651   651 I /vendor/bin/hw/android.hardware.health@2.0-service.marlin: SRAM data: 2091000
04-25 15:04:31.288 31964 32348 D DhcpClient: Unicasting DHCPREQUEST ciaddr=192.168.31.79 request=0.0.0.0 serverid=null to /192.168.31.1:67
04-25 15:04:31.301 31964  1517 D DhcpClient: Received packet: a8:a0:73:10:01:20 ACK: your new IP /192.168.31.79, netmask /255.255.255.0, gateways [/192.168.31.1] DNS servers: /192.168.31.1 , lease time 43200
04-25 15:04:31.302 31964 32348 D DhcpClient: Renewed lease: IP address 192.168.31.79/24 Gateway 192.168.31.1  DNS servers: [ 192.168.31.1 ] Domains  DHCP server /192.168.31.1 Vendor info miwifi-R3L-2.14.45 lease 43200 seconds
04-25 15:04:31.305 31964 32348 D DhcpClient: Scheduling renewal in 21599s
04-25 15:04:31.305 31964 32348 D DhcpClient: Scheduling rebind in 37799s
04-25 15:04:31.305 31964 32348 D DhcpClient: Scheduling expiry in 43199s
04-25 15:04:31.314 31964 32393 D ConnectivityService: Returning BLOCKED NetworkInfo to uid=10074
04-25 15:04:31.325 31964 32393 D ConnectivityService: Returning BLOCKED NetworkInfo to uid=10073
04-25 15:04:31.557   651   651 I /vendor/bin/hw/android.hardware.health@2.0-service.marlin: SRAM data: 2091000
04-25 15:04:31.931   651   651 I chatty  : uid=1000(system) health@2.0-serv identical 11 lines
04-25 15:04:31.946   651   651 I /vendor/bin/hw/android.hardware.health@2.0-service.marlin: SRAM data: 2091000
04-25 15:05:50.335   651   651 I /vendor/bin/hw/android.hardware.health@2.0-service.marlin: SRAM data: 2091000
04-25 15:05:50.369   651   651 I /vendor/bin/hw/android.hardware.health@2.0-service.marlin: SRAM data: 2091000
04-25 15:05:50.406 31964 31983 V BatteryExternalStatsWorker: WiFi energy data was reset, new WiFi energy data is WifiActivityEnergyInfo{ timestamp=2007147546 mStackState=3 mControllerTxTimeMs=0 mControllerTxTimePerLevelMs=[0, 0, 0, 0, 0, 0, 0, 0, 0, 0, 0, 0, 0, 0, 0, 0, 0, 0, 0, 0, 0, 0, 0, 0, 0, 0, 0, 0, 0, 0, 0, 0, 0, 0, 0, 0, 0, 0, 0, 0, 0, 0, 0, 0, 0, 0, 0, 0, 0, 0, 0, 0, 0, 0, 0, 0, 0, 0, 0, 0, 0, 0, 0, 0, 0, 0, 0, 0, 0, 26, 116, 235, 0, 0, 473, 91, 0, 0, 0, 0, 0, 12935, 0, 0, 0, 0, 0, 0, 0, 0, 0, 0, 0, 0, 0, 0, 0, 0, 0, 0, 0, 0, 0, 0, 0, 0, 0, 0, 0, 0, 0, 0, 0, 0, 0, 0, 0, 0, 0, 0, 0, 0, 0, 0, 0, 0, 0, 0, 0, 0, 0, 0, 0, 0, 0, 0, 0, 0, 0, 0, 0, 0, 0, 0, 0, 0, 0, 0, 0, 0, 0, 0, 0, 0, 0, 0, 0, 0, 0, 0, 0, 0, 0, 0, 0, 0, 0, 563, 0, 0, 0, 0, 0, 0, 0, 0, 0, 0, 0, 0] mControllerRxTimeMs=0 mControllerScanTimeMs=0 mControllerIdleTimeMs=0 mControllerEnergyUsed=0 }
04-25 15:15:51.321   651   651 I /vendor/bin/hw/android.hardware.health@2.0-service.marlin: SRAM data: 2091000
04-25 15:15:51.328 32028 32030 I nanohub : osLog: [AR_CHRE] IDLE => ON
04-25 15:15:51.329 32028 32030 I nanohub : osLog: [AR_CHRE] still: 88
04-25 15:15:51.329 32028 32030 I nanohub : osLog: [AR_CHRE] ON => IDLE
04-25 15:15:51.349   651   651 I /vendor/bin/hw/android.hardware.health@2.0-service.marlin: SRAM data: 2091000
04-25 15:15:51.364   651   651 I /vendor/bin/hw/android.hardware.health@2.0-service.marlin: SRAM data: 2091000
04-25 15:15:51.472 31964 31983 V BatteryExternalStatsWorker: WiFi energy data was reset, new WiFi energy data is WifiActivityEnergyInfo{ timestamp=2007748623 mStackState=3 mControllerTxTimeMs=0 mControllerTxTimePerLevelMs=[0, 0, 0, 0, 0, 0, 0, 0, 0, 0, 0, 0, 0, 0, 0, 0, 0, 0, 0, 0, 0, 0, 0, 0, 0, 0, 0, 0, 0, 0, 0, 0, 0, 0, 0, 0, 0, 0, 0, 0, 0, 0, 0, 0, 0, 0, 0, 0, 0, 0, 0, 0, 0, 0, 0, 0, 0, 0, 0, 0, 0, 0, 0, 0, 0, 0, 0, 0, 0, 26, 117, 235, 0, 0, 473, 91, 0, 0, 0, 0, 0, 12939, 0, 0, 0, 0, 0, 0, 0, 0, 0, 0, 0, 0, 0, 0, 0, 0, 0, 0, 0, 0, 0, 0, 0, 0, 0, 0, 0, 0, 0, 0, 0, 0, 0, 0, 0, 0, 0, 0, 0, 0, 0, 0, 0, 0, 0, 0, 0, 0, 0, 0, 0, 0, 0, 0, 0, 0, 0, 0, 0, 0, 0, 0, 0, 0, 0, 0, 0, 0, 0, 0, 0, 0, 0, 0, 0, 0, 0, 0, 0, 0, 0, 0, 0, 0, 0, 563, 0, 0, 0, 0, 0, 0, 0, 0, 0, 0, 0, 0] mControllerRxTimeMs=0 mControllerScanTimeMs=0 mControllerIdleTimeMs=0 mControllerEnergyUsed=0 }
04-25 15:19:28.277   651   651 I /vendor/bin/hw/android.hardware.health@2.0-service.marlin: SRAM data: 2091000
04-25 15:19:28.281 31964 32050 W BestClock: java.time.DateTimeException: Missing NTP fix
04-25 15:19:28.291   651   651 I /vendor/bin/hw/android.hardware.health@2.0-service.marlin: SRAM data: 2091000
04-25 15:19:28.299 31964 32050 W BestClock: java.time.DateTimeException: Missing NTP fix
04-25 15:19:28.303 31964 32051 W BestClock: java.time.DateTimeException: Missing NTP fix
04-25 15:19:28.328 31964 31983 V BatteryExternalStatsWorker: WiFi energy data was reset, new WiFi energy data is WifiActivityEnergyInfo{ timestamp=2007965482 mStackState=3 mControllerTxTimeMs=0 mControllerTxTimePerLevelMs=[0, 0, 0, 0, 0, 0, 0, 0, 0, 0, 0, 0, 0, 0, 0, 0, 0, 0, 0, 0, 0, 0, 0, 0, 0, 0, 0, 0, 0, 0, 0, 0, 0, 0, 0, 0, 0, 0, 0, 0, 0, 0, 0, 0, 0, 0, 0, 0, 0, 0, 0, 0, 0, 0, 0, 0, 0, 0, 0, 0, 0, 0, 0, 0, 0, 0, 0, 0, 0, 26, 118, 235, 0, 0, 474, 91, 0, 0, 0, 0, 0, 12948, 0, 0, 0, 0, 0, 0, 0, 0, 0, 0, 0, 0, 0, 0, 0, 0, 0, 0, 0, 0, 0, 0, 0, 0, 0, 0, 0, 0, 0, 0, 0, 0, 0, 0, 0, 0, 0, 0, 0, 0, 0, 0, 0, 0, 0, 0, 0, 0, 0, 0, 0, 0, 0, 0, 0, 0, 0, 0, 0, 0, 0, 0, 0, 0, 0, 0, 0, 0, 0, 0, 0, 0, 0, 0, 0, 0, 0, 0, 0, 0, 0, 0, 0, 0, 0, 563, 0, 0, 0, 0, 0, 0, 0, 0, 0, 0, 0, 0] mControllerRxTimeMs=0 mControllerScanTimeMs=0 mControllerIdleTimeMs=0 mControllerEnergyUsed=0 }
04-25 15:19:28.355 31964 31974 I system_server: Background concurrent copying GC freed 159946(5MB) AllocSpace objects, 39(1052KB) LOS objects, 42% free, 9MB/15MB, paused 409us total 364.366ms
04-25 15:19:29.262 31964 31983 V BatteryExternalStatsWorker: WiFi energy data was reset, new WiFi energy data is WifiActivityEnergyInfo{ timestamp=2007966391 mStackState=3 mControllerTxTimeMs=0 mControllerTxTimePerLevelMs=[0, 0, 0, 0, 0, 0, 0, 0, 0, 0, 0, 0, 0, 0, 0, 0, 0, 0, 0, 0, 0, 0, 0, 0, 0, 0, 0, 0, 0, 0, 0, 0, 0, 0, 0, 0, 0, 0, 0, 0, 0, 0, 0, 0, 0, 0, 0, 0, 0, 0, 0, 0, 0, 0, 0, 0, 0, 0, 0, 0, 0, 0, 0, 0, 0, 0, 0, 0, 0, 26, 118, 235, 0, 0, 474, 91, 0, 0, 0, 0, 0, 12951, 0, 0, 0, 0, 0, 0, 0, 0, 0, 0, 0, 0, 0, 0, 0, 0, 0, 0, 0, 0, 0, 0, 0, 0, 0, 0, 0, 0, 0, 0, 0, 0, 0, 0, 0, 0, 0, 0, 0, 0, 0, 0, 0, 0, 0, 0, 0, 0, 0, 0, 0, 0, 0, 0, 0, 0, 0, 0, 0, 0, 0, 0, 0, 0, 0, 0, 0, 0, 0, 0, 0, 0, 0, 0, 0, 0, 0, 0, 0, 0, 0, 0, 0, 0, 0, 563, 0, 0, 0, 0, 0, 0, 0, 0, 0, 0, 0, 0] mControllerRxTimeMs=0 mControllerScanTimeMs=0 mControllerIdleTimeMs=0 mControllerEnergyUsed=0 }
04-25 15:19:33.489 31901 31917 I Netd    : Destroyed 2 sockets for UidRanges{ 10000-2147483647 } skip={1001 1027 1068 2000 10019 10024 10026 10034 10069 10070} in 16.4 ms
04-25 15:19:33.843   651   651 I /vendor/bin/hw/android.hardware.health@2.0-service.marlin: SRAM data: 2091000
04-25 15:19:33.845   651   651 I /vendor/bin/hw/android.hardware.health@2.0-service.marlin: SRAM data: 2091000
04-25 15:25:50.355   651   651 I /vendor/bin/hw/android.hardware.health@2.0-service.marlin: SRAM data: 2091000
04-25 15:25:50.391   651   651 I /vendor/bin/hw/android.hardware.health@2.0-service.marlin: SRAM data: 2091000
