04-25 17:53:35.448 31900  1136 D NuPlayerDriver: NuPlayerDriver(0xc7c1e280) created, clientPid(6421)
04-25 17:53:35.455 31900  6629 D GenericSource: FileSource remote
04-25 17:53:35.458 31900  6629 E GenericSource: initFromDataSource, cannot create extractor!
04-25 17:53:35.458 31900  6629 E GenericSource: Failed to init from data source!
04-25 17:53:35.458 31900  6628 D NuPlayerDriver: notifyListener_l(0xc7c1e280), (100, 1, -2147483648, -1), loop setting(0, 0)
04-25 17:53:35.459  6421  6433 I chatty  : uid=10073(com.android.mediacenter) expire 1 line
04-25 17:53:35.504  6421  6451 I chatty  : uid=10073(com.android.mediacenter) expire 2 lines
04-25 17:53:35.505  6421  6486 I chatty  : uid=10073(com.android.mediacenter) expire 2 lines
04-25 17:53:35.543  6421  6441 I chatty  : uid=10073(com.android.mediacenter) expire 6 lines
04-25 17:53:35.656 31964 32557 W NotificationService: Toast already killed. pkg=com.android.mediacenter callback=android.app.ITransientNotification$Stub$Proxy@77f4098
04-25 17:53:35.657  6421  6630 I chatty  : uid=10073(com.android.mediacenter) expire 1 line
04-25 17:53:35.657  6421  6443 I chatty  : uid=10073(com.android.mediacenter) expire 6 lines
04-25 17:53:35.683  6421  6475 I chatty  : uid=10073(com.android.mediacenter) expire 1 line
04-25 17:53:35.684 31964 32557 I NotificationService: cancelToast pkg=com.android.mediacenter callback=android.app.ITransientNotification$Stub$Proxy@46d00f1
04-25 17:53:35.685 31964 32557 W NotificationService: Toast already cancelled. pkg=com.android.mediacenter callback=android.app.ITransientNotification$Stub$Proxy@46d00f1
04-25 17:53:35.734  6421  6631 I chatty  : uid=10073(com.android.mediacenter) expire 1 line
04-25 17:53:35.795   657   657 D QCOM PowerHAL: LAUNCH HINT: OFF
04-25 17:53:35.805  6421  6421 I chatty  : uid=10073(com.android.mediacenter) expire 65 lines
04-25 17:53:35.807  6421  6451 I chatty  : uid=10073(com.android.mediacenter) expire 1 line
04-25 17:53:35.807  6421  6452 I chatty  : uid=10073(com.android.mediacenter) expire 1 line
04-25 17:53:35.813   497   543 D SurfaceFlinger: duplicate layer name: changing Toast to Toast#1
04-25 17:53:36.080   497   543 W SurfaceFlinger: Attempting to destroy on removed layer: 99de790 Toast#0
04-25 17:53:36.326   497  1220 W SurfaceFlinger: Attempting to set client state on removed layer: Splash Screen com.android.mediacenter#0
04-25 17:53:36.326   497  1220 W SurfaceFlinger: Attempting to destroy on removed layer: Splash Screen com.android.mediacenter#0
04-25 17:53:36.380 31964  1845 I OpenGLRenderer: Initialized EGL, version 1.4
04-25 17:53:36.380 31964  1845 D OpenGLRenderer: Swap behavior 1
04-25 17:53:37.094 31964 31987 W WindowManager: Unable to start animation, surface is null or no children.
04-25 17:53:37.676 31964  6219 W NotificationService: Toast already killed. pkg=com.android.mediacenter callback=android.app.ITransientNotification$Stub$Proxy@3c025b
04-25 17:53:38.180   497   543 W SurfaceFlinger: Attempting to destroy on removed layer: 1a47357 Toast#0
04-25 17:53:39.189 31964 31987 W WindowManager: Unable to start animation, surface is null or no children.
04-25 17:53:39.810 31964 31964 V SettingsProvider: Notifying for 0: content://settings/system/screen_brightness
04-25 17:53:42.634 31964 31964 W WindowManager: removeWindowToken: Attempted to remove non-existing token: android.os.Binder@55f4bc6
04-25 17:53:43.809 31964 31964 V SettingsProvider: Notifying for 0: content://settings/system/screen_brightness
04-25 17:53:46.554 31964 31964 W WindowManager: removeWindowToken: Attempted to remove non-existing token: android.os.Binder@87931b7
04-25 17:53:48.652 31964 31964 W WindowManager: removeWindowToken: Attempted to remove non-existing token: android.os.Binder@156b275
04-25 17:53:52.176 31964 31964 V SettingsProvider: Notifying for 0: content://settings/system/screen_brightness
04-25 17:53:55.656   651   651 I /vendor/bin/hw/android.hardware.health@2.0-service.marlin: SRAM data: 2091000
04-25 17:54:00.390  6247  6247 W Handler01: type=1400 audit(0.0:1261): avc: denied { read } for name="u:object_r:serialno_prop:s0" dev="tmpfs" ino=14532 scontext=u:r:untrusted_app_27:s0:c512,c768 tcontext=u:object_r:serialno_prop:s0 tclass=file permissive=0
04-25 17:54:00.394  6226  6247 E libc    : Access denied finding property "ro.serialno"
04-25 17:54:03.427 31964  6219 I ActivityManager: START u0 {act=android.intent.action.VIEW dat=content://com.estrongs.files/storage/emulated/0/Music/ape/01.ape typ=audio/x-ape flg=0x4000003 cmp=com.android.mediacenter/.ui.player.oneshot.MediaPlaybackActivityStarter (has extras)} from uid 10074
04-25 17:54:03.429   657   657 D QCOM PowerHAL: LAUNCH HINT: ON
04-25 17:54:03.432   657   657 D QCOM PowerHAL: Activity launch hint handled
04-25 17:54:03.445  6421  6421 I chatty  : uid=10073(com.android.mediacenter) expire 103 lines
04-25 17:54:03.523  6421  6472 I chatty  : uid=10073(com.android.mediacenter) expire 88 lines
04-25 17:54:03.527 31964  6219 I ActivityManager: START u0 {flg=0x10020000 cmp=com.android.mediacenter/.ui.player.MediaPlayBackActivity (has extras)} from uid 10073
04-25 17:54:03.527 31964  6219 W ActivityManager: Activity is launching as a new task, so cancelling activity result.
04-25 17:54:03.534   657   657 D QCOM PowerHAL: LAUNCH HINT: ON
04-25 17:54:03.570 32545  5608 W droid.launcher: resources.arsc in APK '/data/app/com.estrongs.android.pop-V3EW63qJpeCRINkGufKBQw==/base.apk' is compressed.
04-25 17:54:03.701 31900  1137 D NuPlayerDriver: reset(0xc7c1e280) at state 2
04-25 17:54:03.704 31900  1137 D NuPlayerDriver: notifyListener_l(0xc7c1e280), (8, 0, 0, -1), loop setting(0, 0)
04-25 17:54:03.704 31900  6628 D NuPlayerDriver: notifyResetComplete(0xc7c1e280)
04-25 17:54:03.704 31900  1137 D NuPlayerDriver: reset(0xc7c1e280) at state 0
04-25 17:54:03.714 31900  1136 D NuPlayerDriver: NuPlayerDriver(0xc7c1df80) created, clientPid(6421)
04-25 17:54:03.725 31900  6643 D GenericSource: FileSource remote
04-25 17:54:03.729 31900  6643 E GenericSource: initFromDataSource, cannot create extractor!
04-25 17:54:03.729 31900  6643 E GenericSource: Failed to init from data source!
04-25 17:54:03.729 31900  6642 D NuPlayerDriver: notifyListener_l(0xc7c1df80), (100, 1, -2147483648, -1), loop setting(0, 0)
04-25 17:54:03.730  6421  6623 I chatty  : uid=10073(com.android.mediacenter) expire 1 line
04-25 17:54:03.773  6421  6472 I chatty  : uid=10073(com.android.mediacenter) expire 2 lines
04-25 17:54:03.773  6421  6475 I chatty  : uid=10073(com.android.mediacenter) expire 3 lines
04-25 17:54:03.773  6421  6421 I chatty  : uid=10073(com.android.mediacenter) expire 233 lines
04-25 17:54:03.822  6421  6482 I chatty  : uid=10073(com.android.mediacenter) expire 2 lines
04-25 17:54:03.862  6421  6441 I chatty  : uid=10073(com.android.mediacenter) expire 6 lines
04-25 17:54:03.951  6421  6443 I chatty  : uid=10073(com.android.mediacenter) expire 6 lines
04-25 17:54:03.952  6421  6644 I chatty  : uid=10073(com.android.mediacenter) expire 1 line
04-25 17:54:03.974  6421  6452 I chatty  : uid=10073(com.android.mediacenter) expire 1 line
04-25 17:54:03.979 31964 32452 I NotificationService: cancelToast pkg=com.android.mediacenter callback=android.app.ITransientNotification$Stub$Proxy@9be14ff
04-25 17:54:03.979 31964 32452 W NotificationService: Toast already cancelled. pkg=com.android.mediacenter callback=android.app.ITransientNotification$Stub$Proxy@9be14ff
04-25 17:54:04.047  6421  6453 I chatty  : uid=10073(com.android.mediacenter) expire 1 line
04-25 17:54:04.058  6421  6645 I chatty  : uid=10073(com.android.mediacenter) expire 1 line
04-25 17:54:04.078 31964 31987 I ActivityManager: Displayed com.android.mediacenter/.ui.player.MediaPlayBackActivity: +503ms (total +30s982ms)
04-25 17:54:04.101   657   657 D QCOM PowerHAL: LAUNCH HINT: OFF
04-25 17:54:04.254   497   535 W SurfaceFlinger: Attempting to set client state on removed layer: Splash Screen com.android.mediacenter#0
04-25 17:54:04.254   497   535 W SurfaceFlinger: Attempting to destroy on removed layer: Splash Screen com.android.mediacenter#0
04-25 17:54:06.002 31964 32452 W NotificationService: Toast already killed. pkg=com.android.mediacenter callback=android.app.ITransientNotification$Stub$Proxy@169fedf
04-25 17:54:06.875   665   665 E VibratorService: Setting amplitude  to: 1856
04-25 17:54:07.021 31964 31985 D AutofillManagerService: Close system dialogs
04-25 17:54:07.024 31964 32090 I ActivityManager: START u0 {act=android.intent.action.MAIN cat=[android.intent.category.HOME] flg=0x10000000 cmp=com.android.launcher3/.Launcher (has extras)} from uid 10024
04-25 17:54:07.027   657   657 D QCOM PowerHAL: LAUNCH HINT: ON
04-25 17:54:07.028   657   657 D QCOM PowerHAL: Activity launch hint handled
04-25 17:54:07.032 32137 32137 I vol.Events: writeEvent dismiss_dialog volume_controller
04-25 17:54:07.033 32137 32137 V StatusBar: mStatusBarWindow: com.android.systemui.statusbar.phone.StatusBarWindowView{1cc6646 V.ED..... ........ 0,0-1080,63} canPanelBeCollapsed(): false
04-25 17:54:07.099 31964  1845 I OpenGLRenderer: Initialized EGL, version 1.4
04-25 17:54:07.099 31964  1845 D OpenGLRenderer: Swap behavior 1
04-25 17:54:07.113   657   657 D QCOM PowerHAL: LAUNCH HINT: OFF
04-25 17:54:07.300 32137 32161 I ndroid.systemu: NativeAlloc concurrent copying GC freed 2740(223KB) AllocSpace objects, 0(0B) LOS objects, 50% free, 4MB/8MB, paused 557us total 147.682ms
04-25 17:54:07.336 31964 31974 I system_server: NativeAlloc concurrent copying GC freed 54171(2MB) AllocSpace objects, 24(928KB) LOS objects, 42% free, 9MB/16MB, paused 196us total 216.533ms
04-25 17:54:07.392   497  1220 W SurfaceFlinger: Attempting to set client state on removed layer: com.android.mediacenter/com.android.mediacenter.ui.player.MediaPlayBackActivity#0
04-25 17:54:07.392   497  1220 W SurfaceFlinger: Attempting to destroy on removed layer: com.android.mediacenter/com.android.mediacenter.ui.player.MediaPlayBackActivity#0
04-25 17:54:07.395   497   543 W SurfaceFlinger: Attempting to set client state on removed layer: com.android.mediacenter/com.android.mediacenter.ui.player.MediaPlayBackActivity#0
04-25 17:54:07.396   497   543 W SurfaceFlinger: Attempting to destroy on removed layer: com.android.mediacenter/com.android.mediacenter.ui.player.MediaPlayBackActivity#0
04-25 17:54:07.398   497  1220 W SurfaceFlinger: Attempting to set client state on removed layer: Surface(name=AppWindowToken{d4122e7 token=Token{d2378a6 ActivityRecord{f2ca201 u0 com.android.launcher3/.Launcher t71}}})/@0x466886e - animation-leash#0
04-25 17:54:07.398   497  1220 W SurfaceFlinger: Attempting to set client state on removed layer: Surface(name=AppWindowToken{2270228 token=Token{3be384b ActivityRecord{c63b51a u0 com.android.mediacenter/.ui.player.MediaPlayBackActivity t95}}})/@0xf19a9fb - animation-leash#0
04-25 17:54:07.398   497  1220 W SurfaceFlinger: Attempting to destroy on removed layer: Surface(name=AppWindowToken{d4122e7 token=Token{d2378a6 ActivityRecord{f2ca201 u0 com.android.launcher3/.Launcher t71}}})/@0x466886e - animation-leash#0
04-25 17:54:07.398   497  1220 W SurfaceFlinger: Attempting to destroy on removed layer: Surface(name=AppWindowToken{2270228 token=Token{3be384b ActivityRecord{c63b51a u0 com.android.mediacenter/.ui.player.MediaPlayBackActivity t95}}})/@0xf19a9fb - animation-leash#0
04-25 17:54:08.309   657   657 D QCOM PowerHAL: LAUNCH HINT: ON
04-25 17:54:08.311   657   657 D QCOM PowerHAL: Activity launch hint handled
04-25 17:54:08.392   657   657 D QCOM PowerHAL: LAUNCH HINT: OFF
04-25 17:54:09.452 31964 32557 I ActivityManager: START u0 {act=android.intent.action.VIEW dat=content://com.estrongs.files/storage/emulated/0/Music/ape/02.ape typ=audio/x-ape flg=0x4000003 cmp=com.android.mediacenter/.ui.player.oneshot.MediaPlaybackActivityStarter (has extras)} from uid 10074
04-25 17:54:09.455   657   657 D QCOM PowerHAL: LAUNCH HINT: ON
04-25 17:54:09.457   657   657 D QCOM PowerHAL: Activity launch hint handled
04-25 17:54:09.471  6421  6421 I chatty  : uid=10073(com.android.mediacenter) expire 192 lines
04-25 17:54:09.535  6421  6472 I chatty  : uid=10073(com.android.mediacenter) expire 64 lines
04-25 17:54:09.536 31964 32557 I ActivityManager: START u0 {flg=0x10020000 cmp=com.android.mediacenter/.ui.player.MediaPlayBackActivity (has extras)} from uid 10073
04-25 17:54:09.537 31964 32557 W ActivityManager: Activity is launching as a new task, so cancelling activity result.
04-25 17:54:09.691 32545  5608 W droid.launcher: resources.arsc in APK '/data/app/com.estrongs.android.pop-V3EW63qJpeCRINkGufKBQw==/base.apk' is compressed.
04-25 17:54:09.704 31900  1137 D NuPlayerDriver: reset(0xc7c1df80) at state 2
04-25 17:54:09.707 31900  1137 D NuPlayerDriver: notifyListener_l(0xc7c1df80), (8, 0, 0, -1), loop setting(0, 0)
04-25 17:54:09.707 31900  6642 D NuPlayerDriver: notifyResetComplete(0xc7c1df80)
04-25 17:54:09.708 31900  1136 D NuPlayerDriver: reset(0xc7c1df80) at state 0
04-25 17:54:09.716  6421  6486 I chatty  : uid=10073(com.android.mediacenter) expire 2 lines
04-25 17:54:09.718 31900  1137 D NuPlayerDriver: NuPlayerDriver(0xc7c17f80) created, clientPid(6421)
04-25 17:54:09.740 31900  6664 D GenericSource: FileSource remote
04-25 17:54:09.744 31900  6664 E GenericSource: initFromDataSource, cannot create extractor!
04-25 17:54:09.744 31900  6664 E GenericSource: Failed to init from data source!
04-25 17:54:09.745 31900  6663 D NuPlayerDriver: notifyListener_l(0xc7c17f80), (100, 1, -2147483648, -1), loop setting(0, 0)
04-25 17:54:09.745  6421  6654 I chatty  : uid=10073(com.android.mediacenter) expire 1 line
04-25 17:54:09.767  6421  6421 I chatty  : uid=10073(com.android.mediacenter) expire 201 lines
04-25 17:54:09.769  6421  6472 I chatty  : uid=10073(com.android.mediacenter) expire 26 lines
04-25 17:54:09.778  6421  6441 I chatty  : uid=10073(com.android.mediacenter) expire 6 lines
04-25 17:54:09.796  6421  6475 I chatty  : uid=10073(com.android.mediacenter) expire 4 lines
04-25 17:54:09.858  6421  6665 I chatty  : uid=10073(com.android.mediacenter) expire 3 lines
04-25 17:54:09.917  6421  6482 I chatty  : uid=10073(com.android.mediacenter) expire 2 lines
04-25 17:54:09.928  6421  6486 I chatty  : uid=10073(com.android.mediacenter) expire 2 lines
04-25 17:54:09.929  6421  6443 I chatty  : uid=10073(com.android.mediacenter) expire 6 lines
04-25 17:54:09.954  6421  6452 I chatty  : uid=10073(com.android.mediacenter) expire 3 lines
04-25 17:54:09.963  6421  6666 I chatty  : uid=10073(com.android.mediacenter) expire 1 line
04-25 17:54:09.965  6421  6451 I chatty  : uid=10073(com.android.mediacenter) expire 1 line
04-25 17:54:09.965  6421  6453 I chatty  : uid=10073(com.android.mediacenter) expire 1 line
04-25 17:54:09.965 31964 32090 I NotificationService: cancelToast pkg=com.android.mediacenter callback=android.app.ITransientNotification$Stub$Proxy@33a3025
04-25 17:54:09.965 31964 32090 W NotificationService: Toast already cancelled. pkg=com.android.mediacenter callback=android.app.ITransientNotification$Stub$Proxy@33a3025
04-25 17:54:10.068   657   657 D QCOM PowerHAL: LAUNCH HINT: OFF
04-25 17:54:10.140   497  1942 W SurfaceFlinger: Attempting to set client state on removed layer: SnapshotStartingWindow for taskId=95#0
04-25 17:54:10.140   497  1942 W SurfaceFlinger: Attempting to destroy on removed layer: SnapshotStartingWindow for taskId=95#0
04-25 17:54:10.657  6421  6421 I chatty  : uid=10073(com.android.mediacenter) expire 30 lines
04-25 17:54:10.863 31964 31974 I system_server: NativeAlloc concurrent copying GC freed 79051(2MB) AllocSpace objects, 3(60KB) LOS objects, 42% free, 8MB/15MB, paused 125us total 130.935ms
04-25 17:54:11.962 31964 32090 W NotificationService: Toast already killed. pkg=com.android.mediacenter callback=android.app.ITransientNotification$Stub$Proxy@cdb636f
04-25 17:54:13.471 31964 31987 W WindowManager: Unable to start animation, surface is null or no children.
04-25 17:54:16.998 31964 31964 W WindowManager: removeWindowToken: Attempted to remove non-existing token: android.os.Binder@4cd8ca0
04-25 17:54:22.961 31964 31964 W WindowManager: removeWindowToken: Attempted to remove non-existing token: android.os.Binder@c8538ee
04-25 17:54:23.072 31964 31964 V SettingsProvider: Notifying for 0: content://settings/system/screen_brightness
04-25 17:54:26.759 31964 32557 I ActivityManager: START u0 {act=android.intent.action.VIEW dat=content://com.estrongs.files/storage/emulated/0/Music/ape/02.ape typ=audio/x-ape flg=0x4000003 cmp=com.android.mediacenter/.ui.player.oneshot.MediaPlaybackActivityStarter (has extras)} from uid 10074
04-25 17:54:26.764   657   657 D QCOM PowerHAL: LAUNCH HINT: ON
04-25 17:54:26.765   657   657 D QCOM PowerHAL: Activity launch hint handled
04-25 17:54:26.781  6421  6421 I chatty  : uid=10073(com.android.mediacenter) expire 143 lines
04-25 17:54:26.853  6421  6472 I chatty  : uid=10073(com.android.mediacenter) expire 87 lines
04-25 17:54:26.855 31964 32090 I ActivityManager: START u0 {flg=0x10020000 cmp=com.android.mediacenter/.ui.player.MediaPlayBackActivity (has extras)} from uid 10073
04-25 17:54:26.855 31964 32090 W ActivityManager: Activity is launching as a new task, so cancelling activity result.
04-25 17:54:26.865   657   657 D QCOM PowerHAL: LAUNCH HINT: ON
04-25 17:54:27.016 32545  5608 W droid.launcher: resources.arsc in APK '/data/app/com.estrongs.android.pop-V3EW63qJpeCRINkGufKBQw==/base.apk' is compressed.
04-25 17:54:27.028 31900  1137 D NuPlayerDriver: reset(0xc7c17f80) at state 2
04-25 17:54:27.030 31900  1137 D NuPlayerDriver: notifyListener_l(0xc7c17f80), (8, 0, 0, -1), loop setting(0, 0)
04-25 17:54:27.031 31900  6663 D NuPlayerDriver: notifyResetComplete(0xc7c17f80)
04-25 17:54:27.031 31900  1137 D NuPlayerDriver: reset(0xc7c17f80) at state 0
04-25 17:54:27.041 31900  1137 D NuPlayerDriver: NuPlayerDriver(0xc7c17b00) created, clientPid(6421)
04-25 17:54:27.063 31900  6678 D GenericSource: FileSource remote
04-25 17:54:27.066 31900  6678 E GenericSource: initFromDataSource, cannot create extractor!
04-25 17:54:27.066 31900  6678 E GenericSource: Failed to init from data source!
04-25 17:54:27.067 31900  6677 D NuPlayerDriver: notifyListener_l(0xc7c17b00), (100, 1, -2147483648, -1), loop setting(0, 0)
04-25 17:54:27.067  6421  6608 I chatty  : uid=10073(com.android.mediacenter) expire 1 line
04-25 17:54:27.117  6421  6472 I chatty  : uid=10073(com.android.mediacenter) expire 10 lines
04-25 17:54:27.117  6421  6421 I chatty  : uid=10073(com.android.mediacenter) expire 225 lines
04-25 17:54:27.120  6421  6451 I chatty  : uid=10073(com.android.mediacenter) expire 2 lines
04-25 17:54:27.152  6421  6482 I chatty  : uid=10073(com.android.mediacenter) expire 2 lines
04-25 17:54:27.196  6421  6441 I chatty  : uid=10073(com.android.mediacenter) expire 6 lines
04-25 17:54:27.291  6421  6443 I chatty  : uid=10073(com.android.mediacenter) expire 6 lines
04-25 17:54:27.293  6421  6679 I chatty  : uid=10073(com.android.mediacenter) expire 1 line
04-25 17:54:27.323  6421  6452 I chatty  : uid=10073(com.android.mediacenter) expire 1 line
04-25 17:54:27.324 31964 32557 I NotificationService: cancelToast pkg=com.android.mediacenter callback=android.app.ITransientNotification$Stub$Proxy@bd9972f
04-25 17:54:27.324 31964 32557 W NotificationService: Toast already cancelled. pkg=com.android.mediacenter callback=android.app.ITransientNotification$Stub$Proxy@bd9972f
04-25 17:54:27.390  6421  6680 I chatty  : uid=10073(com.android.mediacenter) expire 1 line
04-25 17:54:27.460   657   657 D QCOM PowerHAL: LAUNCH HINT: OFF
04-25 17:54:27.474  6421  6453 I chatty  : uid=10073(com.android.mediacenter) expire 1 line
04-25 17:54:27.476  6421  6475 I chatty  : uid=10073(com.android.mediacenter) expire 1 line
04-25 17:54:27.992   497   543 W SurfaceFlinger: Attempting to set client state on removed layer: Splash Screen com.android.mediacenter#0
04-25 17:54:27.992   497   543 W SurfaceFlinger: Attempting to destroy on removed layer: Splash Screen com.android.mediacenter#0
04-25 17:54:28.047 31964  1845 I OpenGLRenderer: Initialized EGL, version 1.4
04-25 17:54:28.047 31964  1845 D OpenGLRenderer: Swap behavior 1
04-25 17:54:28.087   497   543 W SurfaceFlinger: Attempting to destroy on removed layer: AppWindowToken{897d8ac token=Token{92065f ActivityRecord{e945efe u0 com.android.mediacenter/.ui.player.MediaPlayBackActivity t96}}}#0
04-25 17:54:29.311 31964  6219 W NotificationService: Toast already killed. pkg=com.android.mediacenter callback=android.app.ITransientNotification$Stub$Proxy@257222
04-25 17:54:29.480 31964  6219 I ActivityManager: START u0 {act=android.intent.action.VIEW dat=content://com.estrongs.files/storage/emulated/0/Music/ape/06.ape typ=audio/x-ape flg=0x4000003 cmp=com.android.mediacenter/.ui.player.oneshot.MediaPlaybackActivityStarter (has extras)} from uid 10074
04-25 17:54:29.483   657   657 D QCOM PowerHAL: LAUNCH HINT: ON
04-25 17:54:29.484   657   657 D QCOM PowerHAL: Activity launch hint handled
04-25 17:54:29.570 31964 32452 I ActivityManager: START u0 {flg=0x10020000 cmp=com.android.mediacenter/.ui.player.MediaPlayBackActivity (has extras)} from uid 10073
04-25 17:54:29.571 31964 32452 W ActivityManager: Activity is launching as a new task, so cancelling activity result.
04-25 17:54:29.579   657   657 D QCOM PowerHAL: LAUNCH HINT: ON
04-25 17:54:29.675  6421  6421 I chatty  : uid=10073(com.android.mediacenter) expire 167 lines
04-25 17:54:29.748  6421  6472 I chatty  : uid=10073(com.android.mediacenter) expire 83 lines
04-25 17:54:29.753 31900  1137 D NuPlayerDriver: reset(0xc7c17b00) at state 2
04-25 17:54:29.756 31900  1137 D NuPlayerDriver: notifyListener_l(0xc7c17b00), (8, 0, 0, -1), loop setting(0, 0)
04-25 17:54:29.757 31900  6677 D NuPlayerDriver: notifyResetComplete(0xc7c17b00)
04-25 17:54:29.757 31900  1137 D NuPlayerDriver: reset(0xc7c17b00) at state 0
04-25 17:54:29.764 31900  1137 D NuPlayerDriver: NuPlayerDriver(0xc7c17680) created, clientPid(6421)
04-25 17:54:29.782 31900  6689 D GenericSource: FileSource remote
04-25 17:54:29.786 31900  6689 E GenericSource: initFromDataSource, cannot create extractor!
04-25 17:54:29.786 31900  6689 E GenericSource: Failed to init from data source!
04-25 17:54:29.788 31900  6688 D NuPlayerDriver: notifyListener_l(0xc7c17680), (100, 1, -2147483648, -1), loop setting(0, 0)
04-25 17:54:29.788  6421  6669 I chatty  : uid=10073(com.android.mediacenter) expire 1 line
04-25 17:54:29.811  6421  6486 I chatty  : uid=10073(com.android.mediacenter) expire 2 lines
04-25 17:54:29.825   497   545 W SurfaceFlinger: Attempting to destroy on removed layer: ecb5ec5 Toast#0
04-25 17:54:29.833  6421  6451 I chatty  : uid=10073(com.android.mediacenter) expire 2 lines
04-25 17:54:29.879  6421  6482 I chatty  : uid=10073(com.android.mediacenter) expire 2 lines
04-25 17:54:29.902  6421  6441 I chatty  : uid=10073(com.android.mediacenter) expire 6 lines
04-25 17:54:29.916  6421  6421 I chatty  : uid=10073(com.android.mediacenter) expire 139 lines
04-25 17:54:30.005 31964 32452 I NotificationService: cancelToast pkg=com.android.mediacenter callback=android.app.ITransientNotification$Stub$Proxy@1e06371
04-25 17:54:30.005 31964 32452 W NotificationService: Toast already cancelled. pkg=com.android.mediacenter callback=android.app.ITransientNotification$Stub$Proxy@1e06371
04-25 17:54:30.008  6421  6690 I chatty  : uid=10073(com.android.mediacenter) expire 1 line
04-25 17:54:30.061  6421  6443 I chatty  : uid=10073(com.android.mediacenter) expire 6 lines
04-25 17:54:30.096  6421  6691 I chatty  : uid=10073(com.android.mediacenter) expire 1 line
04-25 17:54:30.107  6421  6453 I chatty  : uid=10073(com.android.mediacenter) expire 1 line
04-25 17:54:30.118   657   657 D QCOM PowerHAL: LAUNCH HINT: OFF
04-25 17:54:30.215  6421  6451 I chatty  : uid=10073(com.android.mediacenter) expire 1 line
04-25 17:54:30.216  6421  6475 I chatty  : uid=10073(com.android.mediacenter) expire 1 line
04-25 17:54:30.650   497   535 W SurfaceFlinger: Attempting to set client state on removed layer: Splash Screen com.android.mediacenter#0
04-25 17:54:30.651   497   535 W SurfaceFlinger: Attempting to destroy on removed layer: Splash Screen com.android.mediacenter#0
04-25 17:54:30.693 31964  1845 I OpenGLRenderer: Initialized EGL, version 1.4
04-25 17:54:30.693 31964  1845 D OpenGLRenderer: Swap behavior 1
04-25 17:54:30.734   497   543 W SurfaceFlinger: Attempting to destroy on removed layer: AppWindowToken{203a25d token=Token{9271434 ActivityRecord{a025b07 u0 com.android.mediacenter/.ui.player.MediaPlayBackActivity t97}}}#0
04-25 17:54:30.832 31964 31987 W WindowManager: Unable to start animation, surface is null or no children.
04-25 17:54:30.888 31964 31974 I system_server: NativeAlloc concurrent copying GC freed 70736(2MB) AllocSpace objects, 12(432KB) LOS objects, 42% free, 8MB/15MB, paused 123us total 125.719ms
04-25 17:54:31.914 31964 32090 W NotificationService: Toast already killed. pkg=com.android.mediacenter callback=android.app.ITransientNotification$Stub$Proxy@51d45ea
04-25 17:54:32.418   497   535 W SurfaceFlinger: Attempting to destroy on removed layer: 438d9d7 Toast#0
04-25 17:54:33.518 31964 31987 W WindowManager: Unable to start animation, surface is null or no children.
04-25 17:54:40.308 31964 31964 W WindowManager: removeWindowToken: Attempted to remove non-existing token: android.os.Binder@9fd9410
04-25 17:54:42.820 31964 31964 V SettingsProvider: Notifying for 0: content://settings/system/screen_brightness
04-25 17:54:42.900 31964 31964 W WindowManager: removeWindowToken: Attempted to remove non-existing token: android.os.Binder@c65933d
04-25 17:54:46.679 31964 32090 D WificondControl: Scan result ready event
04-25 17:54:46.752 31964 32055 D WificondScannerImpl: Filtering out 17 scan results.
04-25 17:54:50.201 31964 31964 V SettingsProvider: Notifying for 0: content://settings/system/screen_brightness
04-25 17:54:55.660   651   651 I /vendor/bin/hw/android.hardware.health@2.0-service.marlin: SRAM data: 2091000
04-25 17:54:57.165 31964 31964 V SettingsProvider: Notifying for 0: content://settings/system/screen_brightness
04-25 17:55:02.415 31964 31989 I PowerManagerService: Going to sleep due to screen timeout (uid 1000)...
04-25 17:55:02.417 31964 31964 W UsageStatsService: Event reported without a package name
04-25 17:55:02.481 32137 32137 I vol.Events: writeEvent dismiss_dialog volume_controller
04-25 17:55:02.987 31964 31989 I DisplayPowerController: Blocking screen off
04-25 17:55:02.988 31964 31989 I DisplayPowerController: Unblocked screen off after 1 ms
04-25 17:55:03.133   497   497 D SurfaceFlinger: Set power mode=0, type=0 flinger=0x4900000100
04-25 17:55:03.135   499   586 I SDM     : DisplayBase::SetDisplayState: Set state = 0, display 0
04-25 17:55:03.141 31964 31987 I DisplayManagerService: Display device changed state: "内置屏幕", OFF
04-25 17:55:03.168 31964 32044 I InputReader: Reconfiguring input devices.  changes=0x00000004
04-25 17:55:03.252 32137 32161 I ndroid.systemu: NativeAlloc concurrent copying GC freed 1650(179KB) AllocSpace objects, 0(0B) LOS objects, 49% free, 4MB/8MB, paused 215us total 131.459ms
04-25 17:55:03.370   497   497 D SurfaceFlinger: Finished set power mode=0, type=0
04-25 17:55:03.373 31964 32084 D SurfaceControl: Excessive delay in setPowerMode()
04-25 17:55:03.378 31964 31989 I DreamManagerService: Entering dreamland.
04-25 17:55:03.380 31964 31989 I PowerManagerService: Dozing...
04-25 17:55:03.382 31964 31985 I DreamController: Starting dream: name=ComponentInfo{com.android.systemui/com.android.systemui.doze.DozeService}, isTest=false, canDoze=true, userId=0
04-25 17:55:03.388 32137 32137 I vol.Events: writeEvent dismiss_dialog volume_controller
04-25 17:55:03.396 32137 32137 V StatusBar: mStatusBarWindow: com.android.systemui.statusbar.phone.StatusBarWindowView{1cc6646 V.ED..... ......ID 0,0-1080,63} canPanelBeCollapsed(): false
04-25 17:55:03.399 31964 31985 D AutofillManagerService: Close system dialogs
04-25 17:55:03.485 32137 32137 D StatusBar: disable<e i a s b h r c s > disable2<q i n >
04-25 17:55:03.514 32137 32137 D StatusBar: disable<e i a s b h r c s > disable2<q i n >
04-25 17:55:03.528 32028 32030 I nanohub : osLog: [PickupGesture] power: 1
04-25 17:55:03.533 32028 32030 I nanohub : osLog: [AR_CHRE] OFF => ON
04-25 17:55:03.534 32028 32030 I nanohub : osLog: [AR_CHRE] activity powered on
04-25 17:55:03.563 32137 32137 D StatusBar: disable<e i a s b h r c s > disable2<q i n >
04-25 17:55:03.616 32137 32137 I chatty  : uid=10034(com.android.systemui) identical 5 lines
04-25 17:55:03.616 32137 32137 D StatusBar: disable<e i a s b h r c s > disable2<q i n >
04-25 17:55:03.617 32137 32137 I vol.Events: writeEvent dismiss_dialog screen_off
04-25 17:55:03.656 31964 32044 I InputReader: Reconfiguring input devices.  changes=0x00000004
04-25 17:55:03.921 31964  6049 I WifiService: releaseMulticastLock uid=10074
04-25 17:55:05.786 31964  6697 D NetworkMonitor/NetworkAgentInfo [WIFI () - 100]: PROBE_DNS www.google.com 121ms OK 31.13.68.22
04-25 17:55:05.787 31964  6698 D NetworkMonitor/NetworkAgentInfo [WIFI () - 100]: PROBE_DNS connectivitycheck.gstatic.com 116ms OK 203.208.43.111
04-25 17:55:06.223 31964  6698 D NetworkMonitor/NetworkAgentInfo [WIFI () - 100]: PROBE_HTTP http://connectivitycheck.gstatic.com/generate_204 time=429ms ret=204 request={User-Agent=[Mozilla/5.0 (X11; Linux x86_64) AppleWebKit/537.36 (KHTML, like Gecko) Chrome/60.0.3112.32 Safari/537.36]} headers={null=[HTTP/1.1 204 No Content], Content-Length=[0], Date=[Thu, 25 Apr 2019 09:55:55 GMT], X-Android-Received-Millis=[1556186106220], X-Android-Response-Source=[NETWORK 204], X-Android-Selected-Protocol=[http/1.1], X-Android-Sent-Millis=[1556186105835]}
04-25 17:55:07.503 31964 32090 W UsageStatsService: Event reported without a package name
04-25 17:55:07.535 32137 32137 D StatusBar: disable<e i a s b h r c s > disable2<q i n >
04-25 17:55:07.575 32137 32137 D StatusBar: disable<e i a s b h r c s > disable2<q i n >
04-25 17:55:07.620 32137 32137 D StatusBar: disable<e i a s b H!R!c s > disable2<q i n >
04-25 17:55:15.827 31964  6697 D NetworkMonitor/NetworkAgentInfo [WIFI () - 100]: PROBE_HTTPS https://www.google.com/generate_204 Probe failed with exception java.net.SocketTimeoutException: failed to connect to /31.13.68.22 (port 443) from /192.168.31.79 (port 46615) after 10000ms
04-25 17:55:17.619 31964 31974 I system_server: Background concurrent copying GC freed 191273(6MB) AllocSpace objects, 12(384KB) LOS objects, 42% free, 8MB/15MB, paused 1.278ms total 244.771ms
04-25 17:55:18.797 31964  1515 D NetworkMonitor/NetworkAgentInfo [WIFI () - 100]: PROBE_FALLBACK http://play.googleapis.com/generate_204 Probe failed with exception java.net.SocketTimeoutException: failed to connect to /172.217.160.106 (port 80) from /192.168.31.79 (port 47019) after 10000ms
04-25 17:55:18.801 31964 32057 D ConnectivityService: NetworkAgentInfo [WIFI () - 100] validation failed
04-25 17:55:19.922  6421  6472 I chatty  : uid=10073(com.android.mediacenter) expire 21 lines
04-25 17:55:20.076  6421  6446 I chatty  : uid=10073(com.android.mediacenter) expire 2 lines
04-25 17:55:25.052 32028 32030 I nanohub : osLog: [AR_CHRE] still: 100
04-25 17:55:47.788 32028 32030 I chatty  : uid=1000(system) HubConnection identical 5 lines
04-25 17:55:52.335 32028 32030 I nanohub : osLog: [AR_CHRE] still: 100
04-25 17:55:55.606   651   651 I /vendor/bin/hw/android.hardware.health@2.0-service.marlin: SRAM data: 2091000
04-25 17:55:55.679 32028 32030 I nanohub : osLog: [AR_CHRE] still: 100
04-25 17:55:56.482 32028 32030 I nanohub : osLog: [PickupGesture] sending event 0x00000001
04-25 17:55:56.486 32028 32030 I nanohub : osLog: [AR_CHRE] ON => OFF
04-25 17:55:56.491 32028 32030 I nanohub : osLog: [AR_CHRE] activity powered off
04-25 17:55:56.495 32028 32030 I nanohub : osLog: [PickupGesture] power: 0
04-25 17:55:56.547 32028 32030 I nanohub : osLog: [PickupGesture] power: 1
04-25 17:55:56.554 32028 32030 I nanohub : osLog: [AR_CHRE] OFF => ON
04-25 17:55:56.556 32028 32030 I nanohub : osLog: [AR_CHRE] activity powered on
04-25 17:55:56.581 31964 31989 I DisplayPowerController: Blocking screen on until initial contents have been drawn.
04-25 17:55:56.633 31964 31987 I DisplayManagerService: Display device changed state: "内置屏幕", ON
04-25 17:55:56.633   497   497 D SurfaceFlinger: Set power mode=2, type=0 flinger=0x4900000100
04-25 17:55:56.634   499   586 I SDM     : DisplayBase::SetDisplayState: Set state = 1, display 0
04-25 17:55:56.648 31964 32044 I InputReader: Reconfiguring input devices.  changes=0x00000004
04-25 17:55:56.696 31964 31989 I DisplayPowerController: Unblocked screen on after 115 ms
04-25 17:55:56.703   497   497 D SurfaceFlinger: Finished set power mode=2, type=0
04-25 17:55:56.831 31964 32044 I PowerManagerService: Waking up from dozing (uid=1000 reason=android.policy:POWER)...
04-25 17:55:56.832 31964 31964 W UsageStatsService: Event reported without a package name
04-25 17:55:56.842 31964 31989 I DreamManagerService: Gently waking up from dream.
04-25 17:55:56.842 31964 31985 I DreamManagerService: Performing gentle wake from dream.
04-25 17:55:56.844 31964  6049 I DreamManagerService: Leaving dreamland.
04-25 17:55:56.845 31964 31985 I DreamManagerService: Performing gentle wake from dream.
04-25 17:55:56.845 31964 31985 I DreamController: Stopping dream: name=ComponentInfo{com.android.systemui/com.android.systemui.doze.DozeService}, isTest=false, canDoze=true, userId=0
04-25 17:55:56.858 32028 32030 I nanohub : osLog: [PickupGesture] power: 0
04-25 17:55:56.863 32028 32030 I nanohub : osLog: [AR_CHRE] ON => OFF
04-25 17:55:56.865 32028 32030 I nanohub : osLog: [AR_CHRE] activity powered off
04-25 17:55:56.882 31964 31964 W AlarmManager: Unrecognized alarm listener com.android.server.job.controllers.-$$Lambda$IdleController$IdlenessTracker$nTdS-lGBXcES5VWKcJFmQFgU7IU@ccf67c4
04-25 17:55:56.885 32137 32137 D StatusBar: disable<e i a s b H R c s > disable2<q i n >
04-25 17:55:56.885 32137 32137 D StatusBar: disable<e i a s b H R c s > disable2<q i n >
04-25 17:55:57.088 31964 32090 I WifiService: acquireMulticastLock uid=10074
04-25 17:55:57.093  6421  6421 I chatty  : uid=10073(com.android.mediacenter) expire 73 lines
04-25 17:55:57.245 31964 31964 V SettingsProvider: Notifying for 0: content://settings/system/screen_brightness
04-25 17:55:57.817 31964 32044 I InputReader: Reconfiguring input devices.  changes=0x00000004
04-25 17:55:57.818 32137 32137 D StatusBar: disable<e i a s b H R c s > disable2<q i n >
04-25 17:55:57.840 32137 32137 D StatusBar: disable<e i a s b H R c s > disable2<q i n >
04-25 17:55:57.843 32137 32137 D StatusBar: disable<e i a s b h!r!c s > disable2<q i n >
04-25 17:55:57.850 31964 32557 W UsageStatsService: Event reported without a package name
04-25 17:55:57.878 31964 31979 W BroadcastQueue: Background execution not allowed: receiving Intent { act=android.intent.action.USER_PRESENT flg=0x24200010 } to com.estrongs.android.pop/.app.StartServiceReceiver
04-25 17:55:57.879 31964 31979 W BroadcastQueue: Background execution not allowed: receiving Intent { act=android.intent.action.USER_PRESENT flg=0x24200010 } to com.estrongs.android.pop/com.android.apps.pros.LocalCReceiver
04-25 17:55:57.879 31964 31979 W BroadcastQueue: Background execution not allowed: receiving Intent { act=android.intent.action.USER_PRESENT flg=0x24200010 } to com.estrongs.android.pop/com.duapps.ad.stats.CallbackReceiver
04-25 17:55:58.085   497   543 W SurfaceFlinger: Attempting to set client state on removed layer: SnapshotStartingWindow for taskId=85#0
04-25 17:55:58.085   497   543 W SurfaceFlinger: Attempting to destroy on removed layer: SnapshotStartingWindow for taskId=85#0
04-25 17:55:58.238 32137 32137 V NavigationBar: onRotationProposal proposedRotation=ROTATION_0, winRotation=ROTATION_0, isValid=true, mNavBarWindowState=WINDOW_STATE_SHOWING, rotateSuggestionsDisabled=false, isRotateButtonVisible=false
04-25 17:55:59.642 31964 31964 V SettingsProvider: Notifying for 0: content://settings/system/screen_brightness
04-25 17:55:59.782 31964  6049 D WificondControl: Scan result ready event
04-25 17:55:59.803 31964 32055 D WificondScannerImpl: Filtering out 7 scan results.
04-25 17:55:59.955 31964  6049 I ActivityManager: START u0 {act=android.intent.action.VIEW dat=content://com.estrongs.files/storage/emulated/0/aaa.ape typ=audio/x-ape flg=0x4000003 cmp=com.android.mediacenter/.ui.player.oneshot.MediaPlaybackActivityStarter (has extras)} from uid 10074
04-25 17:55:59.958   657   657 D QCOM PowerHAL: LAUNCH HINT: ON
04-25 17:55:59.959   657   657 D QCOM PowerHAL: Activity launch hint handled
04-25 17:56:00.057 31964  6219 I ActivityManager: START u0 {flg=0x10020000 cmp=com.android.mediacenter/.ui.player.MediaPlayBackActivity (has extras)} from uid 10073
04-25 17:56:00.058 31964  6219 W ActivityManager: Activity is launching as a new task, so cancelling activity result.
04-25 17:56:00.065   657   657 D QCOM PowerHAL: LAUNCH HINT: ON
04-25 17:56:00.110 32545  5608 W droid.launcher: resources.arsc in APK '/data/app/com.estrongs.android.pop-V3EW63qJpeCRINkGufKBQw==/base.apk' is compressed.
04-25 17:56:00.255 31900  1137 D NuPlayerDriver: reset(0xc7c17680) at state 2
04-25 17:56:00.257 31900  1137 D NuPlayerDriver: notifyListener_l(0xc7c17680), (8, 0, 0, -1), loop setting(0, 0)
04-25 17:56:00.259 31900  6688 D NuPlayerDriver: notifyResetComplete(0xc7c17680)
04-25 17:56:00.259 31900  1137 D NuPlayerDriver: reset(0xc7c17680) at state 0
04-25 17:56:00.260  6421  6472 I chatty  : uid=10073(com.android.mediacenter) expire 71 lines
04-25 17:56:00.268  6421  6421 I chatty  : uid=10073(com.android.mediacenter) expire 179 lines
04-25 17:56:00.269 31900  1137 D NuPlayerDriver: NuPlayerDriver(0xc7c28900) created, clientPid(6421)
04-25 17:56:00.284 31900  6723 D GenericSource: FileSource remote
04-25 17:56:00.289 31900  6723 E GenericSource: initFromDataSource, cannot create extractor!
04-25 17:56:00.289 31900  6723 E GenericSource: Failed to init from data source!
04-25 17:56:00.290 31900  6722 D NuPlayerDriver: notifyListener_l(0xc7c28900), (100, 1, -2147483648, -1), loop setting(0, 0)
04-25 17:56:00.290  6421  6433 I chatty  : uid=10073(com.android.mediacenter) expire 1 line
04-25 17:56:00.344  6421  6452 I chatty  : uid=10073(com.android.mediacenter) expire 2 lines
04-25 17:56:00.350  6421  6486 I chatty  : uid=10073(com.android.mediacenter) expire 2 lines
04-25 17:56:00.389  6421  6728 I chatty  : uid=10073(com.android.mediacenter) expire 6 lines
04-25 17:56:00.496  6421  6724 I chatty  : uid=10073(com.android.mediacenter) expire 1 line
04-25 17:56:00.499  6421  6729 I chatty  : uid=10073(com.android.mediacenter) expire 6 lines
04-25 17:56:00.518  6421  6421 I chatty  : uid=10073(com.android.mediacenter) expire 204 lines
04-25 17:56:00.519  6421  6475 I chatty  : uid=10073(com.android.mediacenter) expire 1 line
04-25 17:56:00.520 31964 31975 I NotificationService: cancelToast pkg=com.android.mediacenter callback=android.app.ITransientNotification$Stub$Proxy@6ff3c36
04-25 17:56:00.520 31964 31975 W NotificationService: Toast already cancelled. pkg=com.android.mediacenter callback=android.app.ITransientNotification$Stub$Proxy@6ff3c36
04-25 17:56:00.584  6421  6725 I chatty  : uid=10073(com.android.mediacenter) expire 1 line
04-25 17:56:00.623   657   657 D QCOM PowerHAL: LAUNCH HINT: OFF
04-25 17:56:00.653  6421  6452 I chatty  : uid=10073(com.android.mediacenter) expire 1 line
04-25 17:56:00.657  6421  6453 I chatty  : uid=10073(com.android.mediacenter) expire 1 line
04-25 17:56:01.160   497  1942 W SurfaceFlinger: Attempting to set client state on removed layer: Splash Screen com.android.mediacenter#0
04-25 17:56:01.161   497  1942 W SurfaceFlinger: Attempting to destroy on removed layer: Splash Screen com.android.mediacenter#0
04-25 17:56:01.243 31964  1845 I OpenGLRenderer: Initialized EGL, version 1.4
04-25 17:56:01.243 31964  1845 D OpenGLRenderer: Swap behavior 1
04-25 17:56:01.438 31964 31964 V SettingsProvider: Notifying for 0: content://settings/system/screen_brightness
04-25 17:56:01.672 31964 31975 I ActivityManager: START u0 {act=android.intent.action.VIEW dat=content://com.estrongs.files/storage/emulated/0/aaa.ape typ=audio/x-ape flg=0x4000003 cmp=com.android.mediacenter/.ui.player.oneshot.MediaPlaybackActivityStarter (has extras)} from uid 10074
04-25 17:56:01.676   657   657 D QCOM PowerHAL: LAUNCH HINT: ON
04-25 17:56:01.677   657   657 D QCOM PowerHAL: Activity launch hint handled
04-25 17:56:01.754  6421  6472 I chatty  : uid=10073(com.android.mediacenter) expire 42 lines
04-25 17:56:01.756 31964 32452 I ActivityManager: START u0 {flg=0x10020000 cmp=com.android.mediacenter/.ui.player.MediaPlayBackActivity (has extras)} from uid 10073
04-25 17:56:01.756 31964 32452 W ActivityManager: Activity is launching as a new task, so cancelling activity result.
04-25 17:56:01.766   657   657 D QCOM PowerHAL: LAUNCH HINT: ON
04-25 17:56:01.921 32545  5608 W droid.launcher: resources.arsc in APK '/data/app/com.estrongs.android.pop-V3EW63qJpeCRINkGufKBQw==/base.apk' is compressed.
04-25 17:56:01.934 31900  1137 D NuPlayerDriver: reset(0xc7c28900) at state 2
04-25 17:56:01.936 31900  1137 D NuPlayerDriver: notifyListener_l(0xc7c28900), (8, 0, 0, -1), loop setting(0, 0)
04-25 17:56:01.937 31900  6722 D NuPlayerDriver: notifyResetComplete(0xc7c28900)
04-25 17:56:01.938 31900  1136 D NuPlayerDriver: reset(0xc7c28900) at state 0
04-25 17:56:01.947 31900  1136 D NuPlayerDriver: NuPlayerDriver(0xc7c1dc80) created, clientPid(6421)
04-25 17:56:01.959 31900  6735 D GenericSource: FileSource remote
04-25 17:56:01.962 31900  6735 E GenericSource: initFromDataSource, cannot create extractor!
04-25 17:56:01.962 31900  6735 E GenericSource: Failed to init from data source!
04-25 17:56:01.963 31900  6734 D NuPlayerDriver: notifyListener_l(0xc7c1dc80), (100, 1, -2147483648, -1), loop setting(0, 0)
04-25 17:56:01.964  6421  6654 I chatty  : uid=10073(com.android.mediacenter) expire 1 line
04-25 17:56:01.965  6421  6421 I chatty  : uid=10073(com.android.mediacenter) expire 180 lines
04-25 17:56:01.965  6421  6472 I chatty  : uid=10073(com.android.mediacenter) expire 48 lines
04-25 17:56:01.991  6421  6482 I chatty  : uid=10073(com.android.mediacenter) expire 2 lines
04-25 17:56:02.002  6421  6451 I chatty  : uid=10073(com.android.mediacenter) expire 2 lines
04-25 17:56:02.036  6421  6728 I chatty  : uid=10073(com.android.mediacenter) expire 6 lines
04-25 17:56:02.121  6421  6736 I chatty  : uid=10073(com.android.mediacenter) expire 4 lines
04-25 17:56:02.154  6421  6486 I chatty  : uid=10073(com.android.mediacenter) expire 2 lines
04-25 17:56:02.178  6421  6729 I chatty  : uid=10073(com.android.mediacenter) expire 6 lines
04-25 17:56:02.217  6421  6452 I chatty  : uid=10073(com.android.mediacenter) expire 2 lines
04-25 17:56:02.218  6421  6453 I chatty  : uid=10073(com.android.mediacenter) expire 2 lines
04-25 17:56:02.219  6421  6475 I chatty  : uid=10073(com.android.mediacenter) expire 1 line
04-25 17:56:02.229  6421  6737 I chatty  : uid=10073(com.android.mediacenter) expire 1 line
04-25 17:56:02.232 31964 32557 W NotificationService: Toast already killed. pkg=com.android.mediacenter callback=android.app.ITransientNotification$Stub$Proxy@5d617e7
04-25 17:56:02.232 31964 32557 I NotificationService: cancelToast pkg=com.android.mediacenter callback=android.app.ITransientNotification$Stub$Proxy@b1abf94
04-25 17:56:02.232 31964 32557 W NotificationService: Toast already cancelled. pkg=com.android.mediacenter callback=android.app.ITransientNotification$Stub$Proxy@b1abf94
04-25 17:56:02.323   657   657 D QCOM PowerHAL: LAUNCH HINT: OFF
04-25 17:56:02.380  6421  6421 I chatty  : uid=10073(com.android.mediacenter) expire 60 lines
04-25 17:56:02.385   497  1220 D SurfaceFlinger: duplicate layer name: changing Toast to Toast#1
04-25 17:56:02.874   497   543 W SurfaceFlinger: Attempting to set client state on removed layer: Splash Screen com.android.mediacenter#0
04-25 17:56:02.875   497   543 W SurfaceFlinger: Attempting to destroy on removed layer: Splash Screen com.android.mediacenter#0
04-25 17:56:02.945   497   545 W SurfaceFlinger: Attempting to destroy on removed layer: AppWindowToken{58303b3 token=Token{3e86d22 ActivityRecord{ceaeaed u0 com.android.mediacenter/.ui.player.MediaPlayBackActivity t99}}}#0
04-25 17:56:02.957 31964  1845 I OpenGLRenderer: Initialized EGL, version 1.4
04-25 17:56:02.957 31964  1845 D OpenGLRenderer: Swap behavior 1
04-25 17:56:03.134 31964 31974 I system_server: NativeAlloc concurrent copying GC freed 42716(2MB) AllocSpace objects, 8(176KB) LOS objects, 42% free, 8MB/15MB, paused 219us total 147.359ms
04-25 17:56:03.533 31964  6219 W VibratorService: Failed to perform effect (5)
04-25 17:56:03.539   665   665 E VibratorService: Setting amplitude  to: 3596
04-25 17:56:03.541  6226  6226 E ViewDragHelper: Ignoring pointerId=0 because ACTION_DOWN was not received for this pointer before ACTION_MOVE. It likely happened because  ViewDragHelper did not receive all the events in the event stream.
04-25 17:56:03.944  6226  6226 I chatty  : uid=10074(com.estrongs.android.pop) identical 46 lines
04-25 17:56:03.944  6226  6226 E ViewDragHelper: Ignoring pointerId=0 because ACTION_DOWN was not received for this pointer before ACTION_MOVE. It likely happened because  ViewDragHelper did not receive all the events in the event stream.
04-25 17:56:04.029 31964 31987 W WindowManager: Unable to start animation, surface is null or no children.
04-25 17:56:04.164 31964  6219 W NotificationService: Toast already killed. pkg=com.android.mediacenter callback=android.app.ITransientNotification$Stub$Proxy@2006b06
04-25 17:56:04.694   497   545 W SurfaceFlinger: Attempting to destroy on removed layer: cbbb232 Toast#0
04-25 17:56:05.691   497   545 D SurfaceFlinger: duplicate layer name: changing com.estrongs.android.pop/com.estrongs.android.pop.view.FileExplorerActivity to com.estrongs.android.pop/com.estrongs.android.pop.view.FileExplorerActivity#1
04-25 17:56:05.736 31964 31987 W WindowManager: Unable to start animation, surface is null or no children.
04-25 17:56:06.019 31964 31964 V SettingsProvider: Notifying for 0: content://settings/system/screen_brightness
04-25 17:56:07.359 31964  6219 I WifiService: acquireWifiLock uid=10074 lockMode=3
04-25 17:56:07.363 31964  6219 I WifiService: releaseWifiLock uid=10074
04-25 17:56:07.387   497   535 D SurfaceFlinger: duplicate layer name: changing com.estrongs.android.pop/com.estrongs.android.pop.view.FileExplorerActivity to com.estrongs.android.pop/com.estrongs.android.pop.view.FileExplorerActivity#2
04-25 17:56:07.430 31964  6219 I ActivityManager: START u0 {cmp=com.estrongs.android.pop/.app.PopAudioPlayer (has extras)} from uid 10074
04-25 17:56:07.432   657   657 D QCOM PowerHAL: LAUNCH HINT: ON
04-25 17:56:07.433   657   657 D QCOM PowerHAL: Activity launch hint handled
04-25 17:56:07.463  6226  6226 W ActivityThread: handleWindowVisibility: no activity for token android.os.BinderProxy@392846e
04-25 17:56:07.684  6226  6745 W System.err: java.io.FileNotFoundException: http://www.estrongs.com/console/service/sample/index.php?source=ESF&country=cn&unique_id=9JuYzK%2BpMCmX6xWOlxFeyA==
04-25 17:56:07.684  6226  6745 W System.err: 	at com.android.okhttp.internal.huc.HttpURLConnectionImpl.getInputStream(HttpURLConnectionImpl.java:251)
04-25 17:56:07.684  6226  6745 W System.err: 	at com.estrongs.android.util.aa.l(HttpDownloader.java:300)
04-25 17:56:07.684  6226  6745 W System.err: 	at com.estrongs.android.util.aa.a(HttpDownloader.java:22)
04-25 17:56:07.684  6226  6745 W System.err: 	at com.estrongs.android.util.aa$1.run(HttpDownloader.java:121)
04-25 17:56:07.747 31964 31987 I ActivityManager: Displayed com.estrongs.android.pop/.app.PopAudioPlayer: +287ms (total +1m58s269ms)
04-25 17:56:07.921 31900  1136 D NuPlayerDriver: NuPlayerDriver(0xc7c1d980) created, clientPid(6226)
04-25 17:56:07.931 31900  6756 D GenericSource: FileSource remote
04-25 17:56:07.933 31900  6756 E GenericSource: initFromDataSource, cannot create extractor!
04-25 17:56:07.933 31900  6756 E GenericSource: Failed to init from data source!
04-25 17:56:07.934 31900  6755 D NuPlayerDriver: notifyListener_l(0xc7c1d980), (100, 1, -2147483648, -1), loop setting(0, 0)
04-25 17:56:07.934  6226  6504 E MediaPlayerNative: error (1, -2147483648)
04-25 17:56:07.934  6226  6753 E MediaPlayerNative: stop called in state 0, mPlayer(0x330001f040)
04-25 17:56:07.934  6226  6753 E MediaPlayerNative: error (-38, 0)
04-25 17:56:07.935  6226  6753 V MediaPlayer: resetDrmState:  mDrmInfo=null mDrmProvisioningThread=null mPrepareDrmInProgress=false mActiveDrmScheme=false
04-25 17:56:07.935  6226  6753 V MediaPlayer: cleanDrmObj: mDrmObj=null mDrmSessionId=null
04-25 17:56:07.935 31900  1136 D NuPlayerDriver: reset(0xc7c1d980) at state 2
04-25 17:56:07.937 31900  1136 D NuPlayerDriver: notifyListener_l(0xc7c1d980), (8, 0, 0, -1), loop setting(0, 0)
04-25 17:56:07.937 31900  6755 D NuPlayerDriver: notifyResetComplete(0xc7c1d980)
04-25 17:56:08.006  6226  6226 W Bitmap  : Called hasAlpha() on a recycle()'d bitmap! This is undefined behavior!
04-25 17:56:08.006  6226  6226 W Bitmap  : Called hasAlpha() on a recycle()'d bitmap! This is undefined behavior!
04-25 17:56:08.012  6226  6226 W MediaPlayer: mediaplayer went away with unhandled events
04-25 17:56:08.029   657   657 D QCOM PowerHAL: LAUNCH HINT: OFF
04-25 17:56:08.374  6226  6749 W System.err: java.io.FileNotFoundException: http://conf.international.baidu.com/index.php/Sample/getConf?source=ESF&country=cn&unique_id=9JuYzK%2BpMCmX6xWOlxFeyA==
04-25 17:56:08.374  6226  6749 W System.err: 	at com.android.okhttp.internal.huc.HttpURLConnectionImpl.getInputStream(HttpURLConnectionImpl.java:251)
