04-25 17:56:08.374  6226  6749 W System.err: 	at com.estrongs.android.util.aa.l(HttpDownloader.java:300)
04-25 17:56:08.374  6226  6749 W System.err: 	at com.estrongs.android.util.aa.a(HttpDownloader.java:22)
04-25 17:56:08.374  6226  6749 W System.err: 	at com.estrongs.android.util.aa$1.run(HttpDownloader.java:121)
04-25 17:56:08.940  6226  6753 W System.err: java.io.IOException: Prepare failed.: status=0x1
04-25 17:56:08.940  6226  6753 W System.err: 	at android.media.MediaPlayer._prepare(Native Method)
04-25 17:56:08.940  6226  6753 W System.err: 	at android.media.MediaPlayer.prepare(MediaPlayer.java:1282)
04-25 17:56:08.940  6226  6753 W System.err: 	at com.estrongs.android.pop.app.AudioPlayerService.d(AudioPlayerService.java:533)
04-25 17:56:08.940  6226  6753 W System.err: 	at com.estrongs.android.pop.app.AudioPlayerService.f(AudioPlayerService.java:823)
04-25 17:56:08.940  6226  6753 W System.err: 	at com.estrongs.android.pop.app.j$a.a(PopAudioPlayerWrapper.java:212)
04-25 17:56:08.940  6226  6753 W System.err: 	at com.estrongs.android.pop.app.PopAudioPlayer$26$2.run(PopAudioPlayer.java:2201)
04-25 17:56:10.134 31900  1136 D NuPlayerDriver: NuPlayerDriver(0xc7c1d5c0) created, clientPid(6226)
04-25 17:56:10.144 31900  6760 D GenericSource: FileSource remote
04-25 17:56:10.148 31900  6760 E GenericSource: initFromDataSource, cannot create extractor!
04-25 17:56:10.148 31900  6760 E GenericSource: Failed to init from data source!
04-25 17:56:10.150 31900  6759 D NuPlayerDriver: notifyListener_l(0xc7c1d5c0), (100, 1, -2147483648, -1), loop setting(0, 0)
04-25 17:56:10.150  6226  6504 E MediaPlayerNative: error (1, -2147483648)
04-25 17:56:10.151  6226  6226 E MediaPlayerNative: stop called in state 0, mPlayer(0x33000d80e0)
04-25 17:56:10.151  6226  6226 E MediaPlayerNative: error (-38, 0)
04-25 17:56:10.152  6226  6226 V MediaPlayer: resetDrmState:  mDrmInfo=null mDrmProvisioningThread=null mPrepareDrmInProgress=false mActiveDrmScheme=false
04-25 17:56:10.152  6226  6226 V MediaPlayer: cleanDrmObj: mDrmObj=null mDrmSessionId=null
04-25 17:56:10.153 31900  1136 D NuPlayerDriver: reset(0xc7c1d5c0) at state 2
04-25 17:56:10.156 31900  1136 D NuPlayerDriver: notifyListener_l(0xc7c1d5c0), (8, 0, 0, -1), loop setting(0, 0)
04-25 17:56:10.157 31900  6759 D NuPlayerDriver: notifyResetComplete(0xc7c1d5c0)
04-25 17:56:11.159  6226  6226 W System.err: java.io.IOException: Prepare failed.: status=0x1
04-25 17:56:11.159  6226  6226 W System.err: 	at android.media.MediaPlayer._prepare(Native Method)
04-25 17:56:11.160  6226  6226 W System.err: 	at android.media.MediaPlayer.prepare(MediaPlayer.java:1282)
04-25 17:56:11.160  6226  6226 W System.err: 	at com.estrongs.android.pop.app.AudioPlayerService.d(AudioPlayerService.java:533)
04-25 17:56:11.160  6226  6226 W System.err: 	at com.estrongs.android.pop.app.AudioPlayerService.r(AudioPlayerService.java:572)
04-25 17:56:11.160  6226  6226 W System.err: 	at com.estrongs.android.pop.app.j$a.x(PopAudioPlayerWrapper.java:292)
04-25 17:56:11.160  6226  6226 W System.err: 	at com.estrongs.android.pop.app.PopAudioPlayer.s(PopAudioPlayer.java:2029)
04-25 17:56:11.160  6226  6226 W System.err: 	at com.estrongs.android.pop.app.PopAudioPlayer$28.onClick(PopAudioPlayer.java:2870)
04-25 17:56:11.160  6226  6226 W System.err: 	at android.view.View.performClick(View.java:6597)
04-25 17:56:11.160  6226  6226 W System.err: 	at android.view.View.performClickInternal(View.java:6574)
04-25 17:56:11.160  6226  6226 W System.err: 	at android.view.View.access$3100(View.java:778)
04-25 17:56:11.160  6226  6226 W System.err: 	at android.view.View$PerformClick.run(View.java:25885)
04-25 17:56:11.160  6226  6226 W System.err: 	at android.os.Handler.handleCallback(Handler.java:873)
04-25 17:56:11.160  6226  6226 W System.err: 	at android.os.Handler.dispatchMessage(Handler.java:99)
04-25 17:56:11.160  6226  6226 W System.err: 	at android.os.Looper.loop(Looper.java:193)
04-25 17:56:11.160  6226  6226 W System.err: 	at android.app.ActivityThread.main(ActivityThread.java:6680)
04-25 17:56:11.160  6226  6226 W System.err: 	at java.lang.reflect.Method.invoke(Native Method)
04-25 17:56:11.160  6226  6226 W System.err: 	at com.android.internal.os.RuntimeInit$MethodAndArgsCaller.run(RuntimeInit.java:493)
04-25 17:56:11.160  6226  6226 W System.err: 	at com.android.internal.os.ZygoteInit.main(ZygoteInit.java:858)
04-25 17:56:11.272  6226  6226 W Bitmap  : Called hasAlpha() on a recycle()'d bitmap! This is undefined behavior!
04-25 17:56:11.272  6226  6226 W Bitmap  : Called hasAlpha() on a recycle()'d bitmap! This is undefined behavior!
04-25 17:56:11.274  6226  6226 I Choreographer: Skipped 69 frames!  The application may be doing too much work on its main thread.
04-25 17:56:11.281  6226  6226 W MediaPlayer: mediaplayer went away with unhandled events
04-25 17:56:11.287 31900  1136 D NuPlayerDriver: NuPlayerDriver(0xc7c1d200) created, clientPid(6226)
04-25 17:56:11.288  6226  6280 I OpenGLRenderer: Davey! duration=1177ms; Flags=0, IntendedVsync=446334761421311, Vsync=446335911421265, OldestInputEvent=9223372036854775807, NewestInputEvent=0, HandleInputStart=446335925032740, AnimationStart=446335925056125, PerformTraversalsStart=446335925057375, DrawStart=446335927542792, SyncQueued=446335929047376, SyncStart=446335929190553, IssueDrawCommandsStart=446335931828678, SwapBuffers=446335935712481, FrameCompleted=446335939356544, DequeueBufferDuration=316000, QueueBufferDuration=391000, 
04-25 17:56:11.295 31900  6763 D GenericSource: FileSource remote
04-25 17:56:11.297 31900  6763 E GenericSource: initFromDataSource, cannot create extractor!
04-25 17:56:11.297 31900  6763 E GenericSource: Failed to init from data source!
04-25 17:56:11.298 31900  6762 D NuPlayerDriver: notifyListener_l(0xc7c1d200), (100, 1, -2147483648, -1), loop setting(0, 0)
04-25 17:56:11.298  6226  6504 E MediaPlayerNative: error (1, -2147483648)
04-25 17:56:11.299  6226  6226 E MediaPlayerNative: stop called in state 0, mPlayer(0x33000e0600)
04-25 17:56:11.299  6226  6226 E MediaPlayerNative: error (-38, 0)
04-25 17:56:11.300  6226  6226 V MediaPlayer: resetDrmState:  mDrmInfo=null mDrmProvisioningThread=null mPrepareDrmInProgress=false mActiveDrmScheme=false
04-25 17:56:11.300  6226  6226 V MediaPlayer: cleanDrmObj: mDrmObj=null mDrmSessionId=null
04-25 17:56:11.300 31900  1136 D NuPlayerDriver: reset(0xc7c1d200) at state 2
04-25 17:56:11.303 31900  1136 D NuPlayerDriver: notifyListener_l(0xc7c1d200), (8, 0, 0, -1), loop setting(0, 0)
04-25 17:56:11.303 31900  6762 D NuPlayerDriver: notifyResetComplete(0xc7c1d200)
04-25 17:56:11.943   665   665 E VibratorService: Setting amplitude  to: 1856
04-25 17:56:12.039 31964 31985 D AutofillManagerService: Close system dialogs
04-25 17:56:12.041 32137 32137 I vol.Events: writeEvent dismiss_dialog volume_controller
04-25 17:56:12.044 32137 32137 V StatusBar: mStatusBarWindow: com.android.systemui.statusbar.phone.StatusBarWindowView{1cc6646 V.ED..... ........ 0,0-1080,63} canPanelBeCollapsed(): false
04-25 17:56:12.052 31964  6049 I ActivityManager: START u0 {act=android.intent.action.MAIN cat=[android.intent.category.HOME] flg=0x10000000 cmp=com.android.launcher3/.Launcher (has extras)} from uid 10024
04-25 17:56:12.053   657   657 D QCOM PowerHAL: LAUNCH HINT: ON
04-25 17:56:12.055   657   657 D QCOM PowerHAL: Activity launch hint handled
04-25 17:56:12.085 32545 32621 W droid.launcher: resources.arsc in APK '/data/app/com.estrongs.android.pop-V3EW63qJpeCRINkGufKBQw==/base.apk' is compressed.
04-25 17:56:12.133   657   657 D QCOM PowerHAL: LAUNCH HINT: OFF
04-25 17:56:12.305  6226  6226 W System.err: java.io.IOException: Prepare failed.: status=0x1
04-25 17:56:12.305  6226  6226 W System.err: 	at android.media.MediaPlayer._prepare(Native Method)
04-25 17:56:12.305  6226  6226 W System.err: 	at android.media.MediaPlayer.prepare(MediaPlayer.java:1282)
04-25 17:56:12.305  6226  6226 W System.err: 	at com.estrongs.android.pop.app.AudioPlayerService.d(AudioPlayerService.java:533)
04-25 17:56:12.305  6226  6226 W System.err: 	at com.estrongs.android.pop.app.AudioPlayerService.r(AudioPlayerService.java:572)
04-25 17:56:12.305  6226  6226 W System.err: 	at com.estrongs.android.pop.app.j$a.x(PopAudioPlayerWrapper.java:292)
04-25 17:56:12.305  6226  6226 W System.err: 	at com.estrongs.android.pop.app.PopAudioPlayer.s(PopAudioPlayer.java:2029)
04-25 17:56:12.305  6226  6226 W System.err: 	at com.estrongs.android.pop.app.PopAudioPlayer$28.onClick(PopAudioPlayer.java:2870)
04-25 17:56:12.305  6226  6226 W System.err: 	at android.view.View.performClick(View.java:6597)
04-25 17:56:12.305  6226  6226 W System.err: 	at android.view.View.performClickInternal(View.java:6574)
04-25 17:56:12.305  6226  6226 W System.err: 	at android.view.View.access$3100(View.java:778)
04-25 17:56:12.305  6226  6226 W System.err: 	at android.view.View$PerformClick.run(View.java:25885)
04-25 17:56:12.305  6226  6226 W System.err: 	at android.os.Handler.handleCallback(Handler.java:873)
04-25 17:56:12.306  6226  6226 W System.err: 	at android.os.Handler.dispatchMessage(Handler.java:99)
04-25 17:56:12.306  6226  6226 W System.err: 	at android.os.Looper.loop(Looper.java:193)
04-25 17:56:12.306  6226  6226 W System.err: 	at android.app.ActivityThread.main(ActivityThread.java:6680)
04-25 17:56:12.306  6226  6226 W System.err: 	at java.lang.reflect.Method.invoke(Native Method)
04-25 17:56:12.306  6226  6226 W System.err: 	at com.android.internal.os.RuntimeInit$MethodAndArgsCaller.run(RuntimeInit.java:493)
04-25 17:56:12.306  6226  6226 W System.err: 	at com.android.internal.os.ZygoteInit.main(ZygoteInit.java:858)
04-25 17:56:12.327 31900  1136 D NuPlayerDriver: NuPlayerDriver(0xc7c2b3c0) created, clientPid(6226)
04-25 17:56:12.339 31900  6771 D GenericSource: FileSource remote
04-25 17:56:12.341 31900  6771 E GenericSource: initFromDataSource, cannot create extractor!
04-25 17:56:12.341 31900  6771 E GenericSource: Failed to init from data source!
04-25 17:56:12.342 31900  6768 D NuPlayerDriver: notifyListener_l(0xc7c2b3c0), (100, 1, -2147483648, -1), loop setting(0, 0)
04-25 17:56:12.342  6226  6239 E MediaPlayerNative: error (1, -2147483648)
04-25 17:56:12.343  6226  6226 E MediaPlayerNative: stop called in state 0, mPlayer(0x3300142760)
04-25 17:56:12.343  6226  6226 E MediaPlayerNative: error (-38, 0)
04-25 17:56:12.344  6226  6226 V MediaPlayer: resetDrmState:  mDrmInfo=null mDrmProvisioningThread=null mPrepareDrmInProgress=false mActiveDrmScheme=false
04-25 17:56:12.344  6226  6226 V MediaPlayer: cleanDrmObj: mDrmObj=null mDrmSessionId=null
04-25 17:56:12.345 31900  1136 D NuPlayerDriver: reset(0xc7c2b3c0) at state 2
04-25 17:56:12.346 31900  1136 D NuPlayerDriver: notifyListener_l(0xc7c2b3c0), (8, 0, 0, -1), loop setting(0, 0)
04-25 17:56:12.347 31900  6768 D NuPlayerDriver: notifyResetComplete(0xc7c2b3c0)
04-25 17:56:12.391   497  1942 W SurfaceFlinger: Attempting to set client state on removed layer: Surface(name=AppWindowToken{d4122e7 token=Token{d2378a6 ActivityRecord{f2ca201 u0 com.android.launcher3/.Launcher t71}}})/@0x466886e - animation-leash#0
04-25 17:56:12.391   497  1942 W SurfaceFlinger: Attempting to set client state on removed layer: Surface(name=AppWindowToken{2089a78 token=Token{60bfdb ActivityRecord{20460ea u0 com.estrongs.android.pop/.app.PopAudioPlayer t85}}})/@0xe1391a8 - animation-leash#0
04-25 17:56:12.391   497  1942 W SurfaceFlinger: Attempting to destroy on removed layer: Surface(name=AppWindowToken{d4122e7 token=Token{d2378a6 ActivityRecord{f2ca201 u0 com.android.launcher3/.Launcher t71}}})/@0x466886e - animation-leash#0
04-25 17:56:12.391   497  1942 W SurfaceFlinger: Attempting to destroy on removed layer: Surface(name=AppWindowToken{2089a78 token=Token{60bfdb ActivityRecord{20460ea u0 com.estrongs.android.pop/.app.PopAudioPlayer t85}}})/@0xe1391a8 - animation-leash#0
04-25 17:56:12.561 31964 31979 W ActivityManager: Activity pause timeout for ActivityRecord{20460ea u0 com.estrongs.android.pop/.app.PopAudioPlayer t85}
04-25 17:56:13.325 31964 31975 I ActivityManager: Killing 6356:com.android.webview:sandboxed_process0/u0a74i1 (adj 700): remove task
04-25 17:56:13.328 31964 31982 W libprocessgroup: Failed to open process cgroup uid 99001 pid 6356: No such file or directory
04-25 17:56:13.328 31964 31982 E libprocessgroup: Error encountered killing process cgroup uid 99001 pid 6356: No such file or directory
04-25 17:56:13.347 31964  6049 W ActivityManager: Scheduling restart of crashed service com.estrongs.android.pop/org.chromium.content.app.SandboxedProcessService0 in 1000ms
04-25 17:56:13.349  6226  6226 W System.err: java.io.IOException: Prepare failed.: status=0x1
04-25 17:56:13.349  6226  6226 W System.err: 	at android.media.MediaPlayer._prepare(Native Method)
04-25 17:56:13.350  6226  6226 W System.err: 	at android.media.MediaPlayer.prepare(MediaPlayer.java:1282)
04-25 17:56:13.350  6226  6226 W System.err: 	at com.estrongs.android.pop.app.AudioPlayerService.d(AudioPlayerService.java:533)
04-25 17:56:13.350  6226  6226 W System.err: 	at com.estrongs.android.pop.app.AudioPlayerService.r(AudioPlayerService.java:572)
04-25 17:56:13.350  6226  6226 W System.err: 	at com.estrongs.android.pop.app.j$a.x(PopAudioPlayerWrapper.java:292)
04-25 17:56:13.350  6226  6226 W System.err: 	at com.estrongs.android.pop.app.PopAudioPlayer.s(PopAudioPlayer.java:2029)
04-25 17:56:13.350  6226  6226 W System.err: 	at com.estrongs.android.pop.app.PopAudioPlayer$28.onClick(PopAudioPlayer.java:2870)
04-25 17:56:13.350  6226  6226 W System.err: 	at android.view.View.performClick(View.java:6597)
04-25 17:56:13.350  6226  6226 W System.err: 	at android.view.View.performClickInternal(View.java:6574)
04-25 17:56:13.350  6226  6226 W System.err: 	at android.view.View.access$3100(View.java:778)
04-25 17:56:13.350  6226  6226 W System.err: 	at android.view.View$PerformClick.run(View.java:25885)
04-25 17:56:13.350  6226  6226 W System.err: 	at android.os.Handler.handleCallback(Handler.java:873)
04-25 17:56:13.350  6226  6226 W System.err: 	at android.os.Handler.dispatchMessage(Handler.java:99)
04-25 17:56:13.350  6226  6226 W System.err: 	at android.os.Looper.loop(Looper.java:193)
04-25 17:56:13.350  6226  6226 W System.err: 	at android.app.ActivityThread.main(ActivityThread.java:6680)
04-25 17:56:13.350  6226  6226 W System.err: 	at java.lang.reflect.Method.invoke(Native Method)
04-25 17:56:13.350  6226  6226 W System.err: 	at com.android.internal.os.RuntimeInit$MethodAndArgsCaller.run(RuntimeInit.java:493)
04-25 17:56:13.350  6226  6226 W System.err: 	at com.android.internal.os.ZygoteInit.main(ZygoteInit.java:858)
04-25 17:56:13.350  6226  6226 I Choreographer: Skipped 123 frames!  The application may be doing too much work on its main thread.
04-25 17:56:13.350 32118 32118 I Zygote  : Process 6356 exited due to signal (9)
04-25 17:56:13.362  6226  6280 I OpenGLRenderer: Davey! duration=2073ms; Flags=0, IntendedVsync=446335939351248, Vsync=446337989351166, OldestInputEvent=9223372036854775807, NewestInputEvent=0, HandleInputStart=446338001658520, AnimationStart=446338001694405, PerformTraversalsStart=446338001695499, DrawStart=446338004193156, SyncQueued=446338005543312, SyncStart=446338005671801, IssueDrawCommandsStart=446338006070864, SwapBuffers=446338010659719, FrameCompleted=446338012634511, DequeueBufferDuration=434000, QueueBufferDuration=928000, 
04-25 17:56:13.471  6226  6226 W Bitmap  : Called hasAlpha() on a recycle()'d bitmap! This is undefined behavior!
04-25 17:56:13.471  6226  6226 W Bitmap  : Called hasAlpha() on a recycle()'d bitmap! This is undefined behavior!
04-25 17:56:13.472  6226  6226 W MediaPlayer: mediaplayer went away with unhandled events
04-25 17:56:13.478 31964  6049 I ActivityManager: START u0 {flg=0x10120000 cmp=com.android.mediacenter/.ui.player.MediaPlayBackActivity (has extras)} from uid 10073
04-25 17:56:13.484   657   657 D QCOM PowerHAL: LAUNCH HINT: ON
04-25 17:56:13.485   657   657 D QCOM PowerHAL: Activity launch hint handled
04-25 17:56:13.520  6421  6421 I chatty  : uid=10073(com.android.mediacenter) expire 178 lines
04-25 17:56:13.660  6421  6482 I chatty  : uid=10073(com.android.mediacenter) expire 2 lines
04-25 17:56:13.672  6421  6472 I chatty  : uid=10073(com.android.mediacenter) expire 1 line
04-25 17:56:13.677  6226  6226 W Bitmap  : Called hasAlpha() on a recycle()'d bitmap! This is undefined behavior!
04-25 17:56:13.677  6226  6226 W Bitmap  : Called hasAlpha() on a recycle()'d bitmap! This is undefined behavior!
04-25 17:56:13.677  6226  6226 W MediaPlayer: mediaplayer went away with unhandled events
04-25 17:56:13.709  6421  6728 I chatty  : uid=10073(com.android.mediacenter) expire 6 lines
04-25 17:56:13.786   497   545 W SurfaceFlinger: Attempting to destroy on removed layer: AppWindowToken{2089a78 token=Token{60bfdb ActivityRecord{20460ea u0 com.estrongs.android.pop/.app.PopAudioPlayer t85}}}#0
04-25 17:56:13.790  6226  6355 W cr_ChildProcessConn: onServiceDisconnected (crash or killed by oom): pid=0
04-25 17:56:13.796  6226  6226 E ActivityThread: Activity com.estrongs.android.pop.view.FileExplorerActivity has leaked ServiceConnection com.estrongs.android.view.music.b$4@447eebe that was originally bound here
04-25 17:56:13.796  6226  6226 E ActivityThread: android.app.ServiceConnectionLeaked: Activity com.estrongs.android.pop.view.FileExplorerActivity has leaked ServiceConnection com.estrongs.android.view.music.b$4@447eebe that was originally bound here
04-25 17:56:13.796  6226  6226 E ActivityThread: 	at android.app.LoadedApk$ServiceDispatcher.<init>(LoadedApk.java:1610)
04-25 17:56:13.796  6226  6226 E ActivityThread: 	at android.app.LoadedApk.getServiceDispatcher(LoadedApk.java:1502)
04-25 17:56:13.796  6226  6226 E ActivityThread: 	at android.app.ContextImpl.bindServiceCommon(ContextImpl.java:1659)
04-25 17:56:13.796  6226  6226 E ActivityThread: 	at android.app.ContextImpl.bindService(ContextImpl.java:1612)
04-25 17:56:13.796  6226  6226 E ActivityThread: 	at android.content.ContextWrapper.bindService(ContextWrapper.java:698)
04-25 17:56:13.796  6226  6226 E ActivityThread: 	at com.estrongs.android.view.music.b.l(MusicPlayerManager.java:307)
04-25 17:56:13.796  6226  6226 E ActivityThread: 	at com.estrongs.android.view.music.b.k(MusicPlayerManager.java:68)
04-25 17:56:13.796  6226  6226 E ActivityThread: 	at com.estrongs.android.view.music.b.a(MusicPlayerManager.java:57)
04-25 17:56:13.796  6226  6226 E ActivityThread: 	at com.estrongs.android.view.music.a.i(MusicGridViewWrapper.java:99)
04-25 17:56:13.796  6226  6226 E ActivityThread: 	at com.estrongs.android.view.n.<init>(FileGridViewWrapper.java:558)
04-25 17:56:13.796  6226  6226 E ActivityThread: 	at com.estrongs.android.view.n.<init>(FileGridViewWrapper.java:539)
04-25 17:56:13.796  6226  6226 E ActivityThread: 	at com.estrongs.android.view.music.a.<init>(MusicGridViewWrapper.java:85)
04-25 17:56:13.796  6226  6226 E ActivityThread: 	at com.estrongs.android.pop.view.FileExplorerActivity.a(FileExplorerActivity.java:4210)
04-25 17:56:13.796  6226  6226 E ActivityThread: 	at com.estrongs.android.pop.view.FileExplorerActivity.a(FileExplorerActivity.java:3859)
04-25 17:56:13.796  6226  6226 E ActivityThread: 	at com.estrongs.android.pop.view.FileExplorerActivity.c(FileExplorerActivity.java:4470)
04-25 17:56:13.796  6226  6226 E ActivityThread: 	at com.estrongs.android.pop.view.FileExplorerActivity.a(FileExplorerActivity.java:3361)
04-25 17:56:13.796  6226  6226 E ActivityThread: 	at com.estrongs.android.pop.view.FileExplorerActivity.b(FileExplorerActivity.java:3800)
04-25 17:56:13.796  6226  6226 E ActivityThread: 	at com.estrongs.android.pop.view.FileExplorerActivity.c(FileExplorerActivity.java:3751)
04-25 17:56:13.796  6226  6226 E ActivityThread: 	at com.estrongs.android.pop.view.FileExplorerActivity.f(FileExplorerActivity.java:3747)
04-25 17:56:13.796  6226  6226 E ActivityThread: 	at com.estrongs.android.ui.topclassify.h$4.onClick(HomeFunctionEntry.java:570)
04-25 17:56:13.796  6226  6226 E ActivityThread: 	at android.view.View.performClick(View.java:6597)
04-25 17:56:13.796  6226  6226 E ActivityThread: 	at android.view.View.performClickInternal(View.java:6574)
04-25 17:56:13.796  6226  6226 E ActivityThread: 	at android.view.View.access$3100(View.java:778)
04-25 17:56:13.796  6226  6226 E ActivityThread: 	at android.view.View$PerformClick.run(View.java:25885)
04-25 17:56:13.796  6226  6226 E ActivityThread: 	at android.os.Handler.handleCallback(Handler.java:873)
04-25 17:56:13.796  6226  6226 E ActivityThread: 	at android.os.Handler.dispatchMessage(Handler.java:99)
04-25 17:56:13.796  6226  6226 E ActivityThread: 	at android.os.Looper.loop(Looper.java:193)
04-25 17:56:13.796  6226  6226 E ActivityThread: 	at android.app.ActivityThread.main(ActivityThread.java:6680)
04-25 17:56:13.796  6226  6226 E ActivityThread: 	at java.lang.reflect.Method.invoke(Native Method)
04-25 17:56:13.796  6226  6226 E ActivityThread: 	at com.android.internal.os.RuntimeInit$MethodAndArgsCaller.run(RuntimeInit.java:493)
04-25 17:56:13.796  6226  6226 E ActivityThread: 	at com.android.internal.os.ZygoteInit.main(ZygoteInit.java:858)
04-25 17:56:13.797 31964 32090 W ActivityManager: Unbind failed: could not find connection for android.os.BinderProxy@a8670ec
04-25 17:56:13.809  6421  6729 I chatty  : uid=10073(com.android.mediacenter) expire 6 lines
04-25 17:56:13.832  6421  6451 I chatty  : uid=10073(com.android.mediacenter) expire 1 line
04-25 17:56:13.840 31964 31987 I ActivityManager: Displayed com.android.mediacenter/.ui.player.MediaPlayBackActivity: +342ms
04-25 17:56:13.879   497  1942 W SurfaceFlinger: Attempting to set client state on removed layer: Surface(name=AppWindowToken{ea10f23 token=Token{532c052 ActivityRecord{74accdd u0 com.android.mediacenter/.ui.player.MediaPlayBackActivity t99}}})/@0xd6e6b11 - animation-leash#0
04-25 17:56:13.879   497  1942 W SurfaceFlinger: Attempting to set client state on removed layer: Surface(name=AppWindowToken{d4122e7 token=Token{d2378a6 ActivityRecord{f2ca201 u0 com.android.launcher3/.Launcher t71}}})/@0x466886e - animation-leash#0
04-25 17:56:13.879   497  1942 W SurfaceFlinger: Attempting to destroy on removed layer: Surface(name=AppWindowToken{ea10f23 token=Token{532c052 ActivityRecord{74accdd u0 com.android.mediacenter/.ui.player.MediaPlayBackActivity t99}}})/@0xd6e6b11 - animation-leash#0
04-25 17:56:13.879   497  1942 W SurfaceFlinger: Attempting to destroy on removed layer: Surface(name=AppWindowToken{d4122e7 token=Token{d2378a6 ActivityRecord{f2ca201 u0 com.android.launcher3/.Launcher t71}}})/@0x466886e - animation-leash#0
04-25 17:56:13.905  6421  6452 I chatty  : uid=10073(com.android.mediacenter) expire 3 lines
04-25 17:56:13.912 32137 32137 W ndroid.systemu: resources.arsc in APK '/data/app/com.estrongs.android.pop-V3EW63qJpeCRINkGufKBQw==/base.apk' is compressed.
04-25 17:56:13.925 31964 32090 I WifiService: releaseMulticastLock uid=10074
04-25 17:56:13.932   657   657 D QCOM PowerHAL: LAUNCH HINT: OFF
04-25 17:56:14.007   497   543 W SurfaceFlinger: Attempting to set client state on removed layer: Splash Screen com.android.mediacenter#0
04-25 17:56:14.007   497   543 W SurfaceFlinger: Attempting to destroy on removed layer: Splash Screen com.android.mediacenter#0
04-25 17:56:14.095 32137  6786 W System  : ClassLoader referenced unknown path: 
04-25 17:56:14.220  6421  6421 I chatty  : uid=10073(com.android.mediacenter) expire 196 lines
04-25 17:56:15.155 31964 31964 W WindowManager: removeWindowToken: Attempted to remove non-existing token: android.os.Binder@cc5005b
04-25 17:56:15.163  6421  6472 I chatty  : uid=10073(com.android.mediacenter) expire 37 lines
04-25 17:56:15.172  6421  6451 I chatty  : uid=10073(com.android.mediacenter) expire 3 lines
04-25 17:56:15.188  6421  6775 I chatty  : uid=10073(com.android.mediacenter) expire 1 line
04-25 17:56:15.224  6421  6475 I chatty  : uid=10073(com.android.mediacenter) expire 3 lines
04-25 17:56:15.254  6421  6728 I chatty  : uid=10073(com.android.mediacenter) expire 6 lines
04-25 17:56:15.255  6421  6486 I chatty  : uid=10073(com.android.mediacenter) expire 5 lines
04-25 17:56:15.275  6421  6453 I chatty  : uid=10073(com.android.mediacenter) expire 3 lines
04-25 17:56:15.360   637   637 W AshmemAllocator: ashmem_create_region(7680) returning hidl_memory(0x3100011c90, 7680)
04-25 17:56:15.365   637   637 W AshmemAllocator: ashmem_create_region(7680) returning hidl_memory(0x3100011d50, 7680)
04-25 17:56:15.368 31903  5351 W EffectHAL: Effect 0xed964ea0 command SET_CONFIG returned status: Invalid argument
04-25 17:56:15.372   637   637 W AshmemAllocator: ashmem_create_region(7680) returning hidl_memory(0x3100011e10, 7680)
04-25 17:56:15.376   637   637 W AshmemAllocator: ashmem_create_region(7680) returning hidl_memory(0x3100011ed0, 7680)
04-25 17:56:17.217  6421  6776 I chatty  : uid=10073(com.android.mediacenter) expire 1 line
04-25 17:56:17.778 31964  1845 I OpenGLRenderer: Initialized EGL, version 1.4
04-25 17:56:17.779 31964  1845 D OpenGLRenderer: Swap behavior 1
04-25 17:56:17.787  6421  6778 I chatty  : uid=10073(com.android.mediacenter) expire 1 line
04-25 17:56:18.356   665   665 E VibratorService: Setting amplitude  to: 1856
04-25 17:56:18.439 31964 32043 I WindowManager: Ignoring HOME; event canceled.
04-25 17:56:19.847 31964  6049 D WificondControl: Scan result ready event
04-25 17:56:19.869 31964 32055 D WificondScannerImpl: Filtering out 11 scan results.
04-25 17:56:20.517 31964  6049 I ActivityManager: START u0 {act=android.intent.action.MAIN cat=[android.intent.category.LAUNCHER] flg=0x10200000 cmp=com.android.mediacenter/.PageActivity bnds=[237,790][439,1072]} from uid 10024
04-25 17:56:20.530   657   657 D QCOM PowerHAL: LAUNCH HINT: ON
04-25 17:56:20.535   657   657 D QCOM PowerHAL: Activity launch hint handled
04-25 17:56:20.619  6421  6482 I chatty  : uid=10073(com.android.mediacenter) expire 43 lines
04-25 17:56:20.683 31964 32090 I ActivityManager: START u0 {cmp=com.android.mediacenter/.ui.secondary.SecondaryActivity (has extras)} from uid 10073
04-25 17:56:20.684 31964 32090 W ActivityManager: startActivity called from finishing ActivityRecord{a07ed3 u0 com.android.mediacenter/.PageActivity t100 f}; forcing Intent.FLAG_ACTIVITY_NEW_TASK for: Intent { cmp=com.android.mediacenter/.ui.secondary.SecondaryActivity (has extras) }
04-25 17:56:20.696   657   657 D QCOM PowerHAL: LAUNCH HINT: ON
04-25 17:56:20.710 31964 31974 I system_server: Background concurrent copying GC freed 187192(6MB) AllocSpace objects, 11(364KB) LOS objects, 42% free, 9MB/16MB, paused 206us total 149.388ms
04-25 17:56:20.734   497  1942 D SurfaceFlinger: duplicate layer name: changing Splash Screen com.android.mediacenter to Splash Screen com.android.mediacenter#1
04-25 17:56:20.768   497   543 D SurfaceFlinger: duplicate layer name: changing Surface(name=AppWindowToken{9810909 token=Token{52c7a10 ActivityRecord{a07ed3 u0 com.android.mediacenter/.PageActivity t100}}})/@0xba04bb1 - animation-leash to Surface(name=AppWindowToken{9810909 token=Token{52c7a10 ActivityRecord{a07ed3 u0 com.android.mediacenter/.PageActivity t100}}})/@0xba04bb1 - animation-leash#1
04-25 17:56:20.782   497  1220 W SurfaceFlinger: Attempting to set client state on removed layer: Surface(name=AppWindowToken{9810909 token=Token{52c7a10 ActivityRecord{a07ed3 u0 com.android.mediacenter/.PageActivity t100}}})/@0xba04bb1 - animation-leash#0
04-25 17:56:20.782   497  1220 W SurfaceFlinger: Attempting to destroy on removed layer: Surface(name=AppWindowToken{9810909 token=Token{52c7a10 ActivityRecord{a07ed3 u0 com.android.mediacenter/.PageActivity t100}}})/@0xba04bb1 - animation-leash#0
04-25 17:56:21.067  6421  6421 I chatty  : uid=10073(com.android.mediacenter) expire 181 lines
04-25 17:56:21.076  6421  6802 I chatty  : uid=10073(com.android.mediacenter) expire 41 lines
04-25 17:56:21.141   497   535 W SurfaceFlinger: Attempting to set client state on removed layer: Surface(name=AppWindowToken{d4122e7 token=Token{d2378a6 ActivityRecord{f2ca201 u0 com.android.launcher3/.Launcher t71}}})/@0x466886e - animation-leash#0
04-25 17:56:21.141   497   535 W SurfaceFlinger: Attempting to destroy on removed layer: Surface(name=AppWindowToken{d4122e7 token=Token{d2378a6 ActivityRecord{f2ca201 u0 com.android.launcher3/.Launcher t71}}})/@0x466886e - animation-leash#0
04-25 17:56:21.328  6421  6452 I chatty  : uid=10073(com.android.mediacenter) expire 1 line
04-25 17:56:21.385   497  1220 W SurfaceFlinger: Attempting to set client state on removed layer: Splash Screen com.android.mediacenter#0
04-25 17:56:21.385   497  1220 W SurfaceFlinger: Attempting to destroy on removed layer: Splash Screen com.android.mediacenter#0
04-25 17:56:21.519  6421  6453 I chatty  : uid=10073(com.android.mediacenter) expire 1 line
04-25 17:56:21.616 31964 31987 I ActivityManager: Displayed com.android.mediacenter/.ui.secondary.SecondaryActivity: +892ms (total +1s61ms)
04-25 17:56:21.646   657   657 D QCOM PowerHAL: LAUNCH HINT: OFF
04-25 17:56:21.788   497   535 W SurfaceFlinger: Attempting to set client state on removed layer: Splash Screen com.android.mediacenter#1
04-25 17:56:21.788   497   535 W SurfaceFlinger: Attempting to destroy on removed layer: Splash Screen com.android.mediacenter#1
04-25 17:56:22.573 31964 31975 I ActivityManager: START u0 {flg=0x10000000 cmp=com.android.mediacenter/com.huawei.updatesdk.service.otaupdate.AppUpdateActivity (has extras)} from uid 10073
04-25 17:56:22.580   657   657 D QCOM PowerHAL: LAUNCH HINT: ON
04-25 17:56:22.581   657   657 D QCOM PowerHAL: Activity launch hint handled
04-25 17:56:22.737   497   543 D SurfaceFlinger: duplicate layer name: changing com.android.mediacenter/com.huawei.updatesdk.service.otaupdate.AppUpdateActivity to com.android.mediacenter/com.huawei.updatesdk.service.otaupdate.AppUpdateActivity#1
04-25 17:56:22.829 31964 31987 I ActivityManager: Displayed com.android.mediacenter/com.huawei.updatesdk.service.otaupdate.AppUpdateActivity: +212ms
04-25 17:56:22.834   657   657 D QCOM PowerHAL: LAUNCH HINT: OFF
04-25 17:56:24.427  6421  6421 I chatty  : uid=10073(com.android.mediacenter) expire 219 lines
04-25 17:56:24.430  6421  6451 I chatty  : uid=10073(com.android.mediacenter) expire 1 line
04-25 17:56:24.431  6421  6482 I chatty  : uid=10073(com.android.mediacenter) expire 31 lines
04-25 17:56:24.439  6421  6802 I chatty  : uid=10073(com.android.mediacenter) expire 6 lines
04-25 17:56:24.592   497  1942 W SurfaceFlinger: Attempting to set client state on removed layer: com.android.mediacenter/com.huawei.updatesdk.service.otaupdate.AppUpdateActivity#0
04-25 17:56:24.592   497  1942 W SurfaceFlinger: Attempting to destroy on removed layer: com.android.mediacenter/com.huawei.updatesdk.service.otaupdate.AppUpdateActivity#0
04-25 17:56:24.660   497   535 W SurfaceFlinger: Attempting to set client state on removed layer: com.android.mediacenter/com.huawei.updatesdk.service.otaupdate.AppUpdateActivity#1
04-25 17:56:24.660   497   535 W SurfaceFlinger: Attempting to destroy on removed layer: com.android.mediacenter/com.huawei.updatesdk.service.otaupdate.AppUpdateActivity#1
04-25 17:56:25.966 31964 31975 I ActivityManager: START u0 {flg=0x10000000 cmp=com.android.mediacenter/.content.ui.local.AllSongsTabActivity (has extras)} from uid 10073
04-25 17:56:25.974   657   657 D QCOM PowerHAL: LAUNCH HINT: ON
04-25 17:56:25.976   657   657 D QCOM PowerHAL: Activity launch hint handled
04-25 17:56:26.330  6421  6486 I chatty  : uid=10073(com.android.mediacenter) expire 2 lines
04-25 17:56:26.545  6421  6819 I chatty  : uid=10073(com.android.mediacenter) expire 3 lines
04-25 17:56:26.546  6421  6821 I chatty  : uid=10073(com.android.mediacenter) expire 2 lines
04-25 17:56:26.599 31964 31987 I ActivityManager: Displayed com.android.mediacenter/.content.ui.local.AllSongsTabActivity: +601ms
04-25 17:56:26.639   657   657 D QCOM PowerHAL: LAUNCH HINT: OFF
04-25 17:56:28.204 31964  6049 I ActivityManager: START u0 {cmp=com.android.mediacenter/.ui.secondary.SecondaryActivity (has extras)} from uid 10073
04-25 17:56:28.209   657   657 D QCOM PowerHAL: LAUNCH HINT: ON
04-25 17:56:28.209   657   657 D QCOM PowerHAL: Activity launch hint handled
04-25 17:56:28.333  6421  6421 I chatty  : uid=10073(com.android.mediacenter) expire 221 lines
04-25 17:56:28.475  6421  6486 I chatty  : uid=10073(com.android.mediacenter) expire 9 lines
04-25 17:56:28.559 31964 31987 I ActivityManager: Displayed com.android.mediacenter/.ui.secondary.SecondaryActivity: +330ms
04-25 17:56:28.573   657   657 D QCOM PowerHAL: LAUNCH HINT: OFF
04-25 17:56:28.576 32091 32091 I LatinIME: Starting input. Cursor position = 0,0
04-25 17:56:29.756  6421  6802 I chatty  : uid=10073(com.android.mediacenter) expire 10 lines
04-25 17:56:29.768  6421  6482 I chatty  : uid=10073(com.android.mediacenter) expire 11 lines
04-25 17:56:29.778  6421  6829 I chatty  : uid=10073(com.android.mediacenter) expire 6 lines
04-25 17:56:29.799  6421  6831 I chatty  : uid=10073(com.android.mediacenter) expire 3 lines
04-25 17:56:29.800  6421  6833 I chatty  : uid=10073(com.android.mediacenter) expire 2 lines
04-25 17:56:30.315  6421  6421 I chatty  : uid=10073(com.android.mediacenter) expire 85 lines
04-25 17:56:30.866 31964 32090 I ActivityManager: START u0 {flg=0x20000 cmp=com.android.mediacenter/.content.ui.local.scanmusic.ScanMusicDialogActivity} from uid 10073
04-25 17:56:30.870   657   657 D QCOM PowerHAL: LAUNCH HINT: ON
04-25 17:56:30.873   657   657 D QCOM PowerHAL: Activity launch hint handled
04-25 17:56:30.943  6421  6451 I chatty  : uid=10073(com.android.mediacenter) expire 51 lines
04-25 17:56:31.001   657   657 D QCOM PowerHAL: LAUNCH HINT: OFF
04-25 17:56:31.011 31964 31987 I ActivityManager: Displayed com.android.mediacenter/.content.ui.local.scanmusic.ScanMusicDialogActivity: +117ms
04-25 17:56:31.464  6421  6452 I chatty  : uid=10073(com.android.mediacenter) expire 4 lines
04-25 17:56:31.477  6421  6802 I chatty  : uid=10073(com.android.mediacenter) expire 21 lines
04-25 17:56:32.321  6421  6829 I chatty  : uid=10073(com.android.mediacenter) expire 8 lines
04-25 17:56:32.325  6421  6482 I chatty  : uid=10073(com.android.mediacenter) expire 6 lines
04-25 17:56:32.333  6421  6486 I chatty  : uid=10073(com.android.mediacenter) expire 7 lines
04-25 17:56:33.120   665   665 E VibratorService: Setting amplitude  to: 1856
04-25 17:56:33.197 31964 31985 D AutofillManagerService: Close system dialogs
04-25 17:56:33.200 32137 32137 V StatusBar: mStatusBarWindow: com.android.systemui.statusbar.phone.StatusBarWindowView{1cc6646 V.ED..... ........ 0,0-1080,63} canPanelBeCollapsed(): false
04-25 17:56:33.201 32137 32137 I vol.Events: writeEvent dismiss_dialog volume_controller
04-25 17:56:33.209 31964 32557 I ActivityManager: START u0 {act=android.intent.action.MAIN cat=[android.intent.category.HOME] flg=0x10000000 cmp=com.android.launcher3/.Launcher (has extras)} from uid 10024
04-25 17:56:33.210   657   657 D QCOM PowerHAL: LAUNCH HINT: ON
04-25 17:56:33.211   657   657 D QCOM PowerHAL: Activity launch hint handled
04-25 17:56:33.274   657   657 D QCOM PowerHAL: LAUNCH HINT: OFF
04-25 17:56:33.418 32137 32161 I ndroid.systemu: NativeAlloc concurrent copying GC freed 6747(312KB) AllocSpace objects, 0(0B) LOS objects, 49% free, 4MB/8MB, paused 134us total 104.739ms
04-25 17:56:33.556   497   535 W SurfaceFlinger: Attempting to set client state on removed layer: com.android.mediacenter/com.android.mediacenter.content.ui.local.AllSongsTabActivity#0
04-25 17:56:33.556   497   535 W SurfaceFlinger: Attempting to destroy on removed layer: com.android.mediacenter/com.android.mediacenter.content.ui.local.AllSongsTabActivity#0
04-25 17:56:33.559   497   543 W SurfaceFlinger: Attempting to set client state on removed layer: com.android.mediacenter/com.android.mediacenter.content.ui.local.AllSongsTabActivity#0
04-25 17:56:33.559   497   543 W SurfaceFlinger: Attempting to destroy on removed layer: com.android.mediacenter/com.android.mediacenter.content.ui.local.AllSongsTabActivity#0
04-25 17:56:33.559   497   535 W SurfaceFlinger: Attempting to set client state on removed layer: Surface(name=AppWindowToken{d4122e7 token=Token{d2378a6 ActivityRecord{f2ca201 u0 com.android.launcher3/.Launcher t71}}})/@0x466886e - animation-leash#0
04-25 17:56:33.560   497   535 W SurfaceFlinger: Attempting to set client state on removed layer: Surface(name=AppWindowToken{be794cb token=Token{51eb39a ActivityRecord{6bce045 u0 com.android.mediacenter/.content.ui.local.AllSongsTabActivity t101}}})/@0x45c7b52 - animation-leash#0
04-25 17:56:33.560   497   535 W SurfaceFlinger: Attempting to destroy on removed layer: Surface(name=AppWindowToken{d4122e7 token=Token{d2378a6 ActivityRecord{f2ca201 u0 com.android.launcher3/.Launcher t71}}})/@0x466886e - animation-leash#0
04-25 17:56:33.560   497   535 W SurfaceFlinger: Attempting to destroy on removed layer: Surface(name=AppWindowToken{be794cb token=Token{51eb39a ActivityRecord{6bce045 u0 com.android.mediacenter/.content.ui.local.AllSongsTabActivity t101}}})/@0x45c7b52 - animation-leash#0
04-25 17:56:33.580 31964  1845 I OpenGLRenderer: Initialized EGL, version 1.4
04-25 17:56:33.580 31964  1845 D OpenGLRenderer: Swap behavior 1
04-25 17:56:34.698 32137 32137 V DeadZone: consuming errant click: (708.0,2.0)
04-25 17:56:34.700 32137 32137 V DeadZone: consuming errant click: (708.0,2.0)
04-25 17:56:37.715 31964  6839 I ActivityManager: START u0 {act=android.intent.action.MAIN cat=[android.intent.category.LAUNCHER] flg=0x10200000 cmp=com.estrongs.android.pop/.app.openscreenad.NewSplashActivity bnds=[843,790][1045,1072]} from uid 10024
04-25 17:56:37.729   657   657 D QCOM PowerHAL: LAUNCH HINT: ON
04-25 17:56:37.731   657   657 D QCOM PowerHAL: Activity launch hint handled
04-25 17:56:37.745  6226  6226 W ActivityThread: handleWindowVisibility: no activity for token android.os.BinderProxy@334d929
04-25 17:56:37.902 31964  6049 I ActivityManager: START u0 {cmp=com.estrongs.android.pop/.view.FileExplorerActivity (has extras)} from uid 10074
04-25 17:56:37.906   657   657 D QCOM PowerHAL: LAUNCH HINT: ON
04-25 17:56:37.927 31964 31974 I system_server: NativeAlloc concurrent copying GC freed 57184(2MB) AllocSpace objects, 16(768KB) LOS objects, 42% free, 9MB/15MB, paused 222us total 126.785ms
04-25 17:56:37.970  6226  6226 W ActivityThread: handleWindowVisibility: no activity for token android.os.BinderProxy@d84b55
04-25 17:56:38.015  6226  6226 I FloatingActionButton: Setting a custom background is not supported.
04-25 17:56:38.113  6226  6226 E test    : onScrollChanged!
04-25 17:56:38.147 31964 31987 I ActivityManager: Displayed com.estrongs.android.pop/.view.FileExplorerActivity: +196ms (total +398ms)
04-25 17:56:38.205  6226  6845 W System.err: java.io.FileNotFoundException: http://www.estrongs.com/console/service/sample/index.php?source=ESF&country=cn&unique_id=9JuYzK%2BpMCmX6xWOlxFeyA==
04-25 17:56:38.206  6226  6845 W System.err: 	at com.android.okhttp.internal.huc.HttpURLConnectionImpl.getInputStream(HttpURLConnectionImpl.java:251)
04-25 17:56:38.206  6226  6845 W System.err: 	at com.estrongs.android.util.aa.l(HttpDownloader.java:300)
04-25 17:56:38.206  6226  6845 W System.err: 	at com.estrongs.android.util.aa.a(HttpDownloader.java:22)
04-25 17:56:38.206  6226  6845 W System.err: 	at com.estrongs.android.util.aa$1.run(HttpDownloader.java:121)
04-25 17:56:38.334   497  1942 W SurfaceFlinger: Attempting to set client state on removed layer: Splash Screen com.estrongs.android.pop#0
04-25 17:56:38.334   497  1942 W SurfaceFlinger: Attempting to destroy on removed layer: Splash Screen com.estrongs.android.pop#0
04-25 17:56:38.501  6226  6865 W System.err: android.content.pm.PackageManager$NameNotFoundException: Music
04-25 17:56:38.501  6226  6865 W System.err: 	at android.app.ApplicationPackageManager.getPackageInfoAsUser(ApplicationPackageManager.java:181)
04-25 17:56:38.501  6226  6865 W System.err: 	at android.app.ApplicationPackageManager.getPackageInfo(ApplicationPackageManager.java:152)
04-25 17:56:38.502  6226  6865 W System.err: 	at com.estrongs.android.pop.app.log.q$5.a(LogManager.java:156)
04-25 17:56:38.502  6226  6865 W System.err: 	at es.aen$a.a(LogReader.java:555)
04-25 17:56:38.502  6226  6865 W System.err: 	at es.aen$a.call(LogReader.java:509)
04-25 17:56:38.502  6226  6865 W System.err: 	at java.util.concurrent.FutureTask.run(FutureTask.java:266)
04-25 17:56:38.502  6226  6865 W System.err: 	at java.util.concurrent.ThreadPoolExecutor.runWorker(ThreadPoolExecutor.java:1167)
04-25 17:56:38.502  6226  6865 W System.err: 	at java.util.concurrent.ThreadPoolExecutor$Worker.run(ThreadPoolExecutor.java:641)
04-25 17:56:38.502  6226  6865 W System.err: 	at java.lang.Thread.run(Thread.java:764)
04-25 17:56:38.505  6226  6866 W System.err: android.content.pm.PackageManager$NameNotFoundException: Music
04-25 17:56:38.505  6226  6866 W System.err: 	at android.app.ApplicationPackageManager.getPackageInfoAsUser(ApplicationPackageManager.java:181)
04-25 17:56:38.505  6226  6866 W System.err: 	at android.app.ApplicationPackageManager.getPackageInfo(ApplicationPackageManager.java:152)
04-25 17:56:38.505  6226  6866 W System.err: 	at com.estrongs.android.pop.app.log.q$5.a(LogManager.java:156)
04-25 17:56:38.505  6226  6866 W System.err: 	at es.aen$a.a(LogReader.java:555)
04-25 17:56:38.505  6226  6866 W System.err: 	at es.aen$a.call(LogReader.java:509)
04-25 17:56:38.505  6226  6866 W System.err: 	at java.util.concurrent.FutureTask.run(FutureTask.java:266)
04-25 17:56:38.505  6226  6866 W System.err: 	at java.util.concurrent.ThreadPoolExecutor.runWorker(ThreadPoolExecutor.java:1167)
04-25 17:56:38.505  6226  6866 W System.err: 	at java.util.concurrent.ThreadPoolExecutor$Worker.run(ThreadPoolExecutor.java:641)
04-25 17:56:38.505  6226  6866 W System.err: 	at java.lang.Thread.run(Thread.java:764)
04-25 17:56:38.536 31964 32351 I WifiService: acquireMulticastLock uid=10074
04-25 17:56:38.669   657   657 D QCOM PowerHAL: LAUNCH HINT: OFF
04-25 17:56:39.085  6226  6847 W System.err: java.io.FileNotFoundException: http://conf.international.baidu.com/index.php/Sample/getConf?source=ESF&country=cn&unique_id=9JuYzK%2BpMCmX6xWOlxFeyA==
04-25 17:56:39.085  6226  6847 W System.err: 	at com.android.okhttp.internal.huc.HttpURLConnectionImpl.getInputStream(HttpURLConnectionImpl.java:251)
04-25 17:56:39.085  6226  6847 W System.err: 	at com.estrongs.android.util.aa.l(HttpDownloader.java:300)
04-25 17:56:39.085  6226  6847 W System.err: 	at com.estrongs.android.util.aa.a(HttpDownloader.java:22)
04-25 17:56:39.085  6226  6847 W System.err: 	at com.estrongs.android.util.aa$1.run(HttpDownloader.java:121)
04-25 17:56:40.860 31964 32351 I ActivityManager: START u0 {act=android.intent.action.VIEW dat=content://com.estrongs.files/storage/emulated/0/Music/ape/13.ape typ=audio/x-ape flg=0x4000003 cmp=com.android.mediacenter/.ui.player.oneshot.MediaPlaybackActivityStarter (has extras)} from uid 10074
04-25 17:56:40.864   657   657 D QCOM PowerHAL: LAUNCH HINT: ON
04-25 17:56:40.867   657   657 D QCOM PowerHAL: Activity launch hint handled
04-25 17:56:40.883  6421  6421 I chatty  : uid=10073(com.android.mediacenter) expire 46 lines
04-25 17:56:40.964  6421  6472 I chatty  : uid=10073(com.android.mediacenter) expire 72 lines
04-25 17:56:40.965 31964  6049 I ActivityManager: START u0 {flg=0x10020000 cmp=com.android.mediacenter/.ui.player.MediaPlayBackActivity (has extras)} from uid 10073
04-25 17:56:40.966 31964  6049 W ActivityManager: Activity is launching as a new task, so cancelling activity result.
04-25 17:56:40.971   657   657 D QCOM PowerHAL: LAUNCH HINT: ON
04-25 17:56:40.995 31964 32020 W WindowManager: TaskSnapshotSurface.create: Failed to find main window for token=AppWindowToken{e23fed5 token=Token{985b78c ActivityRecord{16eaade u0 com.android.mediacenter/.ui.player.MediaPlayBackActivity t101}}}
04-25 17:56:41.015 32545 32586 W droid.launcher: resources.arsc in APK '/data/app/com.estrongs.android.pop-V3EW63qJpeCRINkGufKBQw==/base.apk' is compressed.
04-25 17:56:41.042 31900  1136 D NuPlayerDriver: reset(0xc7c1dc80) at state 2
04-25 17:56:41.044 31900  1136 D NuPlayerDriver: notifyListener_l(0xc7c1dc80), (8, 0, 0, -1), loop setting(0, 0)
04-25 17:56:41.047 31900  6734 D NuPlayerDriver: notifyResetComplete(0xc7c1dc80)
04-25 17:56:41.048 31900  1136 D NuPlayerDriver: reset(0xc7c1dc80) at state 0
04-25 17:56:41.055 31900  1137 D NuPlayerDriver: NuPlayerDriver(0xc7c28480) created, clientPid(6421)
04-25 17:56:41.069 31900  6879 D GenericSource: FileSource remote
04-25 17:56:41.073 31900  6879 E GenericSource: initFromDataSource, cannot create extractor!
04-25 17:56:41.073 31900  6879 E GenericSource: Failed to init from data source!
04-25 17:56:41.073 31900  6878 D NuPlayerDriver: notifyListener_l(0xc7c28480), (100, 1, -2147483648, -1), loop setting(0, 0)
04-25 17:56:41.073  6421  6608 I chatty  : uid=10073(com.android.mediacenter) expire 1 line
04-25 17:56:41.094  6421  6472 I chatty  : uid=10073(com.android.mediacenter) expire 19 lines
04-25 17:56:41.095  6421  6421 I chatty  : uid=10073(com.android.mediacenter) expire 221 lines
04-25 17:56:41.120  6421  6451 I chatty  : uid=10073(com.android.mediacenter) expire 2 lines
04-25 17:56:41.221  6421  6829 I chatty  : uid=10073(com.android.mediacenter) expire 2 lines
04-25 17:56:41.254  6421  6729 I chatty  : uid=10073(com.android.mediacenter) expire 6 lines
04-25 17:56:41.351  6421  6728 I chatty  : uid=10073(com.android.mediacenter) expire 6 lines
04-25 17:56:41.377  6421  6421 I chatty  : uid=10073(com.android.mediacenter) expire 244 lines
04-25 17:56:41.378  6421  6475 I chatty  : uid=10073(com.android.mediacenter) expire 1 line
04-25 17:56:41.389 31964 32351 I NotificationService: cancelToast pkg=com.android.mediacenter callback=android.app.ITransientNotification$Stub$Proxy@1e5cc84
04-25 17:56:41.389 31964 32351 W NotificationService: Toast already cancelled. pkg=com.android.mediacenter callback=android.app.ITransientNotification$Stub$Proxy@1e5cc84
04-25 17:56:41.391 31964 31987 I ActivityManager: Displayed com.android.mediacenter/.ui.player.MediaPlayBackActivity: +372ms (total +499ms)
04-25 17:56:41.487  6421  6451 I chatty  : uid=10073(com.android.mediacenter) expire 1 line
04-25 17:56:41.488  6421  6453 I chatty  : uid=10073(com.android.mediacenter) expire 1 line
04-25 17:56:41.527   657   657 D QCOM PowerHAL: LAUNCH HINT: OFF
04-25 17:56:41.826  6226  6718 E SQLiteDatabase: Error inserting isNomedia=0 path=/storage/emulated/0/Music/ape/ isLogPath=1 groupType=0 timecreated=0 timeaccess=0 lastmodified=1556185935000 name=ape pid=11 _id=424 pathtype=0
04-25 17:56:41.826  6226  6718 E SQLiteDatabase: android.database.sqlite.SQLiteConstraintException: UNIQUE constraint failed: directory.path (code 2067 SQLITE_CONSTRAINT_UNIQUE)
04-25 17:56:41.826  6226  6718 E SQLiteDatabase: 	at android.database.sqlite.SQLiteConnection.nativeExecuteForLastInsertedRowId(Native Method)
04-25 17:56:41.826  6226  6718 E SQLiteDatabase: 	at android.database.sqlite.SQLiteConnection.executeForLastInsertedRowId(SQLiteConnection.java:796)
04-25 17:56:41.826  6226  6718 E SQLiteDatabase: 	at android.database.sqlite.SQLiteSession.executeForLastInsertedRowId(SQLiteSession.java:788)
04-25 17:56:41.826  6226  6718 E SQLiteDatabase: 	at android.database.sqlite.SQLiteStatement.executeInsert(SQLiteStatement.java:86)
04-25 17:56:41.826  6226  6718 E SQLiteDatabase: 	at android.database.sqlite.SQLiteDatabase.insertWithOnConflict(SQLiteDatabase.java:1564)
04-25 17:56:41.826  6226  6718 E SQLiteDatabase: 	at android.database.sqlite.SQLiteDatabase.insert(SQLiteDatabase.java:1433)
04-25 17:56:41.826  6226  6718 E SQLiteDatabase: 	at es.aeh$5.a(DbHelper.java:649)
04-25 17:56:41.826  6226  6718 E SQLiteDatabase: 	at es.aeh.a(DbHelper.java:527)
04-25 17:56:41.826  6226  6718 E SQLiteDatabase: 	at es.aeh.a(DbHelper.java:666)
04-25 17:56:41.826  6226  6718 E SQLiteDatabase: 	at es.aei$c.run(DirStore.java:366)
04-25 17:56:41.826  6226  6718 E SQLiteDatabase: 	at java.util.concurrent.ThreadPoolExecutor.runWorker(ThreadPoolExecutor.java:1167)
04-25 17:56:41.826  6226  6718 E SQLiteDatabase: 	at java.util.concurrent.ThreadPoolExecutor$Worker.run(ThreadPoolExecutor.java:641)
04-25 17:56:41.826  6226  6718 E SQLiteDatabase: 	at java.lang.Thread.run(Thread.java:764)
04-25 17:56:41.991  6421  6450 I chatty  : uid=10073(com.android.mediacenter) expire 1 line
04-25 17:56:42.597   665   665 E VibratorService: Setting amplitude  to: 1856
04-25 17:56:42.699 31964 31985 D AutofillManagerService: Close system dialogs
04-25 17:56:42.708 32137 32137 I vol.Events: writeEvent dismiss_dialog volume_controller
04-25 17:56:42.708 32137 32137 V StatusBar: mStatusBarWindow: com.android.systemui.statusbar.phone.StatusBarWindowView{1cc6646 V.ED..... ........ 0,0-1080,63} canPanelBeCollapsed(): false
04-25 17:56:42.711 31964  6839 I ActivityManager: START u0 {act=android.intent.action.MAIN cat=[android.intent.category.HOME] flg=0x10000000 cmp=com.android.launcher3/.Launcher (has extras)} from uid 10024
04-25 17:56:42.713   657   657 D QCOM PowerHAL: LAUNCH HINT: ON
04-25 17:56:42.716   657   657 D QCOM PowerHAL: Activity launch hint handled
04-25 17:56:42.792   657   657 D QCOM PowerHAL: LAUNCH HINT: OFF
04-25 17:56:43.031   497   543 W SurfaceFlinger: Attempting to set client state on removed layer: com.android.mediacenter/com.android.mediacenter.ui.player.MediaPlayBackActivity#0
04-25 17:56:43.031   497   543 W SurfaceFlinger: Attempting to destroy on removed layer: com.android.mediacenter/com.android.mediacenter.ui.player.MediaPlayBackActivity#0
04-25 17:56:43.060 31964  1845 I OpenGLRenderer: Initialized EGL, version 1.4
04-25 17:56:43.060 31964  1845 D OpenGLRenderer: Swap behavior 1
